******************************************************************************
                  TI ARM Linker PC v20.2.7                     
******************************************************************************
>> Linked Mon Nov 27 04:11:31 2023

OUTPUT FILE NAME:   <udpecho_MSP_EXP432E401Y_tirtos_ccs.out>
ENTRY POINT SYMBOL: "_c_int00"  address: 0001aa2d


MEMORY CONFIGURATION

         name            origin    length      used     unused   attr    fill
----------------------  --------  ---------  --------  --------  ----  --------
  FLASH                 00000000   00100000  000236aa  000dc956  R  X
  SRAM                  20000000   00040000  0003d34e  00002cb2  RW X


SEGMENT ALLOCATION MAP

run origin  load origin   length   init length attrs members
----------  ----------- ---------- ----------- ----- -------
00000000    00000000    000236b0   000236b0    r-x
  00000000    00000000    0000003c   0000003c    r-- .resetVecs
  00000040    00000040    000210d2   000210d2    r-x .text
  00021114    00021114    0000170c   0000170c    r-- .const
  00022820    00022820    00000e90   00000e90    r-- .cinit
20000360    20000360    00020000   00000000    r--
  20000360    20000360    00020000   00000000    r-- .priheap
20020360    20020360    000112c2   00000000    rw-
  20020360    20020360    000112c2   00000000    rw- .data
20031800    20031800    0000b92c   00000000    rw-
  20031800    20031800    0000b92c   00000000    rw- .bss
2003fc00    2003fc00    00000400   00000000    rw-
  2003fc00    2003fc00    00000400   00000000    rw- .stack


SECTION ALLOCATION MAP

 output                                  attributes/
section   page    origin      length       input sections
--------  ----  ----------  ----------   ----------------
.text      0    00000040    000210d2     
                  00000040    00000d0c     stk.aem4f : tcpin.oem4f (.text:TcpInput)
                  00000d4c    00000b5a     globals.obj (.text:GlobalConfig)
                  000018a6    00000002     ti_drivers_config.obj (.text:Board_initHook)
                  000018a8    00000a4e     rtsv7M4_T_le_v4SPD16_eabi.lib : _printfi.c.obj (.text:__TI_printfi)
                  000022f6    00000002     stk.aem4f : nat.oem4f (.text:NatMsg)
                  000022f8    0000090c               : tcpout.oem4f (.text:TcpOutput)
                  00002c04    0000067c     commands.obj (.text:RegCMD)
                  00003280    000004f0     slnetifndk_msp432e4.aem4f : slnetifndk.oem4f (.text:SlNetIfNDK_getSockOpt)
                  00003770    0000048c     stk.aem4f : ipout.oem4f (.text:IPTxPacket)
                  00003bfc    00000004     drivers_msp432e4.aem4f : ADCBufMSP432E4.oem4f (.text:ADCBufMSP432E4_getResolution)
                  00003c00    00000468     sysbios.aem4f : BIOS.obj (.text:xdc_runtime_System_doPrint__I)
                  00004068    000003c8     commands.obj (.text:TickerCMD)
                  00004430    000003a0     stk.aem4f : ipin.oem4f (.text:IPRxPacket)
                  000047d0    00000396     nettool_ipv4.aem4f : dnscomn.oem4f (.text:DNSResolveByName)
                  00004b66    00000002     drivers_msp432e4.aem4f : TimerMSP432E4.oem4f (.text:TimerMSP432E4_init)
                  00004b68    00000350     slnetsock_release.a : slnetutils.oem4f (.text:SlNetUtil_getAddrInfo)
                  00004eb8    0000031c     BuffersQueues.obj (.text:ParseBuf)
                  000051d4    0000030a     nettool_ipv4.aem4f : dnscomn.oem4f (.text:DNSResolveByAddr)
                  000054de    00000002     drivers_msp432e4.aem4f : UARTMSP432E4.oem4f (.text:UARTMSP432E4_init)
                  000054e0    000002f0                            : UARTMSP432E4.oem4f (.text:UARTMSP432E4_open)
                  000057d0    000002ec     slnetifndk_msp432e4.aem4f : slnetifndk.oem4f (.text:SlNetIfNDK_setSockOpt)
                  00005abc    000002ea     nettool_ipv4.aem4f : dnscomn.oem4f (.text:DNSResolveByNS)
                  00005da6    00000002     hal_ser_stub.aem4f : llserstb.oem4f (.text:_llSerialServiceCheck)
                  00005da8    000002b8     udpEcho.obj (.text:UDPrxFxn)
                  00006060    000002ac     stk.aem4f : sock.oem4f (.text:SockSet)
                  0000630c    000002a4     commands.obj (.text:ScriptCMD)
                  000065b0    000002a0     sysbios.aem4f : BIOS.obj (.text:ti_sysbios_family_arm_msp432e4_init_Boot_sysCtlClockFreqSetI__I)
                  00006850    0000029c     commands.obj (.text:condCMD)
                  00006aec    0000027c     commands.obj (.text:CallbackCMD)
                  00006d68    00000278     udpEchoHooks.obj (.text:netIPAddrHook)
                  00006fe0    00000278     commands.obj (.text:sineCMD)
                  00007258    00000274     stk.aem4f : icmpin.oem4f (.text:ICMPInput)
                  000074cc    00000270     rtsv7M4_T_le_v4SPD16_eabi.lib : _printfi.c.obj (.text:_pconv_a)
                  0000773c    0000025e     stk.aem4f : fileuser.oem4f (.text:fdPoll)
                  0000799a    00000002     hal_ser_stub.aem4f : llserstb.oem4f (.text:_llSerialShutdown)
                  0000799c    0000025c     stk.aem4f : ipfrag.oem4f (.text:IPReasm)
                  00007bf8    00000244     Infrastructure.obj (.text:InitializeDrivers)
                  00007e3c    0000023c     udpEcho.obj (.text:Dial)
                  00008078    0000023a     msp432e4_driverlib.a : gpio.o (.text:GPIOPadConfigSet)
                  000082b2    00000002     hal_userled_stub.aem4f : llled.oem4f (.text:_llUserLedInit)
                  000082b4    00000238     GPIO.obj (.text:GPIOCMD)
                  000084ec    00000230     stk.aem4f : udp.oem4f (.text:UdpInput)
                  0000871c    00000228     udpEcho.obj (.text:UDPtxFxn)
                  00008944    00000224     commands.obj (.text:StreamCMD)
                  00008b68    00000218     netctrl_min_ipv4.aem4f : netctrl.oem4f (.text:NC_NetStart)
                  00008d80    00000218     slnetifndk_msp432e4.aem4f : slnetifndk.oem4f (.text:SlNetIfNDK_recvFrom)
                  00008f98    00000214     drivers_msp432e4.aem4f : ADCBufMSP432E4.oem4f (.text:ADCBufMSP432E4_open)
                  000091ac    00000200     slnetifndk_msp432e4.aem4f : slnetifndk.oem4f (.text:SlNetIfNDK_sendTo)
                  000093ac    000001fc     drivers_msp432e4.aem4f : SPIMSP432E4DMA.oem4f (.text:SPIMSP432E4DMA_transfer)
                  000095a8    000001f8     stk.aem4f : sock.oem4f (.text:SockGet)
                  000097a0    000001ec     slnetifndk_msp432e4.aem4f : slnetifndk.oem4f (.text:SlNetIfNDK_accept)
                  0000998c    000001ec     stk.aem4f : sock.oem4f (.text:SockRecv)
                  00009b78    000001ea     nettool_ipv4.aem4f : dnspkt.oem4f (.text:DNSGetReply)
                  00009d62    00000002     hal_userled_stub.aem4f : llled.oem4f (.text:_llUserLedShutdown)
                  00009d64    000001d0     stk.aem4f : lliin.oem4f (.text:LLIRxPacket)
                  00009f34    000001d0     rtsv7M4_T_le_v4SPD16_eabi.lib : _printfi.c.obj (.text:_pconv_g)
                  0000a104    000001c8     drivers_msp432e4.aem4f : EMACMSP432E4.oem4f (.text:EMACMSP432E4_emacStart)
                  0000a2cc    000001c0                            : ADCBufMSP432E4.oem4f (.text:primeConvert)
                  0000a48c    000001b6     rtsv7M4_T_le_v4SPD16_eabi.lib : fd_add_t2.asm.obj (.text)
                  0000a642    00000002                                   : _lock.c.obj (.text:_nop)
                  0000a644    000001b4     drivers_msp432e4.aem4f : SPIMSP432E4DMA.oem4f (.text:SPIMSP432E4DMA_open)
                  0000a7f8    000001b4     stk.aem4f : sock.oem4f (.text:SockNew)
                  0000a9ac    000001b0               : lliout.oem4f (.text:LLITxIpPacket)
                  0000ab5c    000001b0               : udp.oem4f (.text:UdpOutput)
                  0000ad0c    000001ac     udpEcho.obj (.text:UDPParse)
                  0000aeb8    0000019c     os.aem4f : mem.oem4f (.text:mmAlloc)
                  0000b054    00000198     nettool_ipv4.aem4f : dnsclnt.oem4f (.text:DNSResolve)
                  0000b1ec    00000198     stk.aem4f : igmp.oem4f (.text:IGMPInput)
                  0000b384    00000198     slnetsock_release.a : slnetsock.oem4f (.text:SlNetSock_select)
                  0000b51c    00000194     nettool_ipv4.aem4f : dhcpmain.oem4f (.text:DHCPOpen)
                  0000b6b0    00000188                        : ipaddr.oem4f (.text:NtGetPublicHost)
                  0000b838    00000188     stk.aem4f : fileuser.oem4f (.text:fdSelect)
                  0000b9c0    00000188     release_pem4f.oem4f (.text:xdc_runtime_System_printfExtend__I)
                  0000bb48    00000184     drivers_msp432e4.aem4f : GPIOMSP432E4.oem4f (.text:GPIO_setConfig)
                  0000bccc    00000184     slnetifndk_msp432e4.aem4f : slnetifndk.oem4f (.text:SlNetIfNDK_getPeerName)
                  0000be50    00000184                               : slnetifndk.oem4f (.text:SlNetIfNDK_getSockName)
                  0000bfd4    0000017c     drivers_msp432e4.aem4f : EMACMSP432E4.oem4f (.text:EMACMSP432E4_NIMUInit)
                  0000c150    00000178     slnetifndk_msp432e4.aem4f : slnetifndk.oem4f (.text:SlNetIfNDK_recv)
                  0000c2c8    00000178     stk.aem4f : tcpout.oem4f (.text:TcpGenPacket)
                  0000c440    00000174     tasks.obj (.text:TSKADCStream)
                  0000c5b4    00000170     nettool_ipv4.aem4f : dnscomn.oem4f (.text:DNSResolveExternal)
                  0000c724    00000170     stk.aem4f : rtc.oem4f (.text:RTCReport)
                  0000c894    0000016d     nettool_ipv4.aem4f : dnspkt.oem4f (.text:DNSReadRecord)
                  0000ca01    00000001     --HOLE-- [fill = 0]
                  0000ca02    00000002     hal_ser_stub.aem4f : llserstb.oem4f (.text:llSerialService)
                  0000ca04    0000016c     slnetifndk_msp432e4.aem4f : slnetifndk.oem4f (.text:SlNetIfNDK_send)
                  0000cb70    0000016a     stk.aem4f : sb.oem4f (.text:SBRead)
                  0000ccda    00000002     rtsv7M4_T_le_v4SPD16_eabi.lib : div0.asm.obj (.text)
                  0000ccdc    00000168     slnetifndk_msp432e4.aem4f : slnetifndk.oem4f (.text:SlNetIfNDK_connect)
                  0000ce44    00000160     stk.aem4f : icmp.oem4f (.text:ICMPGenPacket)
                  0000cfa4    00000160               : sock.oem4f (.text:SockConnect)
                  0000d104    00000158               : nimu.oem4f (.text:NIMUInit)
                  0000d25c    00000004               : bind.oem4f (.text:BindGetIF)
                  0000d260    00000154     sysbios.aem4f : BIOS.obj (.text:ti_sysbios_knl_Task_Instance_finalize__E)
                  0000d3b4    0000014c     commands.obj (.text:TimerCMD)
                  0000d500    00000148     ti_ndk_config.obj (.text:ndkStackThread)
                  0000d648    00000144     stk.aem4f : bind.oem4f (.text:BindNew)
                  0000d78c    00000144     slnetifndk_msp432e4.aem4f : slnetifndk.oem4f (.text:SlNetIfNDK_select)
                  0000d8d0    00000144     stk.aem4f : sockpcb.oem4f (.text:SockPcbResolve)
                  0000da14    00000140     drivers_msp432e4.aem4f : ADCBufMSP432E4.oem4f (.text:ADCBufMSP432E4_hwiIntFxn)
                  0000db54    00000140     commands.obj (.text:MemrCMD)
                  0000dc94    00000140     stk.aem4f : tcp.oem4f (.text:TcpTimeoutCheck)
                  0000ddd4    0000013c     nettool_ipv4.aem4f : config.oem4f (.text:CfgAddEntry)
                  0000df10    0000013c     commands.obj (.text:HelpCMD)
                  0000e04c    0000013c     netctrl_min_ipv4.aem4f : netctrl.oem4f (.text:NetScheduler)
                  0000e188    0000013c     slnetifndk_msp432e4.aem4f : slnetifndk.oem4f (.text:SlNetIfNDK_ifCreateContext)
                  0000e2c4    0000013c     stk.aem4f : sockint.oem4f (.text:SockNotify)
                  0000e400    0000013c               : sock.oem4f (.text:SockSend)
                  0000e53c    0000013c     rtsv7M4_T_le_v4SPD16_eabi.lib : _printfi.c.obj (.text:_pconv_e)
                  0000e678    00000136                                   : fd_div_t2.asm.obj (.text)
                  0000e7ae    00000002     release_pem4f.oem4f (.text:ti_sysbios_BIOS_nullFunc__I)
                  0000e7b0    00000134     drivers_msp432e4.aem4f : EMACMSP432E4.oem4f (.text:EMACMSP432E4_handleRx)
                  0000e8e4    00000134     commands.obj (.text:PrintAbout)
                  0000ea18    00000130     rtsv7M4_T_le_v4SPD16_eabi.lib : strtol.c.obj (.text:strtol)
                  0000eb48    00000130     sysbios.aem4f : BIOS.obj (.text:ti_sysbios_knl_Semaphore_pend__E)
                  0000ec78    0000012e     drivers_msp432e4.aem4f : SPIMSP432E4DMA.oem4f (.text:SPIMSP432E4DMA_transferCancel)
                  0000eda6    00000002     --HOLE-- [fill = 0]
                  0000eda8    00000128     Errors.obj (.text:PrintErrs)
                  0000eed0    00000124     rtsv7M4_T_le_v4SPD16_eabi.lib : _printfi.c.obj (.text:fcvt)
                  0000eff4    00000120     slnetsock_release.a : errnoutil.oem4f (.text:ErrnoUtil_set)
                  0000f114    00000120     slnetifndk_msp432e4.aem4f : slnetifndk.oem4f (.text:SlNetIfNDK_close)
                  0000f234    00000004     stk.aem4f : bind.oem4f (.text:BindGetNext)
                  0000f238    00000120     sysbios.aem4f : BIOS.obj (.text:xdc_runtime_Startup_startMods__I)
                  0000f358    0000011c     drivers_msp432e4.aem4f : ADCBufMSP432E4.oem4f (.text:ADCBufMSP423E4_noDMAhwiIntFxn)
                  0000f474    00000118                            : TimerMSP432E4.oem4f (.text:TimerMSP432E4_open)
                  0000f58c    00000114     stk.aem4f : nimu.oem4f (.text:NIMUIoctl)
                  0000f6a0    00000114               : raw.oem4f (.text:RawInput)
                  0000f7b4    00000114     slnetifndk_msp432e4.aem4f : slnetifndk.oem4f (.text:SlNetIfNDK_getIPAddr)
                  0000f8c8    00000114     rtsv7M4_T_le_v4SPD16_eabi.lib : fputs.c.obj (.text:fputs)
                  0000f9dc    00000114     udpEchoHooks.obj (.text:serviceReport)
                  0000faf0    00000110     commands.obj (.text:ExtractLitSrc)
                  0000fc00    00000110     stk.aem4f : node.oem4f (.text:NodeTreeFree)
                  0000fd10    00000110               : route.oem4f (.text:RtCreate)
                  0000fe20    00000110               : rtable.oem4f (.text:RtFind)
                  0000ff30    00000110     rtsv7M4_T_le_v4SPD16_eabi.lib : s_scalbn.c.obj (.text:scalbn)
                  00010040    00000110                                   : strtoul.c.obj (.text:strtoul)
                  00010150    00000110     sysbios.aem4f : BIOS.obj (.text:ti_sysbios_knl_Task_postInit__I)
                  00010260    0000010c     slnetifndk_msp432e4.aem4f : slnetifndk.oem4f (.text:getBSDSlNetErr)
                  0001036c    00000004     dpl_msp432e4.aem4f : ClockP_tirtos.oem4f (.text:ClockP_getCpuFreq)
                  00010370    0000010c     sysbios.aem4f : BIOS.obj (.text:ti_sysbios_family_arm_lm4_Timer_start__E)
                  0001047c    0000010a     stk.aem4f : tcpprot.oem4f (.text:TcpPrSetOption)
                  00010586    00000002     --HOLE-- [fill = 0]
                  00010588    00000108     slnetsock_release.a : slnetutils.oem4f (.text:SlNetUtil_str2BinIpV6)
                  00010690    00000104     drivers_msp432e4.aem4f : SPIMSP432E4DMA.oem4f (.text:configNextTransfer)
                  00010794    00000104     nettool_ipv4.aem4f : dhcppkt.oem4f (.text:dhcpPacketProcess)
                  00010898    00000102                        : inetaddr.oem4f (.text:inet_aton)
                  0001099a    00000002     --HOLE-- [fill = 0]
                  0001099c    00000100     stk.aem4f : icmp.oem4f (.text:ICMPSendRtAdv)
                  00010a9c    00000100               : igmp.oem4f (.text:IGMPSendReply)
                  00010b9c    000000fc     rtsv7M4_T_le_v4SPD16_eabi.lib : fd_mul_t2.asm.obj (.text)
                  00010c98    000000f8     drivers_msp432e4.aem4f : ADCBufMSP432E4.oem4f (.text:ADCBufMSP432E4_close)
                  00010d90    000000f8     slnetsock_release.a : slnetutils.oem4f (.text:SlNetUtil_inetAton)
                  00010e88    000000f8     rtsv7M4_T_le_v4SPD16_eabi.lib : s_floor.c.obj (.text:floor)
                  00010f80    000000f8     os.aem4f : os_ll.oem4f (.text:llEnter)
                  00011078    000000f8     sysbios.aem4f : BIOS.obj (.text:timer_create)
                  00011170    000000f4     stk.aem4f : sock.oem4f (.text:SockClose)
                  00011264    000000f0               : lliout.oem4f (.text:LLIGenArpPacket)
                  00011354    000000f0               : rawethsock.oem4f (.text:RawEthSockNew)
                  00011444    000000f0     BuffersQueues.obj (.text:UartAddByte)
                  00011534    00000004     dpl_msp432e4.aem4f : ClockP_tirtos.oem4f (.text:ClockP_setTimeout)
                  00011538    000000f0     sysbios.aem4f : BIOS.obj (.text:pthread_create)
                  00011628    000000f0                   : m3_Hwi_asm.obj (.text:ti_sysbios_family_arm_m3_Hwi_dispatch__I)
                  00011718    000000f0     msp432e4_driverlib.a : udma.o (.text:uDMAChannelTransferSet)
                  00011808    000000ee                          : adc.o (.text:ADCSequenceStepConfigure)
                  000118f6    000000ee     nettool_ipv4.aem4f : dnspkt.oem4f (.text:DNSWriteRecord)
                  000119e4    000000ee     slnetifndk_msp432e4.aem4f : slnetifndk.oem4f (.text:SlNetIfNDK_socket)
                  00011ad2    00000006     drivers_msp432e4.aem4f : ADCBufMSP432E4.oem4f (.text:ADCBufMSP432E4_adjustRawValues)
                  00011ad8    000000ec     sysbios.aem4f : BIOS.obj (.text:clock_gettime)
                  00011bc4    000000ea     stk.aem4f : pipe.oem4f (.text:PipeRecv)
                  00011cae    000000e8     nettool_ipv4.aem4f : dnspkt.oem4f (.text:DNSWriteName)
                  00011d96    000000e8     drivers_msp432e4.aem4f : SPIMSP432E4DMA.oem4f (.text:SPIMSP432E4DMA_hwiFxn)
                  00011e7e    00000002     --HOLE-- [fill = 0]
                  00011e80    000000e8     sysbios.aem4f : BIOS.obj (.text:ti_sysbios_knl_Task_Instance_init__E)
                  00011f68    000000e8                   : BIOS.obj (.text:timer_settime)
                  00012050    000000e4     drivers_msp432e4.aem4f : ADCMSP432E4.oem4f (.text:ADCMSP432E4_open)
                  00012134    000000e4     slnetsock_release.a : slnetif.oem4f (.text:SlNetIf_add)
                  00012218    000000e4     stk.aem4f : sockpcb.oem4f (.text:SockPcbBind)
                  000122fc    000000e0     msp432e4_driverlib.a : emac.o (.text:EMACInit)
                  000123dc    000000e0     stk.aem4f : tcptime.oem4f (.text:TcpTimeoutRexmt)
                  000124bc    000000de     nettool_ipv4.aem4f : dhcpsock.oem4f (.text:dhcpSocketOpen)
                  0001259a    00000002     --HOLE-- [fill = 0]
                  0001259c    000000dc     stk.aem4f : sb.oem4f (.text:SBWrite)
                  00012678    000000dc     callbacks.obj (.text:SWITimer1)
                  00012754    000000dc     rtsv7M4_T_le_v4SPD16_eabi.lib : setvbuf.c.obj (.text:setvbuf)
                  00012830    000000da     nettool_ipv4.aem4f : dhcpsm.oem4f (.text:dhcpState)
                  0001290a    00000002     --HOLE-- [fill = 0]
                  0001290c    000000d8     stk.aem4f : node.oem4f (.text:NodeAdd)
                  000129e4    000000d8     slnetifndk_msp432e4.aem4f : slnetifndk.oem4f (.text:SlNetIfNDK_bind)
                  00012abc    000000d4     BiosAndDevices.obj (.text:InitBios)
                  00012b90    000000d4     slnetifndk_msp432e4.aem4f : slnetifndk.oem4f (.text:SlNetIfNDK_listen)
                  00012c64    000000d1     stk.aem4f : nimu.oem4f (.text:NIMUReceivePacket)
                  00012d35    00000003     --HOLE-- [fill = 0]
                  00012d38    000000d0     netctrl_min_ipv4.aem4f : netsrv.oem4f (.text:SPIpNet)
                  00012e08    000000d0     slnetifndk_msp432e4.aem4f : slnetifndk.oem4f (.text:SlNetIfNDK_shutdown)
                  00012ed8    000000d0     nettool_ipv4.aem4f : dhcpsm.oem4f (.text:dhcpIPAdd)
                  00012fa8    000000d0     sysbios.aem4f : BIOS.obj (.text:ti_sysbios_heaps_HeapMem_alloc__E)
                  00013078    000000cc     stk.aem4f : rawethsock.oem4f (.text:RawEthSockGet)
                  00013144    000000cc               : rawethsock.oem4f (.text:RawEthSockSet)
                  00013210    000000cc     nettool_ipv4.aem4f : dhcpbild.oem4f (.text:dhcpBuildHeader)
                  000132dc    000000cc                        : dhcppkt.oem4f (.text:dhcpVerifyMessage)
                  000133a8    000000c4     stk.aem4f : igmp.oem4f (.text:IGMPJoinHostGroup)
                  0001346c    000000c4     nettool_ipv4.aem4f : dhcpsm.oem4f (.text:StateBound)
                  00013530    000000c4     drivers_msp432e4.aem4f : ADCBufMSP432E4.oem4f (.text:configDMA)
                  000135f4    000000c4     rtsv7M4_T_le_v4SPD16_eabi.lib : s_round.c.obj (.text:round)
                  000136b8    000000c4     sysbios.aem4f : BIOS.obj (.text:ti_sysbios_knl_Task_sleep__E)
                  0001377c    000000c0     nettool_ipv4.aem4f : dnspkt.oem4f (.text:DNSReadName)
                  0001383c    000000be                        : dnsclnt.oem4f (.text:DNSGetHostByName)
                  000138fa    000000be     drivers_msp432e4.aem4f : UARTMSP432E4.oem4f (.text:UARTMSP432E4_close)
                  000139b8    000000bc     stk.aem4f : sockpcb.oem4f (.text:SockPcbFind)
                  00013a74    000000bc               : vlan.oem4f (.text:VLANDeinit)
                  00013b30    000000bc     sysbios.aem4f : BIOS.obj (.text:ti_sysbios_knl_Task_exit__E)
                  00013bec    00000004     dpl_msp432e4.aem4f : ClockP_tirtos.oem4f (.text:ClockP_start)
                  00013bf0    000000bc     sysbios.aem4f : BIOS.obj (.text:xdc_runtime_Core_createObject__I)
                  00013cac    000000ba     stk.aem4f : icmpin.oem4f (.text:ICMPRevSrcRoute)
                  00013d66    00000002     --HOLE-- [fill = 0]
                  00013d68    000000b8     drivers_msp432e4.aem4f : ADCMSP432E4.oem4f (.text:ADCMSP432E4_convert)
                  00013e20    000000b8     stk.aem4f : lli.oem4f (.text:_LLITimeoutCheck)
                  00013ed8    000000b8     sysbios.aem4f : BIOS.obj (.text:ti_sysbios_family_arm_m3_Hwi_Instance_init__E)
                  00013f90    000000b6     drivers_msp432e4.aem4f : UARTMSP432E4.oem4f (.text:readTaskCallback)
                  00014046    00000002     --HOLE-- [fill = 0]
                  00014048    000000b4     stk.aem4f : tcptime.oem4f (.text:TcpTimeoutKeep)
                  000140fc    000000b2               : nimu.oem4f (.text:NIMUAddEthernetHeader)
                  000141ae    00000002     --HOLE-- [fill = 0]
                  000141b0    000000b1     rtsv7M4_T_le_v4SPD16_eabi.lib : _printfi.c.obj (.text:_ltostr)
                  00014261    00000001     --HOLE-- [fill = 0]
                  00014262    000000b0     drivers_msp432e4.aem4f : UARTMSP432E4.oem4f (.text:readTaskBlocking)
                  00014312    00000006                            : ADCBufMSP432E4.oem4f (.text:ADCBufMSP432E4_control)
                  00014318    000000b0     sysbios.aem4f : BIOS.obj (.text:ti_sysbios_family_arm_lm4_Timer_enableTiva__I)
                  000143c8    000000ac     drivers_msp432e4.aem4f : EMACMSP432E4.oem4f (.text:EMACMSP432E4_initDMADescriptors)
                  00014474    000000ac                            : GPIOMSP432E4.oem4f (.text:GPIO_init)
                  00014520    000000ac     stk.aem4f : rtable.oem4f (.text:RtTimeoutCheck)
                  000145cc    000000ac     os.aem4f : task.oem4f (.text:TaskGetEnv)
                  00014678    000000ac     callbacks.obj (.text:Timer0Callback)
                  00014724    000000a8     commands.obj (.text:AudioCMD)
                  000147cc    000000a8     stk.aem4f : sockint.oem4f (.text:SockCreatePacket)
                  00014874    000000a4     msp432e4_driverlib.a : gpio.o (.text:GPIOIntTypeSet)
                  00014918    000000a4     os.aem4f : task.oem4f (.text:TaskSetEnv)
                  000149bc    00000004     dpl_msp432e4.aem4f : ClockP_tirtos.oem4f (.text:ClockP_stop)
                  000149c0    000000a4     sysbios.aem4f : BIOS.obj (.text:ti_sysbios_knl_Task_setPri__E)
                  00014a64    000000a0     drivers_msp432e4.aem4f : EMACMSP432E4.oem4f (.text:EMACMSP432E4_emacStop)
                  00014b04    000000a0     stk.aem4f : ip.oem4f (.text:IPGetRoute)
                  00014ba4    000000a0     tasks.obj (.text:TSKUART0Read)
                  00014c44    000000a0     commands.obj (.text:VoiceCMD)
                  00014ce4    000000a0     auto_init.aem4f : auto_init.oem4f (.text)
                  00014d84    0000009e     nettool_ipv4.aem4f : dnsclnt.oem4f (.text:DNSGetHostArrayByName)
                  00014e22    0000009e     drivers_msp432e4.aem4f : UARTMSP432E4.oem4f (.text:UARTMSP432E4_readPolling)
                  00014ec0    0000009c     BuffersQueues.obj (.text:AddPayload)
                  00014f5c    0000009c     stk.aem4f : exec.oem4f (.text:ExecOpen)
                  00014ff8    0000009c     drivers_msp432e4.aem4f : SPIMSP432E4DMA.oem4f (.text:SPIMSP432E4DMA_close)
                  00015094    00000004     dpl_msp432e4.aem4f : HwiP_tirtos.oem4f (.text:HwiP_clearInterrupt)
                  00015098    0000009c     sysbios.aem4f : BIOS.obj (.text:_pthread_removeThreadKeys)
                  00015134    0000009c     drivers_msp432e4.aem4f : ADCBufMSP432E4.oem4f (.text:initHw)
                  000151d0    0000009c     rtsv7M4_T_le_v4SPD16_eabi.lib : memcpy_t2.asm.obj (.text)
                  0001526c    00000098     drivers_msp432e4.aem4f : ADCBufMSP432E4.oem4f (.text:ADCBufMSP432E4_convertCancel)
                  00015304    00000098     netctrl_min_ipv4.aem4f : netctrl.oem4f (.text:NC_SystemOpen)
                  0001539c    00000098     commands.obj (.text:NetUDPCmd)
                  00015434    00000098     netctrl_min_ipv4.aem4f : netsrv.oem4f (.text:ServiceScan)
                  000154cc    00000098     drivers_msp432e4.aem4f : UARTMSP432E4.oem4f (.text:UARTMSP432E4_write)
                  00015564    00000096     rtsv7M4_T_le_v4SPD16_eabi.lib : ull_div_t2.asm.obj (.text)
                  000155fa    00000002     --HOLE-- [fill = 0]
                  000155fc    00000094     nettool_ipv4.aem4f : config.oem4f (.text:CfgExecute)
                  00015690    00000094                        : config.oem4f (.text:CfgRemoveEntry)
                  00015724    00000094     os.aem4f : mem.oem4f (.text:_mmInit)
                  000157b8    00000094     drivers_msp432e4.aem4f : UARTMSP432E4.oem4f (.text:readIsrTextBlocking)
                  0001584c    00000004     dpl_msp432e4.aem4f : HwiP_tirtos.oem4f (.text:HwiP_disable)
                  00015850    00000094     sysbios.aem4f : BIOS.obj (.text:ti_sysbios_family_arm_m3_Hwi_initNVIC__E)
                  000158e4    00000092     slnetsock_release.a : slnetsock.oem4f (.text:SlNetSock_create)
                  00015976    00000002     --HOLE-- [fill = 0]
                  00015978    00000090     stk.aem4f : igmp.oem4f (.text:IGMPMsg)
                  00015a08    00000090     slnetsock_release.a : slnetsock.oem4f (.text:SlNetSock_getVirtualSdConf)
                  00015a98    00000090     tasks.obj (.text:TSKUART7Read)
                  00015b28    00000090     drivers_msp432e4.aem4f : UARTMSP432E4.oem4f (.text:UARTMSP432E4_control)
                  00015bb8    00000090     slnetsock_release.a : slnetutils.oem4f (.text:createAddrInfo)
                  00015c48    00000090     nettool_ipv4.aem4f : dhcpbild.oem4f (.text:dhcpBuildRequest)
                  00015cd8    00000090     os.aem4f : mem.oem4f (.text:mmInitPage)
                  00015d68    00000090     sysbios.aem4f : BIOS.obj (.text:ti_sysbios_knl_Task_Module_startup__E)
                  00015df8    0000008e     nettool_ipv4.aem4f : dnscomn.oem4f (.text:DNSResolveQuery)
                  00015e86    00000002     --HOLE-- [fill = 0]
                  00015e88    0000008c     stk.aem4f : ip.oem4f (.text:IPMsg)
                  00015f14    0000008c     msp432e4_driverlib.a : sysctl.o (.text:SysCtlPeripheralReset)
                  00015fa0    0000008c     sysbios.aem4f : m3_TaskSupport_asm.obj (.text:ti_sysbios_family_arm_m3_TaskSupport_buildTaskStack)
                  0001602c    00000004     dpl_msp432e4.aem4f : HwiP_tirtos.oem4f (.text:HwiP_disableInterrupt)
                  00016030    0000008c     sysbios.aem4f : BIOS.obj (.text:xdc_runtime_Memory_alloc__E)
                  000160bc    0000008a     netctrl_min_ipv4.aem4f : netsrv.oem4f (.text:SPRoute)
                  00016146    00000002     --HOLE-- [fill = 0]
                  00016148    00000088                            : netsrv.oem4f (.text:ServiceSpawn)
                  000161d0    00000088     stk.aem4f : sockpcb.oem4f (.text:SockPcbCtlError)
                  00016258    00000088     drivers_msp432e4.aem4f : TimerMSP432E4.oem4f (.text:TimerMSP432E4_setPeriod)
                  000162e0    00000088                            : UARTMSP432E4.oem4f (.text:readIsrTextCallback)
                  00016368    00000086     stk.aem4f : sock.oem4f (.text:SockCheck)
                  000163ee    00000086     nettool_ipv4.aem4f : dhcpsm.oem4f (.text:StateRequesting)
                  00016474    00000086     rtsv7M4_T_le_v4SPD16_eabi.lib : fd_cmp_t2.asm.obj (.text:__aeabi_cdcmple)
                  000164fa    00000086                                   : fd_cmp_t2.asm.obj (.text:__aeabi_cdrcmple)
                  00016580    00000086     sysbios.aem4f : BIOS.obj (.text:xdc_runtime_Core_constructObject__I)
                  00016606    00000002     --HOLE-- [fill = 0]
                  00016608    00000084     nettool_ipv4.aem4f : config.oem4f (.text:CfgGetEntry)
                  0001668c    00000084     drivers_msp432e4.aem4f : EMACMSP432E4.oem4f (.text:EMACMSP432E4_hwiIntFxn)
                  00016710    00000084                            : EMACMSP432E4.oem4f (.text:EMACMSP432E4_processPendingTx)
                  00016794    00000084                            : EMACMSP432E4.oem4f (.text:EMACMSP432E4_processPhyInterrupt)
                  00016818    00000084     stk.aem4f : raw.oem4f (.text:RawOutput)
                  0001689c    00000084     slnetsock_release.a : slnetutils.oem4f (.text:SlNetUtil_getHostByName)
                  00016920    00000084     stk.aem4f : sockpcb.oem4f (.text:SockCleanPcb)
                  000169a4    00000084               : tcpprot.oem4f (.text:TcpPrAttach)
                  00016a28    00000084               : fileuser.oem4f (.text:fdClose)
                  00016aac    00000084     os.aem4f : mem.oem4f (.text:mmFree)
                  00016b30    00000084     sysbios.aem4f : BIOS.obj (.text:ti_sysbios_family_arm_m3_Hwi_postInit__I)
                  00016bb4    00000004     dpl_msp432e4.aem4f : HwiP_tirtos.oem4f (.text:HwiP_enableInterrupt)
                  00016bb8    00000084     sysbios.aem4f : BIOS.obj (.text:ti_sysbios_heaps_HeapMem_free__E)
                  00016c3c    00000082     nettool_ipv4.aem4f : dhcpsm.oem4f (.text:StateRenewRebind)
                  00016cbe    00000002     --HOLE-- [fill = 0]
                  00016cc0    00000080     msp432e4_driverlib.a : interrupt.o (.text:IntEnable)
                  00016d40    00000080     stk.aem4f : lli.oem4f (.text:LLINew)
                  00016dc0    00000080               : pbm.oem4f (.text:PBM_alloc)
                  00016e40    00000080     sysbios.aem4f : BIOS.obj (.text:ti_sysbios_knl_Clock_workFunc__E)
                  00016ec0    0000007e     slnetifndk_msp432e4.aem4f : slnetifndk.oem4f (.text:SlNetIfNDK_getConnectionStatus)
                  00016f3e    0000007e     slnetsock_release.a : slnetutils.oem4f (.text:setAddrInfo)
                  00016fbc    0000007c     nettool_ipv4.aem4f : config.oem4f (.text:CfgGetNextEntry)
                  00017038    0000007c     stk.aem4f : igmp.oem4f (.text:IGMPDoMCast)
                  000170b4    0000007c               : igmp.oem4f (.text:IGMPJoin)
                  00017130    0000007c               : socket.oem4f (.text:NDK_getsockopt)
                  000171ac    0000007c               : socket.oem4f (.text:NDK_setsockopt)
                  00017228    0000007c     netctrl_min_ipv4.aem4f : netsrv.oem4f (.text:NS_BootTask)
                  000172a4    0000007c     stk.aem4f : pbm.oem4f (.text:PBM_free)
                  00017320    0000007c     rtsv7M4_T_le_v4SPD16_eabi.lib : fflush.c.obj (.text:fflush)
                  0001739c    0000007c     os.aem4f : mem.oem4f (.text:mmBulkFree)
                  00017418    0000007c     drivers_msp432e4.aem4f : UARTMSP432E4.oem4f (.text:writeData)
                  00017494    0000007a     msp432e4_driverlib.a : ssi.o (.text:SSIConfigSetExpClk)
                  0001750e    0000007a     stk.aem4f : sock.oem4f (.text:SockAccept)
                  00017588    0000007a     rtsv7M4_T_le_v4SPD16_eabi.lib : memset_t2.asm.obj (.text)
                  00017602    00000078     stk.aem4f : socket.oem4f (.text:NDK_sendto)
                  0001767a    00000002     --HOLE-- [fill = 0]
                  0001767c    00000078               : nimu.oem4f (.text:NIMURegister)
                  000176f4    00000078               : tcptime.oem4f (.text:TcpXmitTimer)
                  0001776c    00000078               : fileuser.oem4f (.text:fdOpenSession)
                  000177e4    00000078     os.aem4f : os_ll.oem4f (.text:llExit)
                  0001785c    00000076     stk.aem4f : pipe.oem4f (.text:PipeSend)
                  000178d2    00000076     msp432e4_driverlib.a : uart.o (.text:UARTConfigSetExpClk)
                  00017948    00000075     stk.aem4f : tcptime.oem4f (.text:TcpTimeoutSackRexmt)
                  000179bd    00000003     --HOLE-- [fill = 0]
                  000179c0    00000075     sysbios.aem4f : BIOS.obj (.text:xdc_runtime_System_formatNum__I)
                  00017a35    00000003     --HOLE-- [fill = 0]
                  00017a38    00000074     drivers_msp432e4.aem4f : EMACMSP432E4.oem4f (.text:EMACMSP432E4_processTransmitted)
                  00017aac    00000074     stk.aem4f : igmp.oem4f (.text:IGMPLeaveHostGroup)
                  00017b20    00000074               : socket.oem4f (.text:NDK_recvfrom)
                  00017b94    00000074               : nimu.oem4f (.text:NIMUShutdown)
                  00017c08    00000074               : raweth.oem4f (.text:RawEthRxPacket)
                  00017c7c    00000074     callbacks.obj (.text:SWITimer0)
                  00017cf0    00000074     slnetsock_release.a : slnetsock.oem4f (.text:SlNetSock_AllocVirtualSocket)
                  00017d64    00000074     stk.aem4f : sockpcb.oem4f (.text:SockPcbConnect)
                  00017dd8    00000074     tasks.obj (.text:TSKPayload)
                  00017e4c    00000074     rtsv7M4_T_le_v4SPD16_eabi.lib : fclose.c.obj (.text:__TI_closefile)
                  00017ec0    00000074     hal_timer.aem4f : lltimer.oem4f (.text:llTimerTick)
                  00017f34    00000004     os.aem4f : oem.oem4f (.text:NDK_HwiP_disable)
                  00017f38    00000074     sysbios.aem4f : BIOS.obj (.text:xdc_runtime_Core_deleteObject__I)
                  00017fac    00000072     drivers_msp432e4.aem4f : TimerMSP432E4.oem4f (.text:TimerMSP432E4_start)
                  0001801e    00000070     stk.aem4f : socket.oem4f (.text:NDK_send)
                  0001808e    00000002     --HOLE-- [fill = 0]
                  00018090    00000070               : rtable.oem4f (.text:RtFlush)
                  00018100    00000070     netctrl_min_ipv4.aem4f : netsrv.oem4f (.text:SPConfig)
                  00018170    00000070     stk.aem4f : sock.oem4f (.text:SockShutdown)
                  000181e0    00000070     nettool_ipv4.aem4f : dhcptags.oem4f (.text:dhcpDecodeType)
                  00018250    00000070     slnetsock_release.a : netdb.oem4f (.text:getaddrinfo)
                  000182c0    00000070     os.aem4f : mem.oem4f (.text:mmBulkAlloc)
                  00018330    00000070     sysbios.aem4f : BIOS.obj (.text:ti_sysbios_family_arm_lm4_Seconds_getTime__E)
                  000183a0    00000070                   : BIOS.obj (.text:ti_sysbios_heaps_HeapMem_initPrimary__I)
                  00018410    0000006e     stk.aem4f : socket.oem4f (.text:NDK_recv)
                  0001847e    00000002     --HOLE-- [fill = 0]
                  00018480    0000006e               : rtable.oem4f (.text:RtWalkNext)
                  000184ee    0000006e     rtsv7M4_T_le_v4SPD16_eabi.lib : _printfi.c.obj (.text:_mcpy)
                  0001855c    0000006d     stk.aem4f : node.oem4f (.text:NodeNew)
                  000185c9    00000003     --HOLE-- [fill = 0]
                  000185cc    0000006c     os.aem4f : ossys.oem4f (.text:DbgPrintf)
                  00018638    0000006c     msp432e4_driverlib.a : emac.o (.text:EMACPHYConfigSet)
                  000186a4    0000006c     rtsv7M4_T_le_v4SPD16_eabi.lib : hostrename.c.obj (.text:HOSTrename)
                  00018710    0000006c     stk.aem4f : node.oem4f (.text:NodeTreeNew)
                  0001877c    0000006c               : pbm.oem4f (.text:PBM_open)
                  000187e8    0000006c     drivers_msp432e4.aem4f : PowerMSP432E4.oem4f (.text:Power_releaseDependency)
                  00018854    0000006c     stk.aem4f : raweth.oem4f (.text:RawEthTxPacket)
                  000188c0    0000006c     slnetsock_release.a : slnetutils.oem4f (.text:SlNetUtil_str2BinIpV4)
                  0001892c    0000006c     hal_timer.aem4f : lltimer.oem4f (.text:llTimerGetTime)
                  00018998    0000006c     sysbios.aem4f : BIOS.obj (.text:pthread_cancel)
                  00018a04    00000004     os.aem4f : NDK_SemaphoreP_tirtos.oem4f (.text:NDK_SemaphoreP_post)
                  00018a08    0000006c     sysbios.aem4f : BIOS.obj (.text:ti_sysbios_knl_Swi_restoreHwi__E)
                  00018a74    0000006a     stk.aem4f : socket.oem4f (.text:NDK_accept)
                  00018ade    0000006a               : tcpprot.oem4f (.text:TcpPrInherit)
                  00018b48    00000068     drivers_msp432e4.aem4f : GPIOMSP432E4.oem4f (.text:GPIO_hwiIntFxn)
                  00018bb0    00000068     rtsv7M4_T_le_v4SPD16_eabi.lib : hostlseek.c.obj (.text:HOSTlseek)
                  00018c18    00000068     stk.aem4f : socket.oem4f (.text:NDK_socket)
                  00018c80    00000068     drivers_msp432e4.aem4f : PowerMSP432E4.oem4f (.text:Power_setDependency)
                  00018ce8    00000068     callbacks.obj (.text:SWILSW)
                  00018d50    00000068     callbacks.obj (.text:SWIRSW)
                  00018db8    00000068     stk.aem4f : sock.oem4f (.text:SockListen)
                  00018e20    00000068               : sockpcb.oem4f (.text:SockPcbFindRaw)
                  00018e88    00000068     drivers_msp432e4.aem4f : TimerMSP432E4.oem4f (.text:TimerMSP432E4_allocateTimerResource)
                  00018ef0    00000068     stk.aem4f : rtable.oem4f (.text:_RtNodeInsert)
                  00018f58    00000068     rtsv7M4_T_le_v4SPD16_eabi.lib : copy_decompress_lzss.c.obj (.text:decompress:lzss:__TI_decompress_lzss)
                  00018fc0    00000068     sysbios.aem4f : BIOS.obj (.text:pthread_exit)
                  00019028    00000068     drivers_msp432e4.aem4f : UARTMSP432E4.oem4f (.text:readIsrBinaryBlocking)
                  00019090    00000066     ti_ndk_config.obj (.text:configTcp)
                  000190f6    00000002     --HOLE-- [fill = 0]
                  000190f8    00000064     nettool_ipv4.aem4f : config.oem4f (.text:CfgFree)
                  0001915c    00000064     stk.aem4f : file.oem4f (.text:FdWaitEvent)
                  000191c0    00000064               : pbm.oem4f (.text:PBMQ_enq)
                  00019224    00000064     drivers_msp432e4.aem4f : PowerMSP432E4.oem4f (.text:Power_init)
                  00019288    00000064     slnetifndk_msp432e4.aem4f : slnetifndk.oem4f (.text:SlNetIfNDK_getHostByName)
                  000192ec    00000064     stk.aem4f : sockint.oem4f (.text:SockSpawnAbort)
                  00019350    00000064               : tcpprot.oem4f (.text:TcpPrGetOption)
                  000193b4    00000064               : udp.oem4f (.text:UdpChecksum)
                  00019418    00000064     rtsv7M4_T_le_v4SPD16_eabi.lib : s_frexp.c.obj (.text:frexp)
                  0001947c    00000064                                   : fseek.c.obj (.text:fseek)
                  000194e0    00000064     drivers_msp432e4.aem4f : UARTMSP432E4.oem4f (.text:readIsrBinaryCallback)
                  00019544    00000004     os.aem4f : ossys.oem4f (.text:NDK_vsprintf)
                  00019548    00000064     sysbios.aem4f : BIOS.obj (.text:ti_sysbios_family_arm_lm4_Timer_Module_startup__E)
                  000195ac    00000004     stk.aem4f : node.oem4f (.text:NodeSetRt)
                  000195b0    00000064     sysbios.aem4f : BIOS.obj (.text:ti_sysbios_family_arm_m3_Hwi_dispatchC__I)
                  00019614    00000064     msp432e4_driverlib.a : udma.o (.text:uDMAChannelAttributeDisable)
                  00019678    00000064     stk.aem4f : lliin.oem4f (.text:updateRtTable)
                  000196dc    00000062               : ipin.oem4f (.text:IPRouteIP)
                  0001973e    00000002     --HOLE-- [fill = 0]
                  00019740    00000062               : sb.oem4f (.text:SBNew)
                  000197a2    00000062     rtsv7M4_T_le_v4SPD16_eabi.lib : _io_perm.c.obj (.text:__TI_wrt_ok)
                  00019804    00000060     drivers_msp432e4.aem4f : ADCMSP432E4.oem4f (.text:ADCMSP432E4_close)
                  00019864    00000060     nettool_ipv4.aem4f : config.oem4f (.text:CfgGetEntryCnt)
                  000198c4    00000060     msp432e4_driverlib.a : emac.o (.text:EMACConfigGet)
                  00019924    00000060                          : emac.o (.text:EMACIntDisable)
                  00019984    00000060     rtsv7M4_T_le_v4SPD16_eabi.lib : hostopen.c.obj (.text:HOSTopen)
                  000199e4    00000060     stk.aem4f : socket.oem4f (.text:NDK_getpeername)
                  00019a44    00000060               : socket.oem4f (.text:NDK_getsockname)
                  00019aa4    00000060               : socket.oem4f (.text:NDK_shutdown)
                  00019b04    00000060               : nimu.oem4f (.text:NIMUUnregister)
                  00019b64    00000060               : node.oem4f (.text:NodeFind)
                  00019bc4    00000060               : rtc.oem4f (.text:RTCMsg)
                  00019c24    00000060     slnetsock_release.a : slnetsock.oem4f (.text:SlNetSock_recvFrom)
                  00019c84    00000060                         : slnetsock.oem4f (.text:SlNetSock_sendTo)
                  00019ce4    00000060     os.aem4f : task.oem4f (.text:TaskCreate)
                  00019d44    00000060     msp432e4_driverlib.a : timer.o (.text:TimerControlTrigger)
                  00019da4    00000060     nettool_ipv4.aem4f : dhcptags.oem4f (.text:dhcpBuildOptions)
                  00019e04    00000004     stk.aem4f : rawethsock.oem4f (.text:RawEthSockGetCtx)
                  00019e08    00000060     sysbios.aem4f : BIOS.obj (.text:ti_sysbios_knl_Semaphore_post__E)
                  00019e68    00000060                   : BIOS.obj (.text:ti_sysbios_knl_Swi_run__I)
                  00019ec8    0000005e     msp432e4_driverlib.a : emac.o (.text:EMACIntEnable)
                  00019f26    0000005e     stk.aem4f : route.oem4f (.text:RtRemove)
                  00019f84    0000005e     nettool_ipv4.aem4f : dhcpsm.oem4f (.text:StateSelecting)
                  00019fe2    0000005e     stk.aem4f : vlan.oem4f (.text:VLANReceivePacket)
                  0001a040    0000005c     drivers_msp432e4.aem4f : ADCBufMSP432E4.oem4f (.text:ADCBufMSP432E4_init)
                  0001a09c    0000005c     callbacks.obj (.text:ADC_BUFFER_CALLBACK_FXN)
                  0001a0f8    0000005c     nettool_ipv4.aem4f : config.oem4f (.text:CfgSetExecuteOrder)
                  0001a154    0000005c     msp432e4_driverlib.a : emac.o (.text:EMACAddrSet)
                  0001a1b0    0000005c                          : emac.o (.text:EMACIntStatus)
                  0001a20c    0000005c                          : gpio.o (.text:GPIODirModeSet)
                  0001a268    0000005c     stk.aem4f : nimu.oem4f (.text:NIMUIoctlSpecialCmd)
                  0001a2c4    0000005c     netctrl_min_ipv4.aem4f : netsrv.oem4f (.text:SPService)
                  0001a320    0000005c     rtsv7M4_T_le_v4SPD16_eabi.lib : close.c.obj (.text:close)
                  0001a37c    0000005c     drivers_msp432e4.aem4f : ADCBufMSP432E4.oem4f (.text:completeConversion)
                  0001a3d8    0000005c                            : TimerMSP432E4.oem4f (.text:getPowerMgrId)
                  0001a434    0000005c                            : UARTMSP432E4.oem4f (.text:getPowerResourceId)
                  0001a490    0000005c     sysbios.aem4f : BIOS.obj (.text:ti_sysbios_knl_Swi_schedule__I)
                  0001a4ec    00000004     stk.aem4f : rawethsock_prot.oem4f (.text:RawEthSockPrAttach)
                  0001a4f0    0000005c     sysbios.aem4f : BIOS.obj (.text:ti_sysbios_knl_Task_startCore__E)
                  0001a54c    00000004     stk.aem4f : rawethsock_prot.oem4f (.text:RawEthSockPrDetach)
                  0001a550    0000005c     sysbios.aem4f : BIOS.obj (.text:xdc_runtime_Startup_exec__E)
                  0001a5ac    0000005a     stk.aem4f : rawethsock.oem4f (.text:RawEthSockCheck)
                  0001a606    0000005a               : route.oem4f (.text:RtRedirect)
                  0001a660    0000005a               : tcpprot.oem4f (.text:TcpValidateMetrics)
                  0001a6ba    0000005a     nettool_ipv4.aem4f : dhcpbild.oem4f (.text:dhcpBuildDecline)
                  0001a714    00000058     msp432e4_driverlib.a : adc.o (.text:ADCIntStatus)
                  0001a76c    00000058     stk.aem4f : bind.oem4f (.text:BindFree)
                  0001a7c4    00000058     msp432e4_driverlib.a : emac.o (.text:EMACIntClear)
                  0001a81c    00000058     drivers_msp432e4.aem4f : GPIOMSP432E4.oem4f (.text:GPIO_setCallback)
                  0001a874    00000058     rtsv7M4_T_le_v4SPD16_eabi.lib : hostread.c.obj (.text:HOSTread)
                  0001a8cc    00000058                                   : hostwrite.c.obj (.text:HOSTwrite)
                  0001a924    00000058     stk.aem4f : igmp.oem4f (.text:IGMPTimer)
                  0001a97c    00000058               : tcp.oem4f (.text:TcpChecksum)
                  0001a9d4    00000058     drivers_msp432e4.aem4f : UDMAMSP432E4.oem4f (.text:UDMAMSP432E4_open)
                  0001aa2c    00000058     boot.aem4f : boot.oem4f (.text)
                  0001aa84    00000058     sysbios.aem4f : m3_Hwi_asm_switch.obj (.text:ti_sysbios_family_arm_m3_Hwi_initStacks__E)
                  0001aadc    00000056     rtsv7M4_T_le_v4SPD16_eabi.lib : _printfi.c.obj (.text:_pconv_f)
                  0001ab32    00000056     drivers_msp432e4.aem4f : SPIMSP432E4DMA.oem4f (.text:initHw)
                  0001ab88    00000054                            : ADCMSP432E4.oem4f (.text:ADCMSP432E4_init)
                  0001abdc    00000054     nettool_ipv4.aem4f : config.oem4f (.text:CfgEntryDeRef)
                  0001ac30    00000054     Errors.obj (.text:ErrorOut)
                  0001ac84    00000054     drivers_msp432e4.aem4f : GPIOMSP432E4.oem4f (.text:GPIO_write)
                  0001acd8    00000054     stk.aem4f : rawethsock_pcb.oem4f (.text:RawEthSockPcbAttach)
                  0001ad2c    00000054               : tcptime.oem4f (.text:TcpTimeoutPersist)
                  0001ad80    00000054     rtsv7M4_T_le_v4SPD16_eabi.lib : _ltoa.c.obj (.text:__TI_ltoa)
                  0001add4    00000004     drivers_msp432e4.aem4f : SPIMSP432E4DMA.oem4f (.text:SPIMSP432E4DMA_init)
                  0001add8    00000054     sysbios.aem4f : BIOS.obj (.text:ti_sysbios_family_arm_lm4_Timer_initDevice__I)
                  0001ae2c    00000054     release_pem4f.oem4f (.text:ti_sysbios_family_arm_m3_Hwi_create)
                  0001ae80    00000054     sysbios.aem4f : BIOS.obj (.text:timer_gettime)
                  0001aed4    00000052     nettool_ipv4.aem4f : dnscomn.oem4f (.text:DNSReplyFree)
                  0001af26    00000052     BuffersQueues.obj (.text:GetNxtStr)
                  0001af78    00000052     stk.aem4f : igmp.oem4f (.text:IGMPLeave)
                  0001afca    00000052               : socket.oem4f (.text:NDK_bind)
                  0001b01c    00000052               : tcpprot.oem4f (.text:TcpPrDetach)
                  0001b06e    00000052     rtsv7M4_T_le_v4SPD16_eabi.lib : _printfi.c.obj (.text:_ecpy)
                  0001b0c0    00000050     drivers_msp432e4.aem4f : ADCMSP432E4.oem4f (.text:ADCMSP432E4_getPowerResourceId)
                  0001b110    00000050     msp432e4_driverlib.a : adc.o (.text:ADCSequenceConfigure)
                  0001b160    00000050                          : emac.o (.text:EMACConfigSet)
                  0001b1b0    00000050     stk.aem4f : socket.oem4f (.text:NDK_connect)
                  0001b200    00000050               : route.oem4f (.text:RtNew)
                  0001b250    00000050     slnetsock_release.a : slnetif.oem4f (.text:SlNetIf_queryIf)
                  0001b2a0    00000050     drivers_msp432e4.aem4f : UARTMSP432E4.oem4f (.text:UARTMSP432E4_hwiIntFxn)
                  0001b2f0    00000050                            : ADCBufMSP432E4.oem4f (.text:getPowerResourceId)
                  0001b340    00000050     sysbios.aem4f : BIOS.obj (.text:ti_sysbios_family_arm_m3_Hwi_Module_startup__E)
                  0001b390    00000050                   : BIOS.obj (.text:ti_sysbios_knl_Clock_Instance_init__E)
                  0001b3e0    00000050     release_pem4f.oem4f (.text:ti_sysbios_knl_Task_create)
                  0001b430    0000004e     msp432e4_driverlib.a : emac.o (.text:EMACPHYWrite)
                  0001b47e    0000004e     stk.aem4f : node.oem4f (.text:NodeDeRef)
                  0001b4cc    0000004e     drivers_msp432e4.aem4f : TimerMSP432E4.oem4f (.text:TimerMSP432E4_stop)
                  0001b51a    0000004e     stk.aem4f : file.oem4f (.text:fdint_lockfd)
                  0001b568    0000004e     drivers_msp432e4.aem4f : TimerMSP432E4.oem4f (.text:initHw)
                  0001b5b6    0000004e     os.aem4f : mem.oem4f (.text:mmCopy)
                  0001b604    0000004c     msp432e4_driverlib.a : emac.o (.text:EMACPHYRead)
                  0001b650    0000004c     nettool_ipv4.aem4f : ipaddr.oem4f (.text:NtAddNetwork)
                  0001b69c    0000004c     slnetsock_release.a : slnetsock.oem4f (.text:SlNetSock_freeVirtualSocket)
                  0001b6e8    0000004c     stk.aem4f : sockint.oem4f (.text:SockValidateRoute)
                  0001b734    0000004c               : timer.oem4f (.text:TimerListInsert)
                  0001b780    0000004c     drivers_msp432e4.aem4f : TimerMSP432E4.oem4f (.text:TimerMSP432E4_freeTimerResource)
                  0001b7cc    0000004c                            : UARTMSP432E4.oem4f (.text:UARTMSP432E4_writePolling)
                  0001b818    0000004c     rtsv7M4_T_le_v4SPD16_eabi.lib : fflush.c.obj (.text:__TI_doflush)
                  0001b864    0000004c                                   : atoi.c.obj (.text:atoi)
                  0001b8b0    0000004c                                   : cpy_tbl.c.obj (.text:copy_in)
                  0001b8fc    0000004c     os.aem4f : mem.oem4f (.text:mmZeroInit)
                  0001b948    0000004c     drivers_msp432e4.aem4f : UARTMSP432E4.oem4f (.text:ringBufGet)
                  0001b994    0000004c     rtsv7M4_T_le_v4SPD16_eabi.lib : snprintf.c.obj (.text:snprintf)
                  0001b9e0    0000004c     ti_ndk_config.obj (.text:ti_ndk_config_ip_init)
                  0001ba2c    00000004     os.aem4f : semaphore.oem4f (.text:SemReset)
                  0001ba30    0000004c     sysbios.aem4f : BIOS.obj (.text:ti_sysbios_heaps_HeapMem_getStats__E)
                  0001ba7c    00000004     dpl_msp432e4.aem4f : SemaphoreP_tirtos.oem4f (.text:SemaphoreP_post)
                  0001ba80    0000004c     sysbios.aem4f : BIOS.obj (.text:ti_sysbios_knl_Swi_runLoop__I)
                  0001bacc    00000004     slnetsock_release.a : slnetif.oem4f (.text:SlNetIf_init)
                  0001bad0    0000004c     sysbios.aem4f : BIOS.obj (.text:ti_sysbios_knl_Task_allBlockedFunction__I)
                  0001bb1c    00000004     slnetsock_release.a : slnetutils.oem4f (.text:SlNetUtil_init)
                  0001bb20    0000004c     sysbios.aem4f : BIOS.obj (.text:ti_sysbios_knl_Task_schedule__I)
                  0001bb6c    0000004c     msp432e4_driverlib.a : udma.o (.text:uDMAChannelAssign)
                  0001bbb8    0000004c                          : udma.o (.text:uDMAChannelModeGet)
                  0001bc04    0000004a     drivers_msp432e4.aem4f : ADCBufMSP432E4.oem4f (.text:ADCBufMSP432E4_convert)
                  0001bc4e    0000004a     netctrl_min_ipv4.aem4f : netsrv.oem4f (.text:ServiceKill)
                  0001bc98    0000004a     stk.aem4f : sock.oem4f (.text:SockDisconnect)
                  0001bce2    00000002     --HOLE-- [fill = 0]
                  0001bce4    0000004a               : timer.oem4f (.text:TimerNew)
                  0001bd2e    0000004a     nettool_ipv4.aem4f : config.oem4f (.text:_CfgEntryScan)
                  0001bd78    00000048                        : config.oem4f (.text:CfgNew)
                  0001bdc0    00000048     stk.aem4f : lli.oem4f (.text:LLIMsg)
                  0001be08    00000048               : node.oem4f (.text:NodeWalk)
                  0001be50    00000048               : rawethsock_pcb.oem4f (.text:RawEthSockPcbDetach)
                  0001be98    00000048     slnetsock_release.a : slnetsock.oem4f (.text:SlNetSock_init)
                  0001bee0    00000048     stk.aem4f : sockpcb.oem4f (.text:SockPcbResolveChain)
                  0001bf28    00000048               : tcpprot.oem4f (.text:TcpDrop)
                  0001bf70    00000048     drivers_msp432e4.aem4f : UARTMSP432E4.oem4f (.text:UARTMSP432E4_writeCancel)
                  0001bfb8    00000048     stk.aem4f : lli.oem4f (.text:_LLIExpListInsert)
                  0001c000    00000048               : rtable.oem4f (.text:_RtExpListInsert)
                  0001c048    00000048     rtsv7M4_T_le_v4SPD16_eabi.lib : fd_toi_t2.asm.obj (.text)
                  0001c090    00000048     ti_ndk_config.obj (.text:ti_ndk_config_Global_startupFxn)
                  0001c0d8    00000048     sysbios.aem4f : BIOS.obj (.text:ti_sysbios_family_arm_lm4_Timer_enableTimers__I)
                  0001c120    00000048                   : BIOS.obj (.text:ti_sysbios_family_arm_m3_Hwi_disableInterrupt__E)
                  0001c168    00000048                   : BIOS.obj (.text:ti_sysbios_family_arm_m3_Hwi_enableInterrupt__E)
                  0001c1b0    00000048                   : BIOS.obj (.text:ti_sysbios_knl_Mailbox_Module_startup__E)
                  0001c1f8    00000048                   : BIOS.obj (.text:ti_sysbios_knl_Task_deleteTerminatedTasksFunc__I)
                  0001c240    00000048                   : BIOS.obj (.text:xdc_runtime_Core_assignParams__I)
                  0001c288    00000046     nettool_ipv4.aem4f : ipaddr.oem4f (.text:NtIfIdx2Ip)
                  0001c2ce    00000046     stk.aem4f : rawethsock.oem4f (.text:RawEthSockSend)
                  0001c314    00000046     drivers_msp432e4.aem4f : RingBuf.oem4f (.text:RingBuf_put)
                  0001c35a    00000002     --HOLE-- [fill = 0]
                  0001c35c    00000046     os.aem4f : semaphore.oem4f (.text:SemCreateBinary)
                  0001c3a2    00000046     stk.aem4f : tcpprot.oem4f (.text:TcpPrCtlError)
                  0001c3e8    00000046     drivers_msp432e4.aem4f : TimerMSP432E4.oem4f (.text:getPrescaler)
                  0001c42e    00000002     --HOLE-- [fill = 0]
                  0001c430    00000044                            : ADCBuf.oem4f (.text:ADCBuf_init)
                  0001c474    00000044                            : ADC.oem4f (.text:ADC_init)
                  0001c4b8    00000044     nettool_ipv4.aem4f : dnspkt.oem4f (.text:DNSBuildRequest)
                  0001c4fc    00000044     msp432e4_driverlib.a : gpio.o (.text:GPIOPinConfigure)
                  0001c540    00000044     rtsv7M4_T_le_v4SPD16_eabi.lib : hostclose.c.obj (.text:HOSTclose)
                  0001c584    00000044                                   : hostunlink.c.obj (.text:HOSTunlink)
                  0001c5c8    00000044     stk.aem4f : icmp.oem4f (.text:ICMPChecksum)
                  0001c60c    00000044               : ipfrag.oem4f (.text:IPReasmFree)
                  0001c650    00000044               : lli.oem4f (.text:LLIGetValidTime)
                  0001c694    00000044               : rtable.oem4f (.text:RouteMsg)
                  0001c6d8    00000044               : rtable.oem4f (.text:RtWalkEnd)
                  0001c71c    00000044     drivers_msp432e4.aem4f : SPI.oem4f (.text:SPI_init)
                  0001c760    00000044     slnetsock_release.a : slnetutils.oem4f (.text:SlNetUtil_strTok)
                  0001c7a4    00000044     stk.aem4f : sock.oem4f (.text:SockIntAbort)
                  0001c7e8    00000044               : sockpcb.oem4f (.text:SockPcbDetach)
                  0001c82c    00000044     msp432e4_driverlib.a : sysctl.o (.text:SysCtlPeripheralPresent)
                  0001c870    00000044                          : sysctl.o (.text:SysCtlPeripheralReady)
                  0001c8b4    00000044     drivers_msp432e4.aem4f : Timer.oem4f (.text:Timer_init)
                  0001c8f8    00000044                            : UART.oem4f (.text:UART_init)
                  0001c93c    00000044     rtsv7M4_T_le_v4SPD16_eabi.lib : getdevice.c.obj (.text:getdevice)
                  0001c980    00000044                                   : fd_tou_t2.asm.obj (.text)
                  0001c9c4    00000044     ti_net_config.obj (.text:ti_net_SlNet_initConfig)
                  0001ca08    00000044     sysbios.aem4f : BIOS.obj (.text:ti_sysbios_family_arm_lm4_Timer_isrStub__E)
                  0001ca4c    00000004     stk.aem4f : sock.oem4f (.text:SockGetCtx)
                  0001ca50    00000044     sysbios.aem4f : BIOS.obj (.text:ti_sysbios_family_arm_m3_Hwi_getStackInfo__E)
                  0001ca94    00000004     os.aem4f : task.oem4f (.text:TaskSelf)
                  0001ca98    00000044     sysbios.aem4f : BIOS.obj (.text:ti_sysbios_knl_Mailbox_postInit__I)
                  0001cadc    00000004     os.aem4f : task.oem4f (.text:TaskSetPri)
                  0001cae0    00000044     sysbios.aem4f : BIOS.obj (.text:ti_sysbios_knl_Swi_post__E)
                  0001cb24    00000004     hal_ser_stub.aem4f : llserstb.oem4f (.text:_llSerialInit)
                  0001cb28    00000044     sysbios.aem4f : BIOS.obj (.text:xdc_runtime_System_atexit__E)
                  0001cb6c    00000042     msp432e4_driverlib.a : adc.o (.text:ADCSequenceDataGet)
                  0001cbae    00000042     stk.aem4f : socket.oem4f (.text:NDK_listen)
                  0001cbf0    00000042               : rawethsock.oem4f (.text:RawEthSockShutdown)
                  0001cc32    00000042               : tcpprot.oem4f (.text:TcpPrSendOOB)
                  0001cc74    00000042               : fileuser.oem4f (.text:fdCloseSession)
                  0001ccb6    00000002     --HOLE-- [fill = 0]
                  0001ccb8    00000040     drivers_msp432e4.aem4f : ADCBuf.oem4f (.text:ADCBuf_open)
                  0001ccf8    00000040                            : ADC.oem4f (.text:ADC_open)
                  0001cd38    00000040     dpl_msp432e4.aem4f : ClockP_tirtos.oem4f (.text:ClockP_create)
                  0001cd78    00000040                        : HwiP_tirtos.oem4f (.text:HwiP_create)
                  0001cdb8    00000040     stk.aem4f : lliin.oem4f (.text:LLIValidateRoute)
                  0001cdf8    00000040               : pbm.oem4f (.text:PBM_copy)
                  0001ce38    00000040     drivers_msp432e4.aem4f : RingBuf.oem4f (.text:RingBuf_get)
                  0001ce78    00000040                            : SPI.oem4f (.text:SPI_open)
                  0001ceb8    00000040     os.aem4f : semaphore.oem4f (.text:SemCreate)
                  0001cef8    00000040     slnetsock_release.a : slnetsock.oem4f (.text:SlNetSock_bind)
                  0001cf38    00000040     stk.aem4f : sockpcb.oem4f (.text:SockPcbRtChange)
                  0001cf78    00000040     msp432e4_driverlib.a : sysctl.o (.text:SysCtlPeripheralDisable)
                  0001cfb8    00000040                          : sysctl.o (.text:SysCtlPeripheralEnable)
                  0001cff8    00000040                          : sysctl.o (.text:SysCtlPeripheralPowerOff)
                  0001d038    00000040                          : sysctl.o (.text:SysCtlPeripheralPowerOn)
                  0001d078    00000040                          : sysctl.o (.text:SysCtlPeripheralSleepDisable)
                  0001d0b8    00000040                          : sysctl.o (.text:SysCtlPeripheralSleepEnable)
                  0001d0f8    00000040     stk.aem4f : tcpprot.oem4f (.text:TcpPrSend)
                  0001d138    00000040     drivers_msp432e4.aem4f : Timer.oem4f (.text:Timer_open)
                  0001d178    00000040                            : UARTMSP432E4.oem4f (.text:UARTMSP432E4_read)
                  0001d1b8    00000040                            : UART.oem4f (.text:UART_open)
                  0001d1f8    00000040                            : UDMAMSP432E4.oem4f (.text:UDMAMSP432E4_init)
                  0001d238    00000040     commands.obj (.text:clearCMD)
                  0001d278    00000040     drivers_msp432e4.aem4f : SPIMSP432E4DMA.oem4f (.text:getPeripheralResetId)
                  0001d2b8    00000040     rtsv7M4_T_le_v4SPD16_eabi.lib : u_divt2.asm.obj (.text)
                  0001d2f8    00000040                                   : sprintf.c.obj (.text:sprintf)
                  0001d338    00000040     sysbios.aem4f : BIOS.obj (.text:ti_sysbios_family_arm_lm4_Timer_startup__E)
                  0001d378    00000040                   : BIOS.obj (.text:ti_sysbios_heaps_HeapMem_Instance_init__E)
                  0001d3b8    00000040     msp432e4_driverlib.a : udma.o (.text:uDMAInit)
                  0001d3f8    0000003e     nettool_ipv4.aem4f : dhcpmain.oem4f (.text:DHCPClose)
                  0001d436    00000002     --HOLE-- [fill = 0]
                  0001d438    0000003e     stk.aem4f : nimu.oem4f (.text:NIMUAllocateName)
                  0001d476    0000003e     slnetsock_release.a : slnetsock.oem4f (.text:SlNetSock_close)
                  0001d4b4    0000003e     stk.aem4f : tcpprot.oem4f (.text:TcpPrDisconnect)
                  0001d4f2    0000003e     rtsv7M4_T_le_v4SPD16_eabi.lib : _printfi.c.obj (.text:_fcpy)
                  0001d530    0000003e     stk.aem4f : file.oem4f (.text:fdint_unlockfd)
                  0001d56e    0000003c     nettool_ipv4.aem4f : config.oem4f (.text:CfgEntryGetData)
                  0001d5aa    00000002     --HOLE-- [fill = 0]
                  0001d5ac    0000003c     stk.aem4f : exec.oem4f (.text:ExecClose)
                  0001d5e8    0000003c               : node.oem4f (.text:NodeUpdatePL)
                  0001d624    0000003c               : rtable.oem4f (.text:RtWalkBegin)
                  0001d660    0000003c     callbacks.obj (.text:SWIADC)
                  0001d69c    0000003c     dpl_msp432e4.aem4f : SemaphoreP_tirtos.oem4f (.text:SemaphoreP_create)
                  0001d6d8    0000003c     stk.aem4f : tcpprot.oem4f (.text:TcpPrConnect)
                  0001d714    0000003c               : tcptime.oem4f (.text:TcpSetPersist)
                  0001d750    0000003c               : rtc.oem4f (.text:_RTCSendRtAdv)
                  0001d78c    0000003c               : rtable.oem4f (.text:_RtNodeRemove)
                  0001d7c8    0000003c     hal_timer.aem4f : lltimer.oem4f (.text:_llTimerInit)
                  0001d804    00000004     rtsv7M4_T_le_v4SPD16_eabi.lib : exit.c.obj (.text:abort:abort)
                  0001d808    0000003c     sysbios.aem4f : BIOS.obj (.text:ti_sysbios_family_arm_m3_Hwi_Instance_finalize__E)
                  0001d844    0000003c     release_pem4f.oem4f (.text:ti_sysbios_knl_Clock_create)
                  0001d880    0000003c     sysbios.aem4f : BIOS.obj (.text:ti_sysbios_knl_Swi_restore__E)
                  0001d8bc    00000004     stk.aem4f : listlib.oem4f (.text:list_get_head)
                  0001d8c0    0000003c     sysbios.aem4f : BIOS.obj (.text:timer_delete)
                  0001d8fc    0000003c     msp432e4_driverlib.a : udma.o (.text:uDMAChannelControlSet)
                  0001d938    0000003c     sysbios.aem4f : BIOS.obj (.text:xdc_runtime_System_processAtExit__E)
                  0001d974    0000003a     stk.aem4f : ip.oem4f (.text:IPChecksum)
                  0001d9ae    00000002     --HOLE-- [fill = 0]
                  0001d9b0    00000038               : ipfrag.oem4f (.text:IPReasmTimeout)
                  0001d9e8    00000038               : node.oem4f (.text:NodeGetRt)
                  0001da20    00000038     commands.obj (.text:PrintCMD)
                  0001da58    00000038     stk.aem4f : sb.oem4f (.text:SBSetMax)
                  0001da90    00000038     slnetsock_release.a : slnetif.oem4f (.text:SlNetIf_configCheck)
                  0001dac8    00000038                         : slnetutils.oem4f (.text:SlNetUtil_htonl)
                  0001db00    00000038     stk.aem4f : tcpprot.oem4f (.text:TcpClose)
                  0001db38    00000038               : timer.oem4f (.text:TimerHSTick)
                  0001db70    00000038     drivers_msp432e4.aem4f : TimerMSP432E4.oem4f (.text:TimerMSP432E4_hwiIntFunction)
                  0001dba8    00000038     commands.obj (.text:UartCMD)
                  0001dbe0    00000038     rtsv7M4_T_le_v4SPD16_eabi.lib : trgmsg.c.obj (.text:__TI_writemsg)
                  0001dc18    00000038     nettool_ipv4.aem4f : dhcptags.oem4f (.text:dhcpOptionsClear)
                  0001dc50    00000038     stk.aem4f : file.oem4f (.text:fdint_waitevent)
                  0001dc88    00000038     rtsv7M4_T_le_v4SPD16_eabi.lib : fs_tod_t2.asm.obj (.text)
                  0001dcc0    00000038     sysbios.aem4f : BIOS.obj (.text:ti_sysbios_knl_Task_processVitalTaskFlag__I)
                  0001dcf8    00000036     drivers_msp432e4.aem4f : ADCBufMSP432E4.oem4f (.text:ADCBufMSP432E4_convertAdjustedToMicroVolts)
                  0001dd2e    00000036     msp432e4_driverlib.a : timer.o (.text:TimerControlStall)
                  0001dd64    00000036     drivers_msp432e4.aem4f : UARTMSP432E4.oem4f (.text:UARTMSP432E4_readCancel)
                  0001dd9a    00000036     rtsv7M4_T_le_v4SPD16_eabi.lib : strncpy.c.obj (.text:strncpy)
                  0001ddd0    00000034     nettool_ipv4.aem4f : config.oem4f (.text:CfgSetService)
                  0001de04    00000034     drivers_msp432e4.aem4f : EMACMSP432E4.oem4f (.text:EMACMSP432E4_emacPoll)
                  0001de38    00000034     stk.aem4f : nimu.oem4f (.text:NIMUFindByName)
                  0001de6c    00000034               : rawethsock.oem4f (.text:RawEthSockClose)
                  0001dea0    00000034               : rawethsock.oem4f (.text:RawEthSockNotify)
                  0001ded4    00000034     slnetsock_release.a : slnetutils.oem4f (.text:SlNetUtil_htons)
                  0001df08    00000034     stk.aem4f : sockprot.oem4f (.text:SockPrCtlError)
                  0001df3c    00000034     drivers_msp432e4.aem4f : TimerMSP432E4.oem4f (.text:TimerMSP432E4_close)
                  0001df70    00000034     rtsv7M4_T_le_v4SPD16_eabi.lib : fopen.c.obj (.text:__TI_cleanup)
                  0001dfa4    00000034                                   : trgmsg.c.obj (.text:__TI_readmsg)
                  0001dfd8    00000034     sysbios.aem4f : BIOS.obj (.text:_pthread_delete$44)
                  0001e00c    00000034     slnetifndk_msp432e4.aem4f : slnetifndk.oem4f (.text:addSktToTable)
                  0001e040    00000034     nettool_ipv4.aem4f : dhcpbild.oem4f (.text:dhcpBuildDiscover)
                  0001e074    00000034     drivers_msp432e4.aem4f : SPIMSP432E4DMA.oem4f (.text:getPowerMgrId)
                  0001e0a8    00000034     os.aem4f : mem.oem4f (.text:mmUnInitPage)
                  0001e0dc    00000034              : ossys.oem4f (.text:stricmp)
                  0001e110    00000034     rtsv7M4_T_le_v4SPD16_eabi.lib : strstr.c.obj (.text:strstr)
                  0001e144    00000034     release_pem4f.oem4f (.text:ti_sysbios_knl_Semaphore_create)
                  0001e178    00000032     nettool_ipv4.aem4f : config.oem4f (.text:CfgGetImmediate)
                  0001e1aa    00000032     stk.aem4f : pipe.oem4f (.text:PipeCheck)
                  0001e1dc    00000032               : route.oem4f (.text:RtDeRef)
                  0001e20e    00000032               : route.oem4f (.text:RtSetFailure)
                  0001e240    00000032               : sb.oem4f (.text:SBFlush)
                  0001e272    00000032     nettool_ipv4.aem4f : config.oem4f (.text:_CfgAcquire)
                  0001e2a4    00000032                        : dhcpsm.oem4f (.text:dhcpIPRemove)
                  0001e2d6    00000002     --HOLE-- [fill = 0]
                  0001e2d8    00000032     sysbios.aem4f : BIOS.obj (.text:ti_sysbios_hal_Hwi_initStack)
                  0001e30a    00000006     drivers_msp432e4.aem4f : ADCMSP432E4.oem4f (.text:ADCMSP432E4_control)
                  0001e310    00000032     sysbios.aem4f : BIOS.obj (.text:xdc_runtime_System_putchar__I)
                  0001e342    00000002     --HOLE-- [fill = 0]
                  0001e344    00000030     ti_drivers_config.obj (.text:Board_init)
                  0001e374    00000030     drivers_msp432e4.aem4f : EMACMSP432E4.oem4f (.text:EMACMSP432E4_isLinkUp)
                  0001e3a4    00000030                            : GPIOMSP432E4.oem4f (.text:GPIOMSP432E4_undoPinConfig)
                  0001e3d4    00000030                            : GPIOMSP432E4.oem4f (.text:GPIO_enableInt)
                  0001e404    00000030                            : GPIOMSP432E4.oem4f (.text:GPIO_read)
                  0001e434    00000030     netctrl_min_ipv4.aem4f : netsrv.oem4f (.text:NS_PreBoot)
                  0001e464    00000030     slnetsock_release.a : slnetif.oem4f (.text:SlNetIf_getIDByName)
                  0001e494    00000030                         : slnetutils.oem4f (.text:SlNetUtil_gaiStrErr)
                  0001e4c4    00000030     stk.aem4f : sock.oem4f (.text:SockBind)
                  0001e4f4    00000030               : sock.oem4f (.text:SockGetName)
                  0001e524    00000030               : sockpcb.oem4f (.text:SockPcbAttach)
                  0001e554    00000030     msp432e4_driverlib.a : uart.o (.text:UARTDisable)
                  0001e584    00000030     rtsv7M4_T_le_v4SPD16_eabi.lib : snprintf.c.obj (.text:_outs)
                  0001e5b4    00000030     nettool_ipv4.aem4f : dhcpsock.oem4f (.text:dhcpPacketSend)
                  0001e5e4    00000030     stk.aem4f : file.oem4f (.text:fdint_setevent)
                  0001e614    00000030     rtsv7M4_T_le_v4SPD16_eabi.lib : getdevice.c.obj (.text:finddevice)
                  0001e644    00000030     stk.aem4f : listlib.oem4f (.text:list_remove_node)
                  0001e674    00000030     release_pem4f.oem4f (.text:ti_sysbios_BIOS_atExitFunc__I)
                  0001e6a4    00000030     release_pem4f.oem4f (.text:ti_sysbios_BIOS_startFunc__I)
                  0001e6d4    00000004     stk.aem4f : listlib.oem4f (.text:list_get_next)
                  0001e6d8    00000030     sysbios.aem4f : BIOS.obj (.text:ti_sysbios_family_arm_lm4_Timer_stop__E)
                  0001e708    00000030                   : BIOS.obj (.text:ti_sysbios_family_arm_m3_TaskSupport_start__E)
                  0001e738    00000030     release_pem4f.oem4f (.text:ti_sysbios_gates_GateHwi_Object__create__S)
                  0001e768    00000030     release_pem4f.oem4f (.text:ti_sysbios_gates_GateMutex_Object__create__S)
                  0001e798    00000030     sysbios.aem4f : BIOS.obj (.text:ti_sysbios_gates_GateMutex_enter__E)
                  0001e7c8    00000030     release_pem4f.oem4f (.text:ti_sysbios_gates_GateSwi_Object__create__S)
                  0001e7f8    00000030     release_pem4f.oem4f (.text:ti_sysbios_heaps_HeapMem_Object__create__S)
                  0001e828    00000030     release_pem4f.oem4f (.text:ti_sysbios_knl_Clock_construct)
                  0001e858    00000030     release_pem4f.oem4f (.text:ti_sysbios_knl_Semaphore_construct)
                  0001e888    00000030     sysbios.aem4f : BIOS.obj (.text:ti_sysbios_knl_Semaphore_pendTimeout__I)
                  0001e8b8    00000030                   : BIOS.obj (.text:ti_sysbios_knl_Task_restore__E)
                  0001e8e8    00000030                   : BIOS.obj (.text:ti_sysbios_knl_Task_unblockI__E)
                  0001e918    0000002e     drivers_msp432e4.aem4f : EMACMSP432E4.oem4f (.text:EMACMSP432E4_emacioctl)
                  0001e946    0000002e     stk.aem4f : sb.oem4f (.text:SBFree)
                  0001e974    0000002e     rtsv7M4_T_le_v4SPD16_eabi.lib : i_tofd_t2.asm.obj (.text)
                  0001e9a2    0000002e     release_pem4f.oem4f (.text:ti_sysbios_rts_MemAlloc_alloc)
                  0001e9d0    0000002c     stk.aem4f : file.oem4f (.text:FdSignalEvent)
                  0001e9fc    0000002c               : igmp.oem4f (.text:IGMPTestGroup)
                  0001ea28    0000002c     os.aem4f : NDK_SemaphoreP_tirtos.oem4f (.text:NDK_SemaphoreP_createBinary)
                  0001ea54    0000002c     stk.aem4f : nimu.oem4f (.text:NIMUPacketServiceCheck)
                  0001ea80    0000002c               : pipe.oem4f (.text:PipeClose)
                  0001eaac    0000002c     dpl_msp432e4.aem4f : SemaphoreP_tirtos.oem4f (.text:SemaphoreP_createBinary)
                  0001ead8    0000002c     msp432e4_driverlib.a : sysctl.o (.text:SysCtlPeripheralClockGating)
                  0001eb04    0000002c     stk.aem4f : lli.oem4f (.text:_LLIExpListRemove)
                  0001eb30    0000002c               : lli.oem4f (.text:_LLITimeoutFlush)
                  0001eb5c    0000002c               : rtable.oem4f (.text:_RtExpListRemove)
                  0001eb88    0000002c     sysbios.aem4f : BIOS.obj (.text:_pthread_cleanupFxn)
                  0001ebb4    00000004     release_pem4f.oem4f (.text:ti_sysbios_BIOS_RtsGateProxy_enter__E)
                  0001ebb8    0000002c     sysbios.aem4f : BIOS.obj (.text:clockFxn$42)
                  0001ebe4    0000002c     slnetsock_release.a : slnetutils.oem4f (.text:mergeLists)
                  0001ec10    0000002c     udpEcho.obj (.text:select)
                  0001ec3c    0000002c     rtsv7M4_T_le_v4SPD16_eabi.lib : strncmp.c.obj (.text:strncmp)
                  0001ec68    0000002c     release_pem4f.oem4f (.text:ti_sysbios_gates_GateHwi_Handle__label__S)
                  0001ec94    0000002c     release_pem4f.oem4f (.text:ti_sysbios_gates_GateMutex_Handle__label__S)
                  0001ecc0    0000002c     release_pem4f.oem4f (.text:ti_sysbios_gates_GateSwi_Handle__label__S)
                  0001ecec    0000002c     release_pem4f.oem4f (.text:ti_sysbios_heaps_HeapMem_Handle__label__S)
                  0001ed18    0000002c     release_pem4f.oem4f (.text:ti_sysbios_knl_Clock_doTick__I)
                  0001ed44    00000004     release_pem4f.oem4f (.text:ti_sysbios_BIOS_RtsGateProxy_leave__E)
                  0001ed48    0000002c     sysbios.aem4f : BIOS.obj (.text:ti_sysbios_knl_Clock_getTimeout__E)
                  0001ed74    0000002c     release_pem4f.oem4f (.text:ti_sysbios_knl_Queue_construct)
                  0001eda0    0000002c     rtsv7M4_T_le_v4SPD16_eabi.lib : unlink.c.obj (.text:unlink)
                  0001edcc    0000002a     stk.aem4f : pbm.oem4f (.text:PBMQ_deq)
                  0001edf6    0000002a     netctrl_min_ipv4.aem4f : netsrv.oem4f (.text:ServiceCallback)
                  0001ee20    0000002a     slnetsock_release.a : slnetutils.oem4f (.text:SlNetUtil_inetPton)
                  0001ee4a    0000002a     stk.aem4f : tcpin.oem4f (.text:TcpEnterTimeWait)
                  0001ee74    0000002a     msp432e4_driverlib.a : timer.o (.text:TimerLoadSet)
                  0001ee9e    0000002a                          : timer.o (.text:TimerPrescaleSet)
                  0001eec8    0000002a     nettool_ipv4.aem4f : config.oem4f (.text:_CfgRelease)
                  0001eef2    0000002a     release_pem4f.oem4f (.text:calloc)
                  0001ef1c    0000002a     ti_ndk_config.obj (.text:configUdp)
                  0001ef46    0000002a     nettool_ipv4.aem4f : dhcpsock.oem4f (.text:dhcpPacketReceive)
                  0001ef70    0000002a     sysbios.aem4f : BIOS.obj (.text:sem_init)
                  0001ef9a    00000002     --HOLE-- [fill = 0]
                  0001ef9c    00000028     msp432e4_driverlib.a : adc.o (.text:ADCProcessorTrigger)
                  0001efc4    00000028     stk.aem4f : bind.oem4f (.text:BindFindByNet)
                  0001efec    00000028     msp432e4_driverlib.a : flash.o (.text:FlashUserGet)
                  0001f014    00000028     stk.aem4f : lli.oem4f (.text:LLIFree)
                  0001f03c    00000028     netctrl_min_ipv4.aem4f : netctrl.oem4f (.text:NC_SystemClose)
                  0001f064    00000028     stk.aem4f : socket.oem4f (.text:NDK_registerHook)
                  0001f08c    00000028               : nimu.oem4f (.text:NIMUCreatePacket)
                  0001f0b4    00000028               : nimu.oem4f (.text:NIMUPacketService)
                  0001f0dc    00000028     slnetsock_release.a : slnetif.oem4f (.text:SlNetIf_getIfByID)
                  0001f104    00000028                         : slnetsock.oem4f (.text:SlNetSock_sdsClr)
                  0001f12c    00000028                         : slnetsock.oem4f (.text:SlNetSock_sdsIsSet)
                  0001f154    00000028                         : slnetsock.oem4f (.text:SlNetSock_sdsSet)
                  0001f17c    00000028     stk.aem4f : timer.oem4f (.text:TimerListRemove)
                  0001f1a4    00000028               : vlan.oem4f (.text:VLANInit)
                  0001f1cc    00000028     rtsv7M4_T_le_v4SPD16_eabi.lib : lseek.c.obj (.text:lseek)
                  0001f1f4    00000028                                   : memmov.c.obj (.text:memmove)
                  0001f21c    00000028     slnetifndk_msp432e4.aem4f : slnetifndk.oem4f (.text:removeSktFromTable)
[...]
000225f5  CONFIG_GPIO_3_CONST                                             
000225f6  CONFIG_GPIO_AMP_ON_CONST                                        
000225f7  CONFIG_GPIO_MIC_CONST                                           
000225f8  LSW_CONST                                                       
000225f9  RSW_CONST                                                       
000225fa  CONFIG_SPI_0_CONST                                              
000225fb  SPI_count                                                       
000225fc  CONFIG_TIMER_0_CONST                                            
000225fd  CONFIG_TIMER_1_CONST                                            
000225fe  Timer_count                                                     
000225ff  CONFIG_UART_1_CONST                                             
00022600  CONFIG_UART_0_CONST                                             
00022601  UART_count                                                      
00022602  ti_sysbios_knl_Task_Module__id__C                               
00022604  GPIOMSP432E4_config                                             
00022650  xdc_runtime_Startup_firstFxns__A                                
00022660  xdc_runtime_Startup_sfxnRts__A                                  
0002267e  xdc_runtime_Memory_Module__id__C                                
00022680  ADCBuf_config                                                   
0002268c  SPI_config                                                      
000226a4  ti_sysbios_knl_Idle_funcList__A                                 
000226b0  udmaMSP432E4HWAttrs                                             
000226bc  ADC_defaultParams                                               
000226c4  PowerMSP432E4_config                                            
000226cc  UDMAMSP432E4_config                                             
00022704  ti_sysbios_knl_Idle_funcList__C                                 
0002270c  ti_sysbios_knl_Task_hooks__C                                    
00022714  xdc_runtime_Startup_firstFxns__C                                
0002271c  xdc_runtime_Startup_lastFxns__C                                 
00022748  ti_sysbios_family_arm_lm4_Timer_enableFunc__C                   
0002274c  ti_sysbios_family_arm_lm4_Timer_numTimerDevices__C              
00022750  ti_sysbios_family_arm_lm4_Timer_startupNeeded__C                
00022754  ti_sysbios_family_arm_m3_Hwi_E_alreadyDefined__C                
00022758  ti_sysbios_family_arm_m3_Hwi_E_badIntNum__C                     
0002275c  ti_sysbios_family_arm_m3_Hwi_NUM_INTERRUPTS__C                  
00022760  ti_sysbios_family_arm_m3_Hwi_Object__count__C                   
00022764  ti_sysbios_family_arm_m3_Hwi_ccr__C                             
00022768  ti_sysbios_family_arm_m3_Hwi_excHandlerFunc__C                  
0002276c  ti_sysbios_family_arm_m3_Hwi_nullIsrFunc__C                     
00022770  ti_sysbios_family_arm_m3_Hwi_priGroup__C                        
00022774  ti_sysbios_family_arm_m3_TaskSupport_stackAlignment__C          
00022778  ti_sysbios_gates_GateMutex_Instance_State_sem__O                
0002277c  ti_sysbios_heaps_HeapMem_E_memory__C                            
00022780  ti_sysbios_heaps_HeapMem_Module__gateObj__C                     
00022784  ti_sysbios_heaps_HeapMem_Object__count__C                       
00022788  ti_sysbios_heaps_HeapMem_primaryHeapBaseAddr__C                 
0002278c  ti_sysbios_heaps_HeapMem_primaryHeapEndAddr__C                  
00022790  ti_sysbios_heaps_HeapMem_reqAlign__C                            
00022794  ti_sysbios_knl_Clock_Module_State_clockQ__O                     
00022798  ti_sysbios_knl_Clock_tickPeriod__C                              
0002279c  ti_sysbios_knl_Mailbox_Instance_State_freeQue__O                
000227a0  ti_sysbios_knl_Mailbox_Object__count__C                         
000227a4  ti_sysbios_knl_Mailbox_maxTypeAlign__C                          
000227a8  ti_sysbios_knl_Semaphore_Instance_State_pendQ__O                
000227ac  ti_sysbios_knl_Swi_Object__count__C                             
000227b0  ti_sysbios_knl_Task_E_deleteNotAllowed__C                       
000227b4  ti_sysbios_knl_Task_Module_State_inactiveQ__O                   
000227b8  ti_sysbios_knl_Task_Module_State_terminatedQ__O                 
000227bc  ti_sysbios_knl_Task_Object__count__C                            
000227c0  ti_sysbios_knl_Task_Object__heap__C                             
000227c4  ti_sysbios_knl_Task_allBlockedFunc__C                           
000227c8  ti_sysbios_knl_Task_defaultStackHeap__C                         
000227cc  ti_sysbios_knl_Task_defaultStackSize__C                         
000227d0  ti_sysbios_knl_Task_numConstructedTasks__C                      
000227d4  xdc_runtime_Error_E_memory__C                                   
000227d8  xdc_runtime_Error_policyFxn__C                                  
000227dc  xdc_runtime_IGateProvider_Interface__BASE__C                    
000227e0  xdc_runtime_IHeap_Interface__BASE__C                            
000227e4  xdc_runtime_IModule_Interface__BASE__C                          
000227e8  xdc_runtime_Memory_defaultHeapInstance__C                       
000227ec  xdc_runtime_Startup_execImpl__C                                 
000227f0  xdc_runtime_Startup_maxPasses__C                                
000227f4  xdc_runtime_Startup_sfxnRts__C                                  
000227f8  xdc_runtime_Startup_sfxnTab__C                                  
000227fc  xdc_runtime_SysCallback_abortFxn__C                             
00022800  xdc_runtime_SysCallback_exitFxn__C                              
00022804  xdc_runtime_SysCallback_putchFxn__C                             
00022808  xdc_runtime_SysCallback_readyFxn__C                             
0002280c  xdc_runtime_System_Module__gateObj__C                           
00022810  xdc_runtime_System_abortFxn__C                                  
00022814  xdc_runtime_System_exitFxn__C                                   
00022818  xdc_runtime_System_extendFxn__C                                 
0002281c  xdc_runtime_System_maxAtexitHandlers__C                         
00022820  __TI_static_base__                                              
0002368c  __TI_Handler_Table_Base                                         
00023698  __TI_Handler_Table_Limit                                        
000236a0  __TI_CINIT_Base                                                 
000236b0  __TI_CINIT_Limit                                                
20000000  __start___llvm_prf_cnts                                         
20000000  __stop___llvm_prf_cnts                                          
20000000  ti_sysbios_family_arm_m3_Hwi_ramVectors                         
20000360  __primary_heap_start__                                          
20020360  __primary_heap_end__                                            
20020360  glo                                                             
2002b4e0  aboutCMD                                                        
2002b75d  audioCMD                                                        
2002b9da  callbackCMD                                                     
2002bc57  clrCMD                                                          
2002bed4  dialCMD                                                         
2002c151  errorCMD                                                        
2002c3ce  gpioCMD                                                         
2002c64b  helpCMD                                                         
2002c8c8  ifCMD                                                           
2002cb45  memrCMD                                                         
2002cdc2  netCMD                                                          
2002d03f  printCMD                                                        
2002d2bc  regCMD                                                          
2002d539  remCMD                                                          
2002d7b6  scriptCMD                                                       
2002da33  sinCMD                                                          
2002dcb0  strmCMD                                                         
2002df2d  tickerCMD                                                       
2002e1aa  timerCMD                                                        
2002e427  uartCMD                                                         
2002e6a4  voiceCMD                                                        
2002e924  ADCERR                                                          
2002eaa4  BADCMD                                                          
2002ec24  BADGPIO                                                         
2002eda4  BADMEM                                                          
2002ef24  BADMTH                                                          
2002f0a4  BFROVF                                                          
2002f224  NETERR                                                          
2002f3a4  QUEOVF                                                          
2002f524  SCRPTER                                                         
2002f6a4  StreamERR                                                       
2002f824  VoiceERR                                                        
2002f9a4  ti_sysbios_knl_Task_Object__table__V                            
2002fb20  PowerMSP432E4_module                                            
2002fc8c  CB0                                                             
2002fdc0  CB1                                                             
2002fef4  CB2                                                             
20030028  PIN0                                                            
20030158  PIN1                                                            
20030288  PIN2                                                            
200303b8  PIN3                                                            
200304e8  PIN4                                                            
20030618  PIN5                                                            
20030748  PIN6                                                            
20030878  PIN7                                                            
200309a8  ti_sysbios_knl_Swi_Object__table__V                             
20030ac8  _ftable                                                         
20030bb8  _ipcfg                                                          
20030cf8  ti_sysbios_knl_Swi_Module_State_0_readyQ__A                     
20030d78  ti_sysbios_knl_Task_Module_State_0_readyQ__A                    
20030df8  _device                                                         
20030e70  SlNetIfConfigNDK                                                
20030ec8  ti_sysbios_gates_GateMutex_Object__table__V                     
20030f1c  _stream                                                         
20030fbc  ti_sysbios_knl_Task_Module__state__V                            
20031080  ti_sysbios_family_arm_lm4_Timer_Module_State_0_device__A        
200310c0  ti_sysbios_family_arm_lm4_Timer_Object__table__V                
20031100  ti_sysbios_knl_Semaphore_Object__table__V                       
20031170  ti_sysbios_family_arm_m3_Hwi_Module__state__V                   
20031200  ti_sysbios_knl_Clock_Module__state__V                           
2003122c  _oscfg                                                          
20031278  ti_sysbios_BIOS_Module__state__V                                
2003129c  gpioCallbackFunctions                                           
200312bc  gpioPinConfigs                                                  
200312dc  pstrMsgName                                                     
200312fc  ti_sysbios_family_arm_lm4_Timer_Module_State_0_handles__A       
2003131c  xdc_runtime_Error_IgnoreBlock                                   
20031358  ti_ndk_config_Global_Id2Size                                    
20031374  ti_sysbios_knl_Swi_Module__state__V                             
200313a8  ti_sysbios_family_arm_m3_Hwi_Object__table__V                   
200313c0  ti_sysbios_heaps_HeapMem_Object__table__V                       
20031428  ti_sysbios_family_arm_lm4_Seconds_Module__state__V              
2003143c  ti_sysbios_gates_GateSwi_Object__table__V                       
20031450  adcBuf0MSP432E4Channels                                         
20031490  __TI_ft_end                                                     
20031494  __aeabi_stdin                                                   
20031498  __aeabi_stdout                                                  
2003149c  __aeabi_stderr                                                  
200314a8  _IGMPForceVersion1                                              
200314b0  __TI_cleanup_ptr                                                
200314b4  __TI_dtors_ptr                                                  
200314b8  __TI_enable_exit_profile_output                                 
200314bc  NDK_createSockCtx                                               
200314c0  NDK_closeSockCtx                                                
200314c4  NDK_netStartError                                               
200314c8  ti_sysbios_family_arm_lm4_Timer_Module__state__V                
200314e0  _lock                                                           
200314e4  _unlock                                                         
200314e8  NIMUDeviceTable                                                 
20031518  NDK_ICMPInErrors                                                
2003151c  NDK_ICMPOutErrors                                               
20031520  _IPExecuting                                                    
20031540  tcp_iss                                                         
20031544  ptTimeFirst                                                     
20031550  ti_ndk_socket_max_fd                                            
20031558  ti_sysbios_family_arm_m3_Hwi_Module__root__V                    
20031560  ti_sysbios_gates_GateHwi_Module__root__V                        
20031568  ti_sysbios_gates_GateMutex_Module__root__V                      
20031570  ti_sysbios_gates_GateSwi_Module__root__V                        
20031578  ti_sysbios_heaps_HeapMem_Module__root__V                        
20031580  ti_sysbios_knl_Clock_Module__root__V                            
20031588  ti_sysbios_knl_Queue_Module__root__V                            
20031590  ti_sysbios_knl_Semaphore_Module__root__V                        
20031598  ti_sysbios_knl_Task_Module__root__V                             
200315a0  xdc_runtime_Startup_Module__state__V                            
200315a8  xdc_runtime_System_Module_State_0_atexitHandlers__A             
200315b0  xdc_runtime_System_Module__state__V                             
200315d2  ti_sysbios_family_arm_m3_Hwi_Module_State_0_excActive__A        
200315dc  main_func_sp                                                    
200315ec  _IPReasmPtr                                                     
20031600  ti_sysbios_family_arm_m3_Hwi_Module_State_0_excContext__A       
20031604  ti_sysbios_family_arm_m3_Hwi_Module_State_0_excStack__A         
20031608  ti_sysbios_gates_GateHwi_Object__table__V                       
2003160c  ti_sysbios_knl_Task_Module_State_0_idleTask__A                  
20031610  ti_sysbios_rts_ti_ReentSupport_Module__state__V                 
2003161c  xdc_runtime_Memory_Module__state__V                             
20031800  ti_ndk_config_Global_pit                                        
200318a8  ti_ndk_config_Global_pitBuffer                                  
200360a8  ti_ndk_config_Global_pBufMem                                    
20039ca8  ti_ndk_config_Global_pHdrMem                                    
2003a018  ti_sysbios_knl_Task_Instance_State_0_stack__A                   
2003a218  ti_sysbios_knl_Task_Instance_State_1_stack__A                   
2003a518  ti_sysbios_knl_Task_Instance_State_2_stack__A                   
2003b018  ti_sysbios_knl_Task_Instance_State_3_stack__A                   
2003ba18  ti_sysbios_knl_Task_Instance_State_4_stack__A                   
2003bc18  ti_sysbios_family_arm_m3_Hwi_dispatchTable                      
2003c400  __CIOBUF_                                                       
2003c620  uartMSP432E4Objects                                             
2003c6e8  NDK_tcps                                                        
2003c858  __TI_tmpnams                                                    
2003c8f8  adcbufMSP432E4Objects                                           
2003cc24  NDK_ips                                                         
2003cc8c  timerMSP432E4Objects                                            
2003ccf4  nimu_mcb                                                        
2003cd58  NDK_ICMPIn                                                      
2003cda4  NDK_ICMPOut                                                     
2003cdf0  spiMSP432E4DMAObjects                                           
2003ce74  biosblock                                                       
2003ced0  ti_ndk_socket_fdtable                                           
2003cef8  vlan_mcb                                                        
2003cf20  NDK_udps                                                        
2003d030  stkEvent                                                        
2003d07c  NDK_raweths                                                     
2003d08c  NDK_raws                                                        
2003d09c  PBMQ_free                                                       
2003d0a8  tpseudo                                                         
2003d0b4  upseudo                                                         
2003d0c8  parmbuf                                                         
2003d0d0  ti_sysbios_knl_Task_Instance_State_0_hookEnv__A                 
2003d0d8  ti_sysbios_knl_Task_Instance_State_1_hookEnv__A                 
2003d0e0  ti_sysbios_knl_Task_Instance_State_2_hookEnv__A                 
2003d0e8  ti_sysbios_knl_Task_Instance_State_3_hookEnv__A                 
2003d0f0  ti_sysbios_knl_Task_Instance_State_4_hookEnv__A                 
2003d0f8  udmaMSP432E4Object                                              
2003d110  ADCMSP432E4Objects                                              
2003d114  _IGMPInDiscard                                                  
2003d118  _IGMPInQuery                                                    
2003d11c  _IGMPInQueryGroup                                               
2003d120  _IGMPInResponse                                                 
2003d124  _IGMPOutResponse                                                
2003d128  raweth_pcb                                                      
2003fc00  __stack                                                         
20040000  __STACK_END                                                     
e000e000  ti_sysbios_family_arm_m3_Hwi_nvic                               
ffffffff  __TI_pprof_out_hndl                                             
ffffffff  __TI_prof_data_size                                             
ffffffff  __TI_prof_data_start                                            
ffffffff  __binit__                                                       
ffffffff  __c_args__                                                      
ffffffff  binit                                                           
UNDEFED   SHT$$INIT_ARRAY$$Base                                           
UNDEFED   SHT$$INIT_ARRAY$$Limit                                          

[1422 symbols]
