******************************************************************************
                  TI ARM Linker PC v20.2.7                     
******************************************************************************
>> Linked Mon Nov 27 02:19:41 2023

OUTPUT FILE NAME:   <udpecho_MSP_EXP432E401Y_tirtos_ccs.out>
ENTRY POINT SYMBOL: "_c_int00"  address: 0001aa85


MEMORY CONFIGURATION

         name            origin    length      used     unused   attr    fill
----------------------  --------  ---------  --------  --------  ----  --------
  FLASH                 00000000   00100000  0002370a  000dc8f6  R  X
  SRAM                  20000000   00040000  0003d34e  00002cb2  RW X


SEGMENT ALLOCATION MAP

run origin  load origin   length   init length attrs members
----------  ----------- ---------- ----------- ----- -------
00000000    00000000    00023710   00023710    r-x
  00000000    00000000    0000003c   0000003c    r-- .resetVecs
  00000040    00000040    0002112a   0002112a    r-x .text
  0002116c    0002116c    0000170c   0000170c    r-- .const
  00022878    00022878    00000e98   00000e98    r-- .cinit
20000360    20000360    00020000   00000000    r--
  20000360    20000360    00020000   00000000    r-- .priheap
20020360    20020360    000112c2   00000000    rw-
  20020360    20020360    000112c2   00000000    rw- .data
20031800    20031800    0000b92c   00000000    rw-
  20031800    20031800    0000b92c   00000000    rw- .bss
2003fc00    2003fc00    00000400   00000000    rw-
  2003fc00    2003fc00    00000400   00000000    rw- .stack


SECTION ALLOCATION MAP

 output                                  attributes/
section   page    origin      length       input sections
--------  ----  ----------  ----------   ----------------
.text      0    00000040    0002112a     
                  00000040    00000d0c     stk.aem4f : tcpin.oem4f (.text:TcpInput)
                  00000d4c    00000b5a     globals.obj (.text:GlobalConfig)
                  000018a6    00000002     ti_drivers_config.obj (.text:Board_initHook)
                  000018a8    00000a4e     rtsv7M4_T_le_v4SPD16_eabi.lib : _printfi.c.obj (.text:__TI_printfi)
                  000022f6    00000002     stk.aem4f : nat.oem4f (.text:NatMsg)
                  000022f8    0000090c               : tcpout.oem4f (.text:TcpOutput)
                  00002c04    0000067c     commands.obj (.text:RegCMD)
                  00003280    000004f0     slnetifndk_msp432e4.aem4f : slnetifndk.oem4f (.text:SlNetIfNDK_getSockOpt)
                  00003770    0000048c     stk.aem4f : ipout.oem4f (.text:IPTxPacket)
                  00003bfc    00000004     drivers_msp432e4.aem4f : ADCBufMSP432E4.oem4f (.text:ADCBufMSP432E4_getResolution)
                  00003c00    00000468     sysbios.aem4f : BIOS.obj (.text:xdc_runtime_System_doPrint__I)
                  00004068    000003c8     commands.obj (.text:TickerCMD)
                  00004430    000003a0     stk.aem4f : ipin.oem4f (.text:IPRxPacket)
                  000047d0    00000396     nettool_ipv4.aem4f : dnscomn.oem4f (.text:DNSResolveByName)
                  00004b66    00000002     drivers_msp432e4.aem4f : TimerMSP432E4.oem4f (.text:TimerMSP432E4_init)
                  00004b68    00000350     slnetsock_release.a : slnetutils.oem4f (.text:SlNetUtil_getAddrInfo)
                  00004eb8    0000031c     BuffersQueues.obj (.text:ParseBuf)
                  000051d4    0000030a     nettool_ipv4.aem4f : dnscomn.oem4f (.text:DNSResolveByAddr)
                  000054de    00000002     drivers_msp432e4.aem4f : UARTMSP432E4.oem4f (.text:UARTMSP432E4_init)
                  000054e0    000002f0                            : UARTMSP432E4.oem4f (.text:UARTMSP432E4_open)
                  000057d0    000002ec     slnetifndk_msp432e4.aem4f : slnetifndk.oem4f (.text:SlNetIfNDK_setSockOpt)
                  00005abc    000002ea     nettool_ipv4.aem4f : dnscomn.oem4f (.text:DNSResolveByNS)
                  00005da6    00000002     hal_ser_stub.aem4f : llserstb.oem4f (.text:_llSerialServiceCheck)
                  00005da8    000002b8     udpEcho.obj (.text:UDPrxFxn)
                  00006060    000002ac     stk.aem4f : sock.oem4f (.text:SockSet)
                  0000630c    000002a4     commands.obj (.text:ScriptCMD)
                  000065b0    000002a0     sysbios.aem4f : BIOS.obj (.text:ti_sysbios_family_arm_msp432e4_init_Boot_sysCtlClockFreqSetI__I)
                  00006850    0000029c     commands.obj (.text:condCMD)
                  00006aec    0000027c     commands.obj (.text:CallbackCMD)
                  00006d68    00000278     udpEchoHooks.obj (.text:netIPAddrHook)
                  00006fe0    00000278     commands.obj (.text:sineCMD)
                  00007258    00000274     stk.aem4f : icmpin.oem4f (.text:ICMPInput)
                  000074cc    00000270     rtsv7M4_T_le_v4SPD16_eabi.lib : _printfi.c.obj (.text:_pconv_a)
                  0000773c    0000025e     stk.aem4f : fileuser.oem4f (.text:fdPoll)
                  0000799a    00000002     hal_ser_stub.aem4f : llserstb.oem4f (.text:_llSerialShutdown)
                  0000799c    0000025c     stk.aem4f : ipfrag.oem4f (.text:IPReasm)
                  00007bf8    00000244     Infrastructure.obj (.text:InitializeDrivers)
                  00007e3c    0000023c     udpEcho.obj (.text:Dial)
                  00008078    0000023a     msp432e4_driverlib.a : gpio.o (.text:GPIOPadConfigSet)
                  000082b2    00000002     hal_userled_stub.aem4f : llled.oem4f (.text:_llUserLedInit)
                  000082b4    00000238     GPIO.obj (.text:GPIOCMD)
                  000084ec    00000230     stk.aem4f : udp.oem4f (.text:UdpInput)
                  0000871c    00000228     udpEcho.obj (.text:UDPtxFxn)
                  00008944    00000224     commands.obj (.text:StreamCMD)
                  00008b68    00000218     netctrl_min_ipv4.aem4f : netctrl.oem4f (.text:NC_NetStart)
                  00008d80    00000218     slnetifndk_msp432e4.aem4f : slnetifndk.oem4f (.text:SlNetIfNDK_recvFrom)
                  00008f98    00000214     drivers_msp432e4.aem4f : ADCBufMSP432E4.oem4f (.text:ADCBufMSP432E4_open)
                  000091ac    00000200     slnetifndk_msp432e4.aem4f : slnetifndk.oem4f (.text:SlNetIfNDK_sendTo)
                  000093ac    000001fc     drivers_msp432e4.aem4f : SPIMSP432E4DMA.oem4f (.text:SPIMSP432E4DMA_transfer)
                  000095a8    000001f8     stk.aem4f : sock.oem4f (.text:SockGet)
                  000097a0    000001ec     slnetifndk_msp432e4.aem4f : slnetifndk.oem4f (.text:SlNetIfNDK_accept)
                  0000998c    000001ec     stk.aem4f : sock.oem4f (.text:SockRecv)
                  00009b78    000001ea     nettool_ipv4.aem4f : dnspkt.oem4f (.text:DNSGetReply)
                  00009d62    00000002     hal_userled_stub.aem4f : llled.oem4f (.text:_llUserLedShutdown)
                  00009d64    000001d0     stk.aem4f : lliin.oem4f (.text:LLIRxPacket)
                  00009f34    000001d0     rtsv7M4_T_le_v4SPD16_eabi.lib : _printfi.c.obj (.text:_pconv_g)
                  0000a104    000001cc     tasks.obj (.text:TSKADCStream)
                  0000a2d0    000001c8     drivers_msp432e4.aem4f : EMACMSP432E4.oem4f (.text:EMACMSP432E4_emacStart)
                  0000a498    000001c0                            : ADCBufMSP432E4.oem4f (.text:primeConvert)
                  0000a658    000001b6     rtsv7M4_T_le_v4SPD16_eabi.lib : fd_add_t2.asm.obj (.text)
                  0000a80e    00000002                                   : _lock.c.obj (.text:_nop)
                  0000a810    000001b4     drivers_msp432e4.aem4f : SPIMSP432E4DMA.oem4f (.text:SPIMSP432E4DMA_open)
                  0000a9c4    000001b4     stk.aem4f : sock.oem4f (.text:SockNew)
                  0000ab78    000001b0               : lliout.oem4f (.text:LLITxIpPacket)
                  0000ad28    000001b0               : udp.oem4f (.text:UdpOutput)
                  0000aed8    000001ac     udpEcho.obj (.text:UDPParse)
                  0000b084    0000019c     os.aem4f : mem.oem4f (.text:mmAlloc)
                  0000b220    00000198     nettool_ipv4.aem4f : dnsclnt.oem4f (.text:DNSResolve)
                  0000b3b8    00000198     stk.aem4f : igmp.oem4f (.text:IGMPInput)
                  0000b550    00000198     slnetsock_release.a : slnetsock.oem4f (.text:SlNetSock_select)
                  0000b6e8    00000194     nettool_ipv4.aem4f : dhcpmain.oem4f (.text:DHCPOpen)
                  0000b87c    00000188                        : ipaddr.oem4f (.text:NtGetPublicHost)
                  0000ba04    00000188     stk.aem4f : fileuser.oem4f (.text:fdSelect)
                  0000bb8c    00000188     release_pem4f.oem4f (.text:xdc_runtime_System_printfExtend__I)
                  0000bd14    00000184     drivers_msp432e4.aem4f : GPIOMSP432E4.oem4f (.text:GPIO_setConfig)
                  0000be98    00000184     slnetifndk_msp432e4.aem4f : slnetifndk.oem4f (.text:SlNetIfNDK_getPeerName)
                  0000c01c    00000184                               : slnetifndk.oem4f (.text:SlNetIfNDK_getSockName)
                  0000c1a0    0000017c     drivers_msp432e4.aem4f : EMACMSP432E4.oem4f (.text:EMACMSP432E4_NIMUInit)
                  0000c31c    00000178     slnetifndk_msp432e4.aem4f : slnetifndk.oem4f (.text:SlNetIfNDK_recv)
                  0000c494    00000178     stk.aem4f : tcpout.oem4f (.text:TcpGenPacket)
                  0000c60c    00000170     nettool_ipv4.aem4f : dnscomn.oem4f (.text:DNSResolveExternal)
                  0000c77c    00000170     stk.aem4f : rtc.oem4f (.text:RTCReport)
                  0000c8ec    0000016d     nettool_ipv4.aem4f : dnspkt.oem4f (.text:DNSReadRecord)
                  0000ca59    00000001     --HOLE-- [fill = 0]
                  0000ca5a    00000002     hal_ser_stub.aem4f : llserstb.oem4f (.text:llSerialService)
                  0000ca5c    0000016c     slnetifndk_msp432e4.aem4f : slnetifndk.oem4f (.text:SlNetIfNDK_send)
                  0000cbc8    0000016a     stk.aem4f : sb.oem4f (.text:SBRead)
                  0000cd32    00000002     rtsv7M4_T_le_v4SPD16_eabi.lib : div0.asm.obj (.text)
                  0000cd34    00000168     slnetifndk_msp432e4.aem4f : slnetifndk.oem4f (.text:SlNetIfNDK_connect)
                  0000ce9c    00000160     stk.aem4f : icmp.oem4f (.text:ICMPGenPacket)
                  0000cffc    00000160               : sock.oem4f (.text:SockConnect)
                  0000d15c    00000158               : nimu.oem4f (.text:NIMUInit)
                  0000d2b4    00000004               : bind.oem4f (.text:BindGetIF)
                  0000d2b8    00000154     sysbios.aem4f : BIOS.obj (.text:ti_sysbios_knl_Task_Instance_finalize__E)
                  0000d40c    0000014c     commands.obj (.text:TimerCMD)
                  0000d558    00000148     ti_ndk_config.obj (.text:ndkStackThread)
                  0000d6a0    00000144     stk.aem4f : bind.oem4f (.text:BindNew)
                  0000d7e4    00000144     slnetifndk_msp432e4.aem4f : slnetifndk.oem4f (.text:SlNetIfNDK_select)
                  0000d928    00000144     stk.aem4f : sockpcb.oem4f (.text:SockPcbResolve)
                  0000da6c    00000140     drivers_msp432e4.aem4f : ADCBufMSP432E4.oem4f (.text:ADCBufMSP432E4_hwiIntFxn)
                  0000dbac    00000140     commands.obj (.text:MemrCMD)
                  0000dcec    00000140     stk.aem4f : tcp.oem4f (.text:TcpTimeoutCheck)
                  0000de2c    0000013c     nettool_ipv4.aem4f : config.oem4f (.text:CfgAddEntry)
                  0000df68    0000013c     commands.obj (.text:HelpCMD)
                  0000e0a4    0000013c     netctrl_min_ipv4.aem4f : netctrl.oem4f (.text:NetScheduler)
                  0000e1e0    0000013c     slnetifndk_msp432e4.aem4f : slnetifndk.oem4f (.text:SlNetIfNDK_ifCreateContext)
                  0000e31c    0000013c     stk.aem4f : sockint.oem4f (.text:SockNotify)
                  0000e458    0000013c               : sock.oem4f (.text:SockSend)
                  0000e594    0000013c     rtsv7M4_T_le_v4SPD16_eabi.lib : _printfi.c.obj (.text:_pconv_e)
                  0000e6d0    00000136                                   : fd_div_t2.asm.obj (.text)
                  0000e806    00000002     release_pem4f.oem4f (.text:ti_sysbios_BIOS_nullFunc__I)
                  0000e808    00000134     drivers_msp432e4.aem4f : EMACMSP432E4.oem4f (.text:EMACMSP432E4_handleRx)
                  0000e93c    00000134     commands.obj (.text:PrintAbout)
                  0000ea70    00000130     rtsv7M4_T_le_v4SPD16_eabi.lib : strtol.c.obj (.text:strtol)
                  0000eba0    00000130     sysbios.aem4f : BIOS.obj (.text:ti_sysbios_knl_Semaphore_pend__E)
                  0000ecd0    0000012e     drivers_msp432e4.aem4f : SPIMSP432E4DMA.oem4f (.text:SPIMSP432E4DMA_transferCancel)
                  0000edfe    00000002     --HOLE-- [fill = 0]
                  0000ee00    00000128     Errors.obj (.text:PrintErrs)
                  0000ef28    00000124     rtsv7M4_T_le_v4SPD16_eabi.lib : _printfi.c.obj (.text:fcvt)
                  0000f04c    00000120     slnetsock_release.a : errnoutil.oem4f (.text:ErrnoUtil_set)
                  0000f16c    00000120     slnetifndk_msp432e4.aem4f : slnetifndk.oem4f (.text:SlNetIfNDK_close)
                  0000f28c    00000004     stk.aem4f : bind.oem4f (.text:BindGetNext)
                  0000f290    00000120     sysbios.aem4f : BIOS.obj (.text:xdc_runtime_Startup_startMods__I)
                  0000f3b0    0000011c     drivers_msp432e4.aem4f : ADCBufMSP432E4.oem4f (.text:ADCBufMSP423E4_noDMAhwiIntFxn)
                  0000f4cc    00000118                            : TimerMSP432E4.oem4f (.text:TimerMSP432E4_open)
                  0000f5e4    00000114     stk.aem4f : nimu.oem4f (.text:NIMUIoctl)
                  0000f6f8    00000114               : raw.oem4f (.text:RawInput)
                  0000f80c    00000114     slnetifndk_msp432e4.aem4f : slnetifndk.oem4f (.text:SlNetIfNDK_getIPAddr)
                  0000f920    00000114     rtsv7M4_T_le_v4SPD16_eabi.lib : fputs.c.obj (.text:fputs)
                  0000fa34    00000114     udpEchoHooks.obj (.text:serviceReport)
                  0000fb48    00000110     commands.obj (.text:ExtractLitSrc)
                  0000fc58    00000110     stk.aem4f : node.oem4f (.text:NodeTreeFree)
                  0000fd68    00000110               : route.oem4f (.text:RtCreate)
                  0000fe78    00000110               : rtable.oem4f (.text:RtFind)
                  0000ff88    00000110     rtsv7M4_T_le_v4SPD16_eabi.lib : s_scalbn.c.obj (.text:scalbn)
                  00010098    00000110                                   : strtoul.c.obj (.text:strtoul)
                  000101a8    00000110     sysbios.aem4f : BIOS.obj (.text:ti_sysbios_knl_Task_postInit__I)
                  000102b8    0000010c     slnetifndk_msp432e4.aem4f : slnetifndk.oem4f (.text:getBSDSlNetErr)
                  000103c4    00000004     dpl_msp432e4.aem4f : ClockP_tirtos.oem4f (.text:ClockP_getCpuFreq)
                  000103c8    0000010c     sysbios.aem4f : BIOS.obj (.text:ti_sysbios_family_arm_lm4_Timer_start__E)
                  000104d4    0000010a     stk.aem4f : tcpprot.oem4f (.text:TcpPrSetOption)
                  000105de    00000002     --HOLE-- [fill = 0]
                  000105e0    00000108     slnetsock_release.a : slnetutils.oem4f (.text:SlNetUtil_str2BinIpV6)
                  000106e8    00000104     drivers_msp432e4.aem4f : SPIMSP432E4DMA.oem4f (.text:configNextTransfer)
                  000107ec    00000104     nettool_ipv4.aem4f : dhcppkt.oem4f (.text:dhcpPacketProcess)
                  000108f0    00000102                        : inetaddr.oem4f (.text:inet_aton)
                  000109f2    00000002     --HOLE-- [fill = 0]
                  000109f4    00000100     stk.aem4f : icmp.oem4f (.text:ICMPSendRtAdv)
                  00010af4    00000100               : igmp.oem4f (.text:IGMPSendReply)
                  00010bf4    000000fc     rtsv7M4_T_le_v4SPD16_eabi.lib : fd_mul_t2.asm.obj (.text)
                  00010cf0    000000f8     drivers_msp432e4.aem4f : ADCBufMSP432E4.oem4f (.text:ADCBufMSP432E4_close)
                  00010de8    000000f8     slnetsock_release.a : slnetutils.oem4f (.text:SlNetUtil_inetAton)
                  00010ee0    000000f8     rtsv7M4_T_le_v4SPD16_eabi.lib : s_floor.c.obj (.text:floor)
                  00010fd8    000000f8     os.aem4f : os_ll.oem4f (.text:llEnter)
                  000110d0    000000f8     sysbios.aem4f : BIOS.obj (.text:timer_create)
                  000111c8    000000f4     stk.aem4f : sock.oem4f (.text:SockClose)
                  000112bc    000000f0               : lliout.oem4f (.text:LLIGenArpPacket)
                  000113ac    000000f0               : rawethsock.oem4f (.text:RawEthSockNew)
                  0001149c    000000f0     BuffersQueues.obj (.text:UartAddByte)
                  0001158c    00000004     dpl_msp432e4.aem4f : ClockP_tirtos.oem4f (.text:ClockP_setTimeout)
                  00011590    000000f0     sysbios.aem4f : BIOS.obj (.text:pthread_create)
                  00011680    000000f0                   : m3_Hwi_asm.obj (.text:ti_sysbios_family_arm_m3_Hwi_dispatch__I)
                  00011770    000000f0     msp432e4_driverlib.a : udma.o (.text:uDMAChannelTransferSet)
                  00011860    000000ee                          : adc.o (.text:ADCSequenceStepConfigure)
                  0001194e    000000ee     nettool_ipv4.aem4f : dnspkt.oem4f (.text:DNSWriteRecord)
                  00011a3c    000000ee     slnetifndk_msp432e4.aem4f : slnetifndk.oem4f (.text:SlNetIfNDK_socket)
                  00011b2a    00000006     drivers_msp432e4.aem4f : ADCBufMSP432E4.oem4f (.text:ADCBufMSP432E4_adjustRawValues)
                  00011b30    000000ec     sysbios.aem4f : BIOS.obj (.text:clock_gettime)
                  00011c1c    000000ea     stk.aem4f : pipe.oem4f (.text:PipeRecv)
                  00011d06    000000e8     nettool_ipv4.aem4f : dnspkt.oem4f (.text:DNSWriteName)
                  00011dee    000000e8     drivers_msp432e4.aem4f : SPIMSP432E4DMA.oem4f (.text:SPIMSP432E4DMA_hwiFxn)
                  00011ed6    00000002     --HOLE-- [fill = 0]
                  00011ed8    000000e8     sysbios.aem4f : BIOS.obj (.text:ti_sysbios_knl_Task_Instance_init__E)
                  00011fc0    000000e8                   : BIOS.obj (.text:timer_settime)
                  000120a8    000000e4     drivers_msp432e4.aem4f : ADCMSP432E4.oem4f (.text:ADCMSP432E4_open)
                  0001218c    000000e4     slnetsock_release.a : slnetif.oem4f (.text:SlNetIf_add)
                  00012270    000000e4     stk.aem4f : sockpcb.oem4f (.text:SockPcbBind)
                  00012354    000000e0     msp432e4_driverlib.a : emac.o (.text:EMACInit)
                  00012434    000000e0     stk.aem4f : tcptime.oem4f (.text:TcpTimeoutRexmt)
                  00012514    000000de     nettool_ipv4.aem4f : dhcpsock.oem4f (.text:dhcpSocketOpen)
                  000125f2    00000002     --HOLE-- [fill = 0]
                  000125f4    000000dc     stk.aem4f : sb.oem4f (.text:SBWrite)
                  000126d0    000000dc     callbacks.obj (.text:SWITimer1)
                  000127ac    000000dc     rtsv7M4_T_le_v4SPD16_eabi.lib : setvbuf.c.obj (.text:setvbuf)
                  00012888    000000da     nettool_ipv4.aem4f : dhcpsm.oem4f (.text:dhcpState)
                  00012962    00000002     --HOLE-- [fill = 0]
                  00012964    000000d8     stk.aem4f : node.oem4f (.text:NodeAdd)
                  00012a3c    000000d8     slnetifndk_msp432e4.aem4f : slnetifndk.oem4f (.text:SlNetIfNDK_bind)
                  00012b14    000000d4     BiosAndDevices.obj (.text:InitBios)
                  00012be8    000000d4     slnetifndk_msp432e4.aem4f : slnetifndk.oem4f (.text:SlNetIfNDK_listen)
                  00012cbc    000000d1     stk.aem4f : nimu.oem4f (.text:NIMUReceivePacket)
                  00012d8d    00000003     --HOLE-- [fill = 0]
                  00012d90    000000d0     netctrl_min_ipv4.aem4f : netsrv.oem4f (.text:SPIpNet)
                  00012e60    000000d0     slnetifndk_msp432e4.aem4f : slnetifndk.oem4f (.text:SlNetIfNDK_shutdown)
                  00012f30    000000d0     nettool_ipv4.aem4f : dhcpsm.oem4f (.text:dhcpIPAdd)
                  00013000    000000d0     sysbios.aem4f : BIOS.obj (.text:ti_sysbios_heaps_HeapMem_alloc__E)
                  000130d0    000000cc     stk.aem4f : rawethsock.oem4f (.text:RawEthSockGet)
                  0001319c    000000cc               : rawethsock.oem4f (.text:RawEthSockSet)
                  00013268    000000cc     nettool_ipv4.aem4f : dhcpbild.oem4f (.text:dhcpBuildHeader)
                  00013334    000000cc                        : dhcppkt.oem4f (.text:dhcpVerifyMessage)
                  00013400    000000c4     stk.aem4f : igmp.oem4f (.text:IGMPJoinHostGroup)
                  000134c4    000000c4     nettool_ipv4.aem4f : dhcpsm.oem4f (.text:StateBound)
                  00013588    000000c4     drivers_msp432e4.aem4f : ADCBufMSP432E4.oem4f (.text:configDMA)
                  0001364c    000000c4     rtsv7M4_T_le_v4SPD16_eabi.lib : s_round.c.obj (.text:round)
                  00013710    000000c4     sysbios.aem4f : BIOS.obj (.text:ti_sysbios_knl_Task_sleep__E)
                  000137d4    000000c0     nettool_ipv4.aem4f : dnspkt.oem4f (.text:DNSReadName)
                  00013894    000000be                        : dnsclnt.oem4f (.text:DNSGetHostByName)
                  00013952    000000be     drivers_msp432e4.aem4f : UARTMSP432E4.oem4f (.text:UARTMSP432E4_close)
                  00013a10    000000bc     stk.aem4f : sockpcb.oem4f (.text:SockPcbFind)
                  00013acc    000000bc               : vlan.oem4f (.text:VLANDeinit)
                  00013b88    000000bc     sysbios.aem4f : BIOS.obj (.text:ti_sysbios_knl_Task_exit__E)
                  00013c44    00000004     dpl_msp432e4.aem4f : ClockP_tirtos.oem4f (.text:ClockP_start)
                  00013c48    000000bc     sysbios.aem4f : BIOS.obj (.text:xdc_runtime_Core_createObject__I)
                  00013d04    000000ba     stk.aem4f : icmpin.oem4f (.text:ICMPRevSrcRoute)
                  00013dbe    00000002     --HOLE-- [fill = 0]
                  00013dc0    000000b8     drivers_msp432e4.aem4f : ADCMSP432E4.oem4f (.text:ADCMSP432E4_convert)
                  00013e78    000000b8     stk.aem4f : lli.oem4f (.text:_LLITimeoutCheck)
                  00013f30    000000b8     sysbios.aem4f : BIOS.obj (.text:ti_sysbios_family_arm_m3_Hwi_Instance_init__E)
                  00013fe8    000000b6     drivers_msp432e4.aem4f : UARTMSP432E4.oem4f (.text:readTaskCallback)
                  0001409e    00000002     --HOLE-- [fill = 0]
                  000140a0    000000b4     stk.aem4f : tcptime.oem4f (.text:TcpTimeoutKeep)
                  00014154    000000b2               : nimu.oem4f (.text:NIMUAddEthernetHeader)
                  00014206    00000002     --HOLE-- [fill = 0]
                  00014208    000000b1     rtsv7M4_T_le_v4SPD16_eabi.lib : _printfi.c.obj (.text:_ltostr)
                  000142b9    00000001     --HOLE-- [fill = 0]
                  000142ba    000000b0     drivers_msp432e4.aem4f : UARTMSP432E4.oem4f (.text:readTaskBlocking)
                  0001436a    00000006                            : ADCBufMSP432E4.oem4f (.text:ADCBufMSP432E4_control)
                  00014370    000000b0     sysbios.aem4f : BIOS.obj (.text:ti_sysbios_family_arm_lm4_Timer_enableTiva__I)
                  00014420    000000ac     drivers_msp432e4.aem4f : EMACMSP432E4.oem4f (.text:EMACMSP432E4_initDMADescriptors)
                  000144cc    000000ac                            : GPIOMSP432E4.oem4f (.text:GPIO_init)
                  00014578    000000ac     stk.aem4f : rtable.oem4f (.text:RtTimeoutCheck)
                  00014624    000000ac     os.aem4f : task.oem4f (.text:TaskGetEnv)
                  000146d0    000000ac     callbacks.obj (.text:Timer0Callback)
                  0001477c    000000a8     commands.obj (.text:AudioCMD)
                  00014824    000000a8     stk.aem4f : sockint.oem4f (.text:SockCreatePacket)
                  000148cc    000000a4     msp432e4_driverlib.a : gpio.o (.text:GPIOIntTypeSet)
                  00014970    000000a4     os.aem4f : task.oem4f (.text:TaskSetEnv)
                  00014a14    00000004     dpl_msp432e4.aem4f : ClockP_tirtos.oem4f (.text:ClockP_stop)
                  00014a18    000000a4     sysbios.aem4f : BIOS.obj (.text:ti_sysbios_knl_Task_setPri__E)
                  00014abc    000000a0     drivers_msp432e4.aem4f : EMACMSP432E4.oem4f (.text:EMACMSP432E4_emacStop)
                  00014b5c    000000a0     stk.aem4f : ip.oem4f (.text:IPGetRoute)
                  00014bfc    000000a0     tasks.obj (.text:TSKUART0Read)
                  00014c9c    000000a0     commands.obj (.text:VoiceCMD)
                  00014d3c    000000a0     auto_init.aem4f : auto_init.oem4f (.text)
                  00014ddc    0000009e     nettool_ipv4.aem4f : dnsclnt.oem4f (.text:DNSGetHostArrayByName)
                  00014e7a    0000009e     drivers_msp432e4.aem4f : UARTMSP432E4.oem4f (.text:UARTMSP432E4_readPolling)
                  00014f18    0000009c     BuffersQueues.obj (.text:AddPayload)
                  00014fb4    0000009c     stk.aem4f : exec.oem4f (.text:ExecOpen)
                  00015050    0000009c     drivers_msp432e4.aem4f : SPIMSP432E4DMA.oem4f (.text:SPIMSP432E4DMA_close)
                  000150ec    00000004     dpl_msp432e4.aem4f : HwiP_tirtos.oem4f (.text:HwiP_clearInterrupt)
                  000150f0    0000009c     sysbios.aem4f : BIOS.obj (.text:_pthread_removeThreadKeys)
                  0001518c    0000009c     drivers_msp432e4.aem4f : ADCBufMSP432E4.oem4f (.text:initHw)
                  00015228    0000009c     rtsv7M4_T_le_v4SPD16_eabi.lib : memcpy_t2.asm.obj (.text)
                  000152c4    00000098     drivers_msp432e4.aem4f : ADCBufMSP432E4.oem4f (.text:ADCBufMSP432E4_convertCancel)
                  0001535c    00000098     netctrl_min_ipv4.aem4f : netctrl.oem4f (.text:NC_SystemOpen)
                  000153f4    00000098     commands.obj (.text:NetUDPCmd)
                  0001548c    00000098     netctrl_min_ipv4.aem4f : netsrv.oem4f (.text:ServiceScan)
                  00015524    00000098     drivers_msp432e4.aem4f : UARTMSP432E4.oem4f (.text:UARTMSP432E4_write)
                  000155bc    00000096     rtsv7M4_T_le_v4SPD16_eabi.lib : ull_div_t2.asm.obj (.text)
                  00015652    00000002     --HOLE-- [fill = 0]
                  00015654    00000094     nettool_ipv4.aem4f : config.oem4f (.text:CfgExecute)
                  000156e8    00000094                        : config.oem4f (.text:CfgRemoveEntry)
                  0001577c    00000094     os.aem4f : mem.oem4f (.text:_mmInit)
                  00015810    00000094     drivers_msp432e4.aem4f : UARTMSP432E4.oem4f (.text:readIsrTextBlocking)
                  000158a4    00000004     dpl_msp432e4.aem4f : HwiP_tirtos.oem4f (.text:HwiP_disable)
                  000158a8    00000094     sysbios.aem4f : BIOS.obj (.text:ti_sysbios_family_arm_m3_Hwi_initNVIC__E)
                  0001593c    00000092     slnetsock_release.a : slnetsock.oem4f (.text:SlNetSock_create)
                  000159ce    00000002     --HOLE-- [fill = 0]
                  000159d0    00000090     stk.aem4f : igmp.oem4f (.text:IGMPMsg)
                  00015a60    00000090     slnetsock_release.a : slnetsock.oem4f (.text:SlNetSock_getVirtualSdConf)
                  00015af0    00000090     tasks.obj (.text:TSKUART7Read)
                  00015b80    00000090     drivers_msp432e4.aem4f : UARTMSP432E4.oem4f (.text:UARTMSP432E4_control)
                  00015c10    00000090     slnetsock_release.a : slnetutils.oem4f (.text:createAddrInfo)
                  00015ca0    00000090     nettool_ipv4.aem4f : dhcpbild.oem4f (.text:dhcpBuildRequest)
                  00015d30    00000090     os.aem4f : mem.oem4f (.text:mmInitPage)
                  00015dc0    00000090     sysbios.aem4f : BIOS.obj (.text:ti_sysbios_knl_Task_Module_startup__E)
                  00015e50    0000008e     nettool_ipv4.aem4f : dnscomn.oem4f (.text:DNSResolveQuery)
                  00015ede    00000002     --HOLE-- [fill = 0]
                  00015ee0    0000008c     stk.aem4f : ip.oem4f (.text:IPMsg)
                  00015f6c    0000008c     msp432e4_driverlib.a : sysctl.o (.text:SysCtlPeripheralReset)
                  00015ff8    0000008c     sysbios.aem4f : m3_TaskSupport_asm.obj (.text:ti_sysbios_family_arm_m3_TaskSupport_buildTaskStack)
                  00016084    00000004     dpl_msp432e4.aem4f : HwiP_tirtos.oem4f (.text:HwiP_disableInterrupt)
                  00016088    0000008c     sysbios.aem4f : BIOS.obj (.text:xdc_runtime_Memory_alloc__E)
                  00016114    0000008a     netctrl_min_ipv4.aem4f : netsrv.oem4f (.text:SPRoute)
                  0001619e    00000002     --HOLE-- [fill = 0]
                  000161a0    00000088                            : netsrv.oem4f (.text:ServiceSpawn)
                  00016228    00000088     stk.aem4f : sockpcb.oem4f (.text:SockPcbCtlError)
                  000162b0    00000088     drivers_msp432e4.aem4f : TimerMSP432E4.oem4f (.text:TimerMSP432E4_setPeriod)
                  00016338    00000088                            : UARTMSP432E4.oem4f (.text:readIsrTextCallback)
                  000163c0    00000086     stk.aem4f : sock.oem4f (.text:SockCheck)
                  00016446    00000086     nettool_ipv4.aem4f : dhcpsm.oem4f (.text:StateRequesting)
                  000164cc    00000086     rtsv7M4_T_le_v4SPD16_eabi.lib : fd_cmp_t2.asm.obj (.text:__aeabi_cdcmple)
                  00016552    00000086                                   : fd_cmp_t2.asm.obj (.text:__aeabi_cdrcmple)
                  000165d8    00000086     sysbios.aem4f : BIOS.obj (.text:xdc_runtime_Core_constructObject__I)
                  0001665e    00000002     --HOLE-- [fill = 0]
                  00016660    00000084     nettool_ipv4.aem4f : config.oem4f (.text:CfgGetEntry)
                  000166e4    00000084     drivers_msp432e4.aem4f : EMACMSP432E4.oem4f (.text:EMACMSP432E4_hwiIntFxn)
                  00016768    00000084                            : EMACMSP432E4.oem4f (.text:EMACMSP432E4_processPendingTx)
                  000167ec    00000084                            : EMACMSP432E4.oem4f (.text:EMACMSP432E4_processPhyInterrupt)
                  00016870    00000084     stk.aem4f : raw.oem4f (.text:RawOutput)
                  000168f4    00000084     slnetsock_release.a : slnetutils.oem4f (.text:SlNetUtil_getHostByName)
                  00016978    00000084     stk.aem4f : sockpcb.oem4f (.text:SockCleanPcb)
                  000169fc    00000084               : tcpprot.oem4f (.text:TcpPrAttach)
                  00016a80    00000084               : fileuser.oem4f (.text:fdClose)
                  00016b04    00000084     os.aem4f : mem.oem4f (.text:mmFree)
                  00016b88    00000084     sysbios.aem4f : BIOS.obj (.text:ti_sysbios_family_arm_m3_Hwi_postInit__I)
                  00016c0c    00000004     dpl_msp432e4.aem4f : HwiP_tirtos.oem4f (.text:HwiP_enableInterrupt)
                  00016c10    00000084     sysbios.aem4f : BIOS.obj (.text:ti_sysbios_heaps_HeapMem_free__E)
                  00016c94    00000082     nettool_ipv4.aem4f : dhcpsm.oem4f (.text:StateRenewRebind)
                  00016d16    00000002     --HOLE-- [fill = 0]
                  00016d18    00000080     msp432e4_driverlib.a : interrupt.o (.text:IntEnable)
                  00016d98    00000080     stk.aem4f : lli.oem4f (.text:LLINew)
                  00016e18    00000080               : pbm.oem4f (.text:PBM_alloc)
                  00016e98    00000080     sysbios.aem4f : BIOS.obj (.text:ti_sysbios_knl_Clock_workFunc__E)
                  00016f18    0000007e     slnetifndk_msp432e4.aem4f : slnetifndk.oem4f (.text:SlNetIfNDK_getConnectionStatus)
                  00016f96    0000007e     slnetsock_release.a : slnetutils.oem4f (.text:setAddrInfo)
                  00017014    0000007c     nettool_ipv4.aem4f : config.oem4f (.text:CfgGetNextEntry)
                  00017090    0000007c     stk.aem4f : igmp.oem4f (.text:IGMPDoMCast)
                  0001710c    0000007c               : igmp.oem4f (.text:IGMPJoin)
                  00017188    0000007c               : socket.oem4f (.text:NDK_getsockopt)
                  00017204    0000007c               : socket.oem4f (.text:NDK_setsockopt)
                  00017280    0000007c     netctrl_min_ipv4.aem4f : netsrv.oem4f (.text:NS_BootTask)
                  000172fc    0000007c     stk.aem4f : pbm.oem4f (.text:PBM_free)
                  00017378    0000007c     rtsv7M4_T_le_v4SPD16_eabi.lib : fflush.c.obj (.text:fflush)
                  000173f4    0000007c     os.aem4f : mem.oem4f (.text:mmBulkFree)
                  00017470    0000007c     drivers_msp432e4.aem4f : UARTMSP432E4.oem4f (.text:writeData)
                  000174ec    0000007a     msp432e4_driverlib.a : ssi.o (.text:SSIConfigSetExpClk)
                  00017566    0000007a     stk.aem4f : sock.oem4f (.text:SockAccept)
                  000175e0    0000007a     rtsv7M4_T_le_v4SPD16_eabi.lib : memset_t2.asm.obj (.text)
                  0001765a    00000078     stk.aem4f : socket.oem4f (.text:NDK_sendto)
                  000176d2    00000002     --HOLE-- [fill = 0]
                  000176d4    00000078               : nimu.oem4f (.text:NIMURegister)
                  0001774c    00000078               : tcptime.oem4f (.text:TcpXmitTimer)
                  000177c4    00000078               : fileuser.oem4f (.text:fdOpenSession)
                  0001783c    00000078     os.aem4f : os_ll.oem4f (.text:llExit)
                  000178b4    00000076     stk.aem4f : pipe.oem4f (.text:PipeSend)
                  0001792a    00000076     msp432e4_driverlib.a : uart.o (.text:UARTConfigSetExpClk)
                  000179a0    00000075     stk.aem4f : tcptime.oem4f (.text:TcpTimeoutSackRexmt)
                  00017a15    00000003     --HOLE-- [fill = 0]
                  00017a18    00000075     sysbios.aem4f : BIOS.obj (.text:xdc_runtime_System_formatNum__I)
                  00017a8d    00000003     --HOLE-- [fill = 0]
                  00017a90    00000074     drivers_msp432e4.aem4f : EMACMSP432E4.oem4f (.text:EMACMSP432E4_processTransmitted)
                  00017b04    00000074     stk.aem4f : igmp.oem4f (.text:IGMPLeaveHostGroup)
                  00017b78    00000074               : socket.oem4f (.text:NDK_recvfrom)
                  00017bec    00000074               : nimu.oem4f (.text:NIMUShutdown)
                  00017c60    00000074               : raweth.oem4f (.text:RawEthRxPacket)
                  00017cd4    00000074     callbacks.obj (.text:SWITimer0)
                  00017d48    00000074     slnetsock_release.a : slnetsock.oem4f (.text:SlNetSock_AllocVirtualSocket)
                  00017dbc    00000074     stk.aem4f : sockpcb.oem4f (.text:SockPcbConnect)
                  00017e30    00000074     tasks.obj (.text:TSKPayload)
                  00017ea4    00000074     rtsv7M4_T_le_v4SPD16_eabi.lib : fclose.c.obj (.text:__TI_closefile)
                  00017f18    00000074     hal_timer.aem4f : lltimer.oem4f (.text:llTimerTick)
                  00017f8c    00000004     os.aem4f : oem.oem4f (.text:NDK_HwiP_disable)
                  00017f90    00000074     sysbios.aem4f : BIOS.obj (.text:xdc_runtime_Core_deleteObject__I)
                  00018004    00000072     drivers_msp432e4.aem4f : TimerMSP432E4.oem4f (.text:TimerMSP432E4_start)
                  00018076    00000070     stk.aem4f : socket.oem4f (.text:NDK_send)
                  000180e6    00000002     --HOLE-- [fill = 0]
                  000180e8    00000070               : rtable.oem4f (.text:RtFlush)
                  00018158    00000070     netctrl_min_ipv4.aem4f : netsrv.oem4f (.text:SPConfig)
                  000181c8    00000070     stk.aem4f : sock.oem4f (.text:SockShutdown)
                  00018238    00000070     nettool_ipv4.aem4f : dhcptags.oem4f (.text:dhcpDecodeType)
                  000182a8    00000070     slnetsock_release.a : netdb.oem4f (.text:getaddrinfo)
                  00018318    00000070     os.aem4f : mem.oem4f (.text:mmBulkAlloc)
                  00018388    00000070     sysbios.aem4f : BIOS.obj (.text:ti_sysbios_family_arm_lm4_Seconds_getTime__E)
                  000183f8    00000070                   : BIOS.obj (.text:ti_sysbios_heaps_HeapMem_initPrimary__I)
                  00018468    0000006e     stk.aem4f : socket.oem4f (.text:NDK_recv)
                  000184d6    00000002     --HOLE-- [fill = 0]
                  000184d8    0000006e               : rtable.oem4f (.text:RtWalkNext)
                  00018546    0000006e     rtsv7M4_T_le_v4SPD16_eabi.lib : _printfi.c.obj (.text:_mcpy)
                  000185b4    0000006d     stk.aem4f : node.oem4f (.text:NodeNew)
                  00018621    00000003     --HOLE-- [fill = 0]
                  00018624    0000006c     os.aem4f : ossys.oem4f (.text:DbgPrintf)
                  00018690    0000006c     msp432e4_driverlib.a : emac.o (.text:EMACPHYConfigSet)
                  000186fc    0000006c     rtsv7M4_T_le_v4SPD16_eabi.lib : hostrename.c.obj (.text:HOSTrename)
                  00018768    0000006c     stk.aem4f : node.oem4f (.text:NodeTreeNew)
                  000187d4    0000006c               : pbm.oem4f (.text:PBM_open)
                  00018840    0000006c     drivers_msp432e4.aem4f : PowerMSP432E4.oem4f (.text:Power_releaseDependency)
                  000188ac    0000006c     stk.aem4f : raweth.oem4f (.text:RawEthTxPacket)
                  00018918    0000006c     slnetsock_release.a : slnetutils.oem4f (.text:SlNetUtil_str2BinIpV4)
                  00018984    0000006c     hal_timer.aem4f : lltimer.oem4f (.text:llTimerGetTime)
                  000189f0    0000006c     sysbios.aem4f : BIOS.obj (.text:pthread_cancel)
                  00018a5c    00000004     os.aem4f : NDK_SemaphoreP_tirtos.oem4f (.text:NDK_SemaphoreP_post)
                  00018a60    0000006c     sysbios.aem4f : BIOS.obj (.text:ti_sysbios_knl_Swi_restoreHwi__E)
                  00018acc    0000006a     stk.aem4f : socket.oem4f (.text:NDK_accept)
                  00018b36    0000006a               : tcpprot.oem4f (.text:TcpPrInherit)
                  00018ba0    00000068     drivers_msp432e4.aem4f : GPIOMSP432E4.oem4f (.text:GPIO_hwiIntFxn)
                  00018c08    00000068     rtsv7M4_T_le_v4SPD16_eabi.lib : hostlseek.c.obj (.text:HOSTlseek)
                  00018c70    00000068     stk.aem4f : socket.oem4f (.text:NDK_socket)
                  00018cd8    00000068     drivers_msp432e4.aem4f : PowerMSP432E4.oem4f (.text:Power_setDependency)
                  00018d40    00000068     callbacks.obj (.text:SWILSW)
                  00018da8    00000068     callbacks.obj (.text:SWIRSW)
                  00018e10    00000068     stk.aem4f : sock.oem4f (.text:SockListen)
                  00018e78    00000068               : sockpcb.oem4f (.text:SockPcbFindRaw)
                  00018ee0    00000068     drivers_msp432e4.aem4f : TimerMSP432E4.oem4f (.text:TimerMSP432E4_allocateTimerResource)
                  00018f48    00000068     stk.aem4f : rtable.oem4f (.text:_RtNodeInsert)
                  00018fb0    00000068     rtsv7M4_T_le_v4SPD16_eabi.lib : copy_decompress_lzss.c.obj (.text:decompress:lzss:__TI_decompress_lzss)
                  00019018    00000068     sysbios.aem4f : BIOS.obj (.text:pthread_exit)
                  00019080    00000068     drivers_msp432e4.aem4f : UARTMSP432E4.oem4f (.text:readIsrBinaryBlocking)
                  000190e8    00000066     ti_ndk_config.obj (.text:configTcp)
                  0001914e    00000002     --HOLE-- [fill = 0]
                  00019150    00000064     nettool_ipv4.aem4f : config.oem4f (.text:CfgFree)
                  000191b4    00000064     stk.aem4f : file.oem4f (.text:FdWaitEvent)
                  00019218    00000064               : pbm.oem4f (.text:PBMQ_enq)
                  0001927c    00000064     drivers_msp432e4.aem4f : PowerMSP432E4.oem4f (.text:Power_init)
                  000192e0    00000064     slnetifndk_msp432e4.aem4f : slnetifndk.oem4f (.text:SlNetIfNDK_getHostByName)
                  00019344    00000064     stk.aem4f : sockint.oem4f (.text:SockSpawnAbort)
                  000193a8    00000064               : tcpprot.oem4f (.text:TcpPrGetOption)
                  0001940c    00000064               : udp.oem4f (.text:UdpChecksum)
                  00019470    00000064     rtsv7M4_T_le_v4SPD16_eabi.lib : s_frexp.c.obj (.text:frexp)
                  000194d4    00000064                                   : fseek.c.obj (.text:fseek)
                  00019538    00000064     drivers_msp432e4.aem4f : UARTMSP432E4.oem4f (.text:readIsrBinaryCallback)
                  0001959c    00000004     os.aem4f : ossys.oem4f (.text:NDK_vsprintf)
                  000195a0    00000064     sysbios.aem4f : BIOS.obj (.text:ti_sysbios_family_arm_lm4_Timer_Module_startup__E)
                  00019604    00000004     stk.aem4f : node.oem4f (.text:NodeSetRt)
                  00019608    00000064     sysbios.aem4f : BIOS.obj (.text:ti_sysbios_family_arm_m3_Hwi_dispatchC__I)
                  0001966c    00000064     msp432e4_driverlib.a : udma.o (.text:uDMAChannelAttributeDisable)
                  000196d0    00000064     stk.aem4f : lliin.oem4f (.text:updateRtTable)
                  00019734    00000062               : ipin.oem4f (.text:IPRouteIP)
                  00019796    00000002     --HOLE-- [fill = 0]
                  00019798    00000062               : sb.oem4f (.text:SBNew)
                  000197fa    00000062     rtsv7M4_T_le_v4SPD16_eabi.lib : _io_perm.c.obj (.text:__TI_wrt_ok)
                  0001985c    00000060     drivers_msp432e4.aem4f : ADCMSP432E4.oem4f (.text:ADCMSP432E4_close)
                  000198bc    00000060     nettool_ipv4.aem4f : config.oem4f (.text:CfgGetEntryCnt)
                  0001991c    00000060     msp432e4_driverlib.a : emac.o (.text:EMACConfigGet)
                  0001997c    00000060                          : emac.o (.text:EMACIntDisable)
                  000199dc    00000060     rtsv7M4_T_le_v4SPD16_eabi.lib : hostopen.c.obj (.text:HOSTopen)
                  00019a3c    00000060     stk.aem4f : socket.oem4f (.text:NDK_getpeername)
                  00019a9c    00000060               : socket.oem4f (.text:NDK_getsockname)
                  00019afc    00000060               : socket.oem4f (.text:NDK_shutdown)
                  00019b5c    00000060               : nimu.oem4f (.text:NIMUUnregister)
                  00019bbc    00000060               : node.oem4f (.text:NodeFind)
                  00019c1c    00000060               : rtc.oem4f (.text:RTCMsg)
                  00019c7c    00000060     slnetsock_release.a : slnetsock.oem4f (.text:SlNetSock_recvFrom)
                  00019cdc    00000060                         : slnetsock.oem4f (.text:SlNetSock_sendTo)
                  00019d3c    00000060     os.aem4f : task.oem4f (.text:TaskCreate)
                  00019d9c    00000060     msp432e4_driverlib.a : timer.o (.text:TimerControlTrigger)
                  00019dfc    00000060     nettool_ipv4.aem4f : dhcptags.oem4f (.text:dhcpBuildOptions)
                  00019e5c    00000004     stk.aem4f : rawethsock.oem4f (.text:RawEthSockGetCtx)
                  00019e60    00000060     sysbios.aem4f : BIOS.obj (.text:ti_sysbios_knl_Semaphore_post__E)
                  00019ec0    00000060                   : BIOS.obj (.text:ti_sysbios_knl_Swi_run__I)
                  00019f20    0000005e     msp432e4_driverlib.a : emac.o (.text:EMACIntEnable)
                  00019f7e    0000005e     stk.aem4f : route.oem4f (.text:RtRemove)
                  00019fdc    0000005e     nettool_ipv4.aem4f : dhcpsm.oem4f (.text:StateSelecting)
                  0001a03a    0000005e     stk.aem4f : vlan.oem4f (.text:VLANReceivePacket)
                  0001a098    0000005c     drivers_msp432e4.aem4f : ADCBufMSP432E4.oem4f (.text:ADCBufMSP432E4_init)
                  0001a0f4    0000005c     callbacks.obj (.text:ADC_BUFFER_CALLBACK_FXN)
                  0001a150    0000005c     nettool_ipv4.aem4f : config.oem4f (.text:CfgSetExecuteOrder)
                  0001a1ac    0000005c     msp432e4_driverlib.a : emac.o (.text:EMACAddrSet)
                  0001a208    0000005c                          : emac.o (.text:EMACIntStatus)
                  0001a264    0000005c                          : gpio.o (.text:GPIODirModeSet)
                  0001a2c0    0000005c     stk.aem4f : nimu.oem4f (.text:NIMUIoctlSpecialCmd)
                  0001a31c    0000005c     netctrl_min_ipv4.aem4f : netsrv.oem4f (.text:SPService)
                  0001a378    0000005c     rtsv7M4_T_le_v4SPD16_eabi.lib : close.c.obj (.text:close)
                  0001a3d4    0000005c     drivers_msp432e4.aem4f : ADCBufMSP432E4.oem4f (.text:completeConversion)
                  0001a430    0000005c                            : TimerMSP432E4.oem4f (.text:getPowerMgrId)
                  0001a48c    0000005c                            : UARTMSP432E4.oem4f (.text:getPowerResourceId)
                  0001a4e8    0000005c     sysbios.aem4f : BIOS.obj (.text:ti_sysbios_knl_Swi_schedule__I)
                  0001a544    00000004     stk.aem4f : rawethsock_prot.oem4f (.text:RawEthSockPrAttach)
                  0001a548    0000005c     sysbios.aem4f : BIOS.obj (.text:ti_sysbios_knl_Task_startCore__E)
                  0001a5a4    00000004     stk.aem4f : rawethsock_prot.oem4f (.text:RawEthSockPrDetach)
                  0001a5a8    0000005c     sysbios.aem4f : BIOS.obj (.text:xdc_runtime_Startup_exec__E)
                  0001a604    0000005a     stk.aem4f : rawethsock.oem4f (.text:RawEthSockCheck)
                  0001a65e    0000005a               : route.oem4f (.text:RtRedirect)
                  0001a6b8    0000005a               : tcpprot.oem4f (.text:TcpValidateMetrics)
                  0001a712    0000005a     nettool_ipv4.aem4f : dhcpbild.oem4f (.text:dhcpBuildDecline)
                  0001a76c    00000058     msp432e4_driverlib.a : adc.o (.text:ADCIntStatus)
                  0001a7c4    00000058     stk.aem4f : bind.oem4f (.text:BindFree)
                  0001a81c    00000058     msp432e4_driverlib.a : emac.o (.text:EMACIntClear)
                  0001a874    00000058     drivers_msp432e4.aem4f : GPIOMSP432E4.oem4f (.text:GPIO_setCallback)
                  0001a8cc    00000058     rtsv7M4_T_le_v4SPD16_eabi.lib : hostread.c.obj (.text:HOSTread)
                  0001a924    00000058                                   : hostwrite.c.obj (.text:HOSTwrite)
                  0001a97c    00000058     stk.aem4f : igmp.oem4f (.text:IGMPTimer)
                  0001a9d4    00000058               : tcp.oem4f (.text:TcpChecksum)
                  0001aa2c    00000058     drivers_msp432e4.aem4f : UDMAMSP432E4.oem4f (.text:UDMAMSP432E4_open)
                  0001aa84    00000058     boot.aem4f : boot.oem4f (.text)
                  0001aadc    00000058     sysbios.aem4f : m3_Hwi_asm_switch.obj (.text:ti_sysbios_family_arm_m3_Hwi_initStacks__E)
                  0001ab34    00000056     rtsv7M4_T_le_v4SPD16_eabi.lib : _printfi.c.obj (.text:_pconv_f)
                  0001ab8a    00000056     drivers_msp432e4.aem4f : SPIMSP432E4DMA.oem4f (.text:initHw)
                  0001abe0    00000054                            : ADCMSP432E4.oem4f (.text:ADCMSP432E4_init)
                  0001ac34    00000054     nettool_ipv4.aem4f : config.oem4f (.text:CfgEntryDeRef)
                  0001ac88    00000054     Errors.obj (.text:ErrorOut)
                  0001acdc    00000054     drivers_msp432e4.aem4f : GPIOMSP432E4.oem4f (.text:GPIO_write)
                  0001ad30    00000054     stk.aem4f : rawethsock_pcb.oem4f (.text:RawEthSockPcbAttach)
                  0001ad84    00000054               : tcptime.oem4f (.text:TcpTimeoutPersist)
                  0001add8    00000054     rtsv7M4_T_le_v4SPD16_eabi.lib : _ltoa.c.obj (.text:__TI_ltoa)
                  0001ae2c    00000004     drivers_msp432e4.aem4f : SPIMSP432E4DMA.oem4f (.text:SPIMSP432E4DMA_init)
                  0001ae30    00000054     sysbios.aem4f : BIOS.obj (.text:ti_sysbios_family_arm_lm4_Timer_initDevice__I)
                  0001ae84    00000054     release_pem4f.oem4f (.text:ti_sysbios_family_arm_m3_Hwi_create)
                  0001aed8    00000054     sysbios.aem4f : BIOS.obj (.text:timer_gettime)
                  0001af2c    00000052     nettool_ipv4.aem4f : dnscomn.oem4f (.text:DNSReplyFree)
                  0001af7e    00000052     BuffersQueues.obj (.text:GetNxtStr)
                  0001afd0    00000052     stk.aem4f : igmp.oem4f (.text:IGMPLeave)
                  0001b022    00000052               : socket.oem4f (.text:NDK_bind)
                  0001b074    00000052               : tcpprot.oem4f (.text:TcpPrDetach)
                  0001b0c6    00000052     rtsv7M4_T_le_v4SPD16_eabi.lib : _printfi.c.obj (.text:_ecpy)
                  0001b118    00000050     drivers_msp432e4.aem4f : ADCMSP432E4.oem4f (.text:ADCMSP432E4_getPowerResourceId)
                  0001b168    00000050     msp432e4_driverlib.a : adc.o (.text:ADCSequenceConfigure)
                  0001b1b8    00000050                          : emac.o (.text:EMACConfigSet)
                  0001b208    00000050     stk.aem4f : socket.oem4f (.text:NDK_connect)
                  0001b258    00000050               : route.oem4f (.text:RtNew)
                  0001b2a8    00000050     slnetsock_release.a : slnetif.oem4f (.text:SlNetIf_queryIf)
                  0001b2f8    00000050     drivers_msp432e4.aem4f : UARTMSP432E4.oem4f (.text:UARTMSP432E4_hwiIntFxn)
                  0001b348    00000050                            : ADCBufMSP432E4.oem4f (.text:getPowerResourceId)
                  0001b398    00000050     sysbios.aem4f : BIOS.obj (.text:ti_sysbios_family_arm_m3_Hwi_Module_startup__E)
                  0001b3e8    00000050                   : BIOS.obj (.text:ti_sysbios_knl_Clock_Instance_init__E)
                  0001b438    00000050     release_pem4f.oem4f (.text:ti_sysbios_knl_Task_create)
                  0001b488    0000004e     msp432e4_driverlib.a : emac.o (.text:EMACPHYWrite)
                  0001b4d6    0000004e     stk.aem4f : node.oem4f (.text:NodeDeRef)
                  0001b524    0000004e     drivers_msp432e4.aem4f : TimerMSP432E4.oem4f (.text:TimerMSP432E4_stop)
                  0001b572    0000004e     stk.aem4f : file.oem4f (.text:fdint_lockfd)
                  0001b5c0    0000004e     drivers_msp432e4.aem4f : TimerMSP432E4.oem4f (.text:initHw)
                  0001b60e    0000004e     os.aem4f : mem.oem4f (.text:mmCopy)
                  0001b65c    0000004c     msp432e4_driverlib.a : emac.o (.text:EMACPHYRead)
                  0001b6a8    0000004c     nettool_ipv4.aem4f : ipaddr.oem4f (.text:NtAddNetwork)
                  0001b6f4    0000004c     slnetsock_release.a : slnetsock.oem4f (.text:SlNetSock_freeVirtualSocket)
                  0001b740    0000004c     stk.aem4f : sockint.oem4f (.text:SockValidateRoute)
                  0001b78c    0000004c               : timer.oem4f (.text:TimerListInsert)
                  0001b7d8    0000004c     drivers_msp432e4.aem4f : TimerMSP432E4.oem4f (.text:TimerMSP432E4_freeTimerResource)
                  0001b824    0000004c                            : UARTMSP432E4.oem4f (.text:UARTMSP432E4_writePolling)
                  0001b870    0000004c     rtsv7M4_T_le_v4SPD16_eabi.lib : fflush.c.obj (.text:__TI_doflush)
                  0001b8bc    0000004c                                   : atoi.c.obj (.text:atoi)
                  0001b908    0000004c                                   : cpy_tbl.c.obj (.text:copy_in)
                  0001b954    0000004c     os.aem4f : mem.oem4f (.text:mmZeroInit)
                  0001b9a0    0000004c     drivers_msp432e4.aem4f : UARTMSP432E4.oem4f (.text:ringBufGet)
                  0001b9ec    0000004c     rtsv7M4_T_le_v4SPD16_eabi.lib : snprintf.c.obj (.text:snprintf)
                  0001ba38    0000004c     ti_ndk_config.obj (.text:ti_ndk_config_ip_init)
                  0001ba84    00000004     os.aem4f : semaphore.oem4f (.text:SemReset)
                  0001ba88    0000004c     sysbios.aem4f : BIOS.obj (.text:ti_sysbios_heaps_HeapMem_getStats__E)
                  0001bad4    00000004     dpl_msp432e4.aem4f : SemaphoreP_tirtos.oem4f (.text:SemaphoreP_post)
                  0001bad8    0000004c     sysbios.aem4f : BIOS.obj (.text:ti_sysbios_knl_Swi_runLoop__I)
                  0001bb24    00000004     slnetsock_release.a : slnetif.oem4f (.text:SlNetIf_init)
                  0001bb28    0000004c     sysbios.aem4f : BIOS.obj (.text:ti_sysbios_knl_Task_allBlockedFunction__I)
                  0001bb74    00000004     slnetsock_release.a : slnetutils.oem4f (.text:SlNetUtil_init)
                  0001bb78    0000004c     sysbios.aem4f : BIOS.obj (.text:ti_sysbios_knl_Task_schedule__I)
                  0001bbc4    0000004c     msp432e4_driverlib.a : udma.o (.text:uDMAChannelAssign)
                  0001bc10    0000004c                          : udma.o (.text:uDMAChannelModeGet)
                  0001bc5c    0000004a     drivers_msp432e4.aem4f : ADCBufMSP432E4.oem4f (.text:ADCBufMSP432E4_convert)
                  0001bca6    0000004a     netctrl_min_ipv4.aem4f : netsrv.oem4f (.text:ServiceKill)
                  0001bcf0    0000004a     stk.aem4f : sock.oem4f (.text:SockDisconnect)
                  0001bd3a    00000002     --HOLE-- [fill = 0]
                  0001bd3c    0000004a               : timer.oem4f (.text:TimerNew)
                  0001bd86    0000004a     nettool_ipv4.aem4f : config.oem4f (.text:_CfgEntryScan)
                  0001bdd0    00000048                        : config.oem4f (.text:CfgNew)
                  0001be18    00000048     stk.aem4f : lli.oem4f (.text:LLIMsg)
                  0001be60    00000048               : node.oem4f (.text:NodeWalk)
                  0001bea8    00000048               : rawethsock_pcb.oem4f (.text:RawEthSockPcbDetach)
                  0001bef0    00000048     slnetsock_release.a : slnetsock.oem4f (.text:SlNetSock_init)
                  0001bf38    00000048     stk.aem4f : sockpcb.oem4f (.text:SockPcbResolveChain)
                  0001bf80    00000048               : tcpprot.oem4f (.text:TcpDrop)
                  0001bfc8    00000048     drivers_msp432e4.aem4f : UARTMSP432E4.oem4f (.text:UARTMSP432E4_writeCancel)
                  0001c010    00000048     stk.aem4f : lli.oem4f (.text:_LLIExpListInsert)
                  0001c058    00000048               : rtable.oem4f (.text:_RtExpListInsert)
                  0001c0a0    00000048     rtsv7M4_T_le_v4SPD16_eabi.lib : fd_toi_t2.asm.obj (.text)
                  0001c0e8    00000048     ti_ndk_config.obj (.text:ti_ndk_config_Global_startupFxn)
                  0001c130    00000048     sysbios.aem4f : BIOS.obj (.text:ti_sysbios_family_arm_lm4_Timer_enableTimers__I)
                  0001c178    00000048                   : BIOS.obj (.text:ti_sysbios_family_arm_m3_Hwi_disableInterrupt__E)
                  0001c1c0    00000048                   : BIOS.obj (.text:ti_sysbios_family_arm_m3_Hwi_enableInterrupt__E)
                  0001c208    00000048                   : BIOS.obj (.text:ti_sysbios_knl_Mailbox_Module_startup__E)
                  0001c250    00000048                   : BIOS.obj (.text:ti_sysbios_knl_Task_deleteTerminatedTasksFunc__I)
                  0001c298    00000048                   : BIOS.obj (.text:xdc_runtime_Core_assignParams__I)
                  0001c2e0    00000046     nettool_ipv4.aem4f : ipaddr.oem4f (.text:NtIfIdx2Ip)
                  0001c326    00000046     stk.aem4f : rawethsock.oem4f (.text:RawEthSockSend)
                  0001c36c    00000046     drivers_msp432e4.aem4f : RingBuf.oem4f (.text:RingBuf_put)
                  0001c3b2    00000002     --HOLE-- [fill = 0]
                  0001c3b4    00000046     os.aem4f : semaphore.oem4f (.text:SemCreateBinary)
                  0001c3fa    00000046     stk.aem4f : tcpprot.oem4f (.text:TcpPrCtlError)
                  0001c440    00000046     drivers_msp432e4.aem4f : TimerMSP432E4.oem4f (.text:getPrescaler)
                  0001c486    00000002     --HOLE-- [fill = 0]
                  0001c488    00000044                            : ADCBuf.oem4f (.text:ADCBuf_init)
                  0001c4cc    00000044                            : ADC.oem4f (.text:ADC_init)
                  0001c510    00000044     nettool_ipv4.aem4f : dnspkt.oem4f (.text:DNSBuildRequest)
                  0001c554    00000044     msp432e4_driverlib.a : gpio.o (.text:GPIOPinConfigure)
                  0001c598    00000044     rtsv7M4_T_le_v4SPD16_eabi.lib : hostclose.c.obj (.text:HOSTclose)
                  0001c5dc    00000044                                   : hostunlink.c.obj (.text:HOSTunlink)
                  0001c620    00000044     stk.aem4f : icmp.oem4f (.text:ICMPChecksum)
                  0001c664    00000044               : ipfrag.oem4f (.text:IPReasmFree)
                  0001c6a8    00000044               : lli.oem4f (.text:LLIGetValidTime)
                  0001c6ec    00000044               : rtable.oem4f (.text:RouteMsg)
                  0001c730    00000044               : rtable.oem4f (.text:RtWalkEnd)
                  0001c774    00000044     drivers_msp432e4.aem4f : SPI.oem4f (.text:SPI_init)
                  0001c7b8    00000044     slnetsock_release.a : slnetutils.oem4f (.text:SlNetUtil_strTok)
                  0001c7fc    00000044     stk.aem4f : sock.oem4f (.text:SockIntAbort)
                  0001c840    00000044               : sockpcb.oem4f (.text:SockPcbDetach)
                  0001c884    00000044     msp432e4_driverlib.a : sysctl.o (.text:SysCtlPeripheralPresent)
                  0001c8c8    00000044                          : sysctl.o (.text:SysCtlPeripheralReady)
                  0001c90c    00000044     drivers_msp432e4.aem4f : Timer.oem4f (.text:Timer_init)
                  0001c950    00000044                            : UART.oem4f (.text:UART_init)
                  0001c994    00000044     rtsv7M4_T_le_v4SPD16_eabi.lib : getdevice.c.obj (.text:getdevice)
                  0001c9d8    00000044                                   : fd_tou_t2.asm.obj (.text)
                  0001ca1c    00000044     ti_net_config.obj (.text:ti_net_SlNet_initConfig)
                  0001ca60    00000044     sysbios.aem4f : BIOS.obj (.text:ti_sysbios_family_arm_lm4_Timer_isrStub__E)
                  0001caa4    00000004     stk.aem4f : sock.oem4f (.text:SockGetCtx)
                  0001caa8    00000044     sysbios.aem4f : BIOS.obj (.text:ti_sysbios_family_arm_m3_Hwi_getStackInfo__E)
                  0001caec    00000004     os.aem4f : task.oem4f (.text:TaskSelf)
                  0001caf0    00000044     sysbios.aem4f : BIOS.obj (.text:ti_sysbios_knl_Mailbox_postInit__I)
                  0001cb34    00000004     os.aem4f : task.oem4f (.text:TaskSetPri)
                  0001cb38    00000044     sysbios.aem4f : BIOS.obj (.text:ti_sysbios_knl_Swi_post__E)
                  0001cb7c    00000004     hal_ser_stub.aem4f : llserstb.oem4f (.text:_llSerialInit)
                  0001cb80    00000044     sysbios.aem4f : BIOS.obj (.text:xdc_runtime_System_atexit__E)
                  0001cbc4    00000042     msp432e4_driverlib.a : adc.o (.text:ADCSequenceDataGet)
                  0001cc06    00000042     stk.aem4f : socket.oem4f (.text:NDK_listen)
                  0001cc48    00000042               : rawethsock.oem4f (.text:RawEthSockShutdown)
                  0001cc8a    00000042               : tcpprot.oem4f (.text:TcpPrSendOOB)
                  0001cccc    00000042               : fileuser.oem4f (.text:fdCloseSession)
                  0001cd0e    00000002     --HOLE-- [fill = 0]
                  0001cd10    00000040     drivers_msp432e4.aem4f : ADCBuf.oem4f (.text:ADCBuf_open)
                  0001cd50    00000040                            : ADC.oem4f (.text:ADC_open)
                  0001cd90    00000040     dpl_msp432e4.aem4f : ClockP_tirtos.oem4f (.text:ClockP_create)
                  0001cdd0    00000040                        : HwiP_tirtos.oem4f (.text:HwiP_create)
                  0001ce10    00000040     stk.aem4f : lliin.oem4f (.text:LLIValidateRoute)
                  0001ce50    00000040               : pbm.oem4f (.text:PBM_copy)
                  0001ce90    00000040     drivers_msp432e4.aem4f : RingBuf.oem4f (.text:RingBuf_get)
                  0001ced0    00000040                            : SPI.oem4f (.text:SPI_open)
                  0001cf10    00000040     os.aem4f : semaphore.oem4f (.text:SemCreate)
                  0001cf50    00000040     slnetsock_release.a : slnetsock.oem4f (.text:SlNetSock_bind)
                  0001cf90    00000040     stk.aem4f : sockpcb.oem4f (.text:SockPcbRtChange)
                  0001cfd0    00000040     msp432e4_driverlib.a : sysctl.o (.text:SysCtlPeripheralDisable)
                  0001d010    00000040                          : sysctl.o (.text:SysCtlPeripheralEnable)
                  0001d050    00000040                          : sysctl.o (.text:SysCtlPeripheralPowerOff)
                  0001d090    00000040                          : sysctl.o (.text:SysCtlPeripheralPowerOn)
                  0001d0d0    00000040                          : sysctl.o (.text:SysCtlPeripheralSleepDisable)
                  0001d110    00000040                          : sysctl.o (.text:SysCtlPeripheralSleepEnable)
                  0001d150    00000040     stk.aem4f : tcpprot.oem4f (.text:TcpPrSend)
                  0001d190    00000040     drivers_msp432e4.aem4f : Timer.oem4f (.text:Timer_open)
                  0001d1d0    00000040                            : UARTMSP432E4.oem4f (.text:UARTMSP432E4_read)
                  0001d210    00000040                            : UART.oem4f (.text:UART_open)
                  0001d250    00000040                            : UDMAMSP432E4.oem4f (.text:UDMAMSP432E4_init)
                  0001d290    00000040     commands.obj (.text:clearCMD)
                  0001d2d0    00000040     drivers_msp432e4.aem4f : SPIMSP432E4DMA.oem4f (.text:getPeripheralResetId)
                  0001d310    00000040     rtsv7M4_T_le_v4SPD16_eabi.lib : u_divt2.asm.obj (.text)
                  0001d350    00000040                                   : sprintf.c.obj (.text:sprintf)
                  0001d390    00000040     sysbios.aem4f : BIOS.obj (.text:ti_sysbios_family_arm_lm4_Timer_startup__E)
                  0001d3d0    00000040                   : BIOS.obj (.text:ti_sysbios_heaps_HeapMem_Instance_init__E)
                  0001d410    00000040     msp432e4_driverlib.a : udma.o (.text:uDMAInit)
                  0001d450    0000003e     nettool_ipv4.aem4f : dhcpmain.oem4f (.text:DHCPClose)
                  0001d48e    00000002     --HOLE-- [fill = 0]
                  0001d490    0000003e     stk.aem4f : nimu.oem4f (.text:NIMUAllocateName)
                  0001d4ce    0000003e     slnetsock_release.a : slnetsock.oem4f (.text:SlNetSock_close)
                  0001d50c    0000003e     stk.aem4f : tcpprot.oem4f (.text:TcpPrDisconnect)
                  0001d54a    0000003e     rtsv7M4_T_le_v4SPD16_eabi.lib : _printfi.c.obj (.text:_fcpy)
                  0001d588    0000003e     stk.aem4f : file.oem4f (.text:fdint_unlockfd)
                  0001d5c6    0000003c     nettool_ipv4.aem4f : config.oem4f (.text:CfgEntryGetData)
                  0001d602    00000002     --HOLE-- [fill = 0]
                  0001d604    0000003c     stk.aem4f : exec.oem4f (.text:ExecClose)
                  0001d640    0000003c               : node.oem4f (.text:NodeUpdatePL)
                  0001d67c    0000003c               : rtable.oem4f (.text:RtWalkBegin)
                  0001d6b8    0000003c     callbacks.obj (.text:SWIADC)
                  0001d6f4    0000003c     dpl_msp432e4.aem4f : SemaphoreP_tirtos.oem4f (.text:SemaphoreP_create)
                  0001d730    0000003c     stk.aem4f : tcpprot.oem4f (.text:TcpPrConnect)
                  0001d76c    0000003c               : tcptime.oem4f (.text:TcpSetPersist)
                  0001d7a8    0000003c               : rtc.oem4f (.text:_RTCSendRtAdv)
                  0001d7e4    0000003c               : rtable.oem4f (.text:_RtNodeRemove)
                  0001d820    0000003c     hal_timer.aem4f : lltimer.oem4f (.text:_llTimerInit)
                  0001d85c    00000004     rtsv7M4_T_le_v4SPD16_eabi.lib : exit.c.obj (.text:abort:abort)
                  0001d860    0000003c     sysbios.aem4f : BIOS.obj (.text:ti_sysbios_family_arm_m3_Hwi_Instance_finalize__E)
                  0001d89c    0000003c     release_pem4f.oem4f (.text:ti_sysbios_knl_Clock_create)
                  0001d8d8    0000003c     sysbios.aem4f : BIOS.obj (.text:ti_sysbios_knl_Swi_restore__E)
                  0001d914    00000004     stk.aem4f : listlib.oem4f (.text:list_get_head)
                  0001d918    0000003c     sysbios.aem4f : BIOS.obj (.text:timer_delete)
                  0001d954    0000003c     msp432e4_driverlib.a : udma.o (.text:uDMAChannelControlSet)
                  0001d990    0000003c     sysbios.aem4f : BIOS.obj (.text:xdc_runtime_System_processAtExit__E)
                  0001d9cc    0000003a     stk.aem4f : ip.oem4f (.text:IPChecksum)
                  0001da06    00000002     --HOLE-- [fill = 0]
                  0001da08    00000038               : ipfrag.oem4f (.text:IPReasmTimeout)
                  0001da40    00000038               : node.oem4f (.text:NodeGetRt)
                  0001da78    00000038     commands.obj (.text:PrintCMD)
                  0001dab0    00000038     stk.aem4f : sb.oem4f (.text:SBSetMax)
                  0001dae8    00000038     slnetsock_release.a : slnetif.oem4f (.text:SlNetIf_configCheck)
                  0001db20    00000038                         : slnetutils.oem4f (.text:SlNetUtil_htonl)
                  0001db58    00000038     stk.aem4f : tcpprot.oem4f (.text:TcpClose)
                  0001db90    00000038               : timer.oem4f (.text:TimerHSTick)
                  0001dbc8    00000038     drivers_msp432e4.aem4f : TimerMSP432E4.oem4f (.text:TimerMSP432E4_hwiIntFunction)
                  0001dc00    00000038     commands.obj (.text:UartCMD)
                  0001dc38    00000038     rtsv7M4_T_le_v4SPD16_eabi.lib : trgmsg.c.obj (.text:__TI_writemsg)
                  0001dc70    00000038     nettool_ipv4.aem4f : dhcptags.oem4f (.text:dhcpOptionsClear)
                  0001dca8    00000038     stk.aem4f : file.oem4f (.text:fdint_waitevent)
                  0001dce0    00000038     rtsv7M4_T_le_v4SPD16_eabi.lib : fs_tod_t2.asm.obj (.text)
                  0001dd18    00000038     sysbios.aem4f : BIOS.obj (.text:ti_sysbios_knl_Task_processVitalTaskFlag__I)
                  0001dd50    00000036     drivers_msp432e4.aem4f : ADCBufMSP432E4.oem4f (.text:ADCBufMSP432E4_convertAdjustedToMicroVolts)
                  0001dd86    00000036     msp432e4_driverlib.a : timer.o (.text:TimerControlStall)
                  0001ddbc    00000036     drivers_msp432e4.aem4f : UARTMSP432E4.oem4f (.text:UARTMSP432E4_readCancel)
                  0001ddf2    00000036     rtsv7M4_T_le_v4SPD16_eabi.lib : strncpy.c.obj (.text:strncpy)
                  0001de28    00000034     nettool_ipv4.aem4f : config.oem4f (.text:CfgSetService)
                  0001de5c    00000034     drivers_msp432e4.aem4f : EMACMSP432E4.oem4f (.text:EMACMSP432E4_emacPoll)
                  0001de90    00000034     stk.aem4f : nimu.oem4f (.text:NIMUFindByName)
                  0001dec4    00000034               : rawethsock.oem4f (.text:RawEthSockClose)
                  0001def8    00000034               : rawethsock.oem4f (.text:RawEthSockNotify)
                  0001df2c    00000034     slnetsock_release.a : slnetutils.oem4f (.text:SlNetUtil_htons)
                  0001df60    00000034     stk.aem4f : sockprot.oem4f (.text:SockPrCtlError)
                  0001df94    00000034     drivers_msp432e4.aem4f : TimerMSP432E4.oem4f (.text:TimerMSP432E4_close)
                  0001dfc8    00000034     rtsv7M4_T_le_v4SPD16_eabi.lib : fopen.c.obj (.text:__TI_cleanup)
                  0001dffc    00000034                                   : trgmsg.c.obj (.text:__TI_readmsg)
                  0001e030    00000034     sysbios.aem4f : BIOS.obj (.text:_pthread_delete$44)
                  0001e064    00000034     slnetifndk_msp432e4.aem4f : slnetifndk.oem4f (.text:addSktToTable)
                  0001e098    00000034     nettool_ipv4.aem4f : dhcpbild.oem4f (.text:dhcpBuildDiscover)
                  0001e0cc    00000034     drivers_msp432e4.aem4f : SPIMSP432E4DMA.oem4f (.text:getPowerMgrId)
                  0001e100    00000034     os.aem4f : mem.oem4f (.text:mmUnInitPage)
                  0001e134    00000034              : ossys.oem4f (.text:stricmp)
                  0001e168    00000034     rtsv7M4_T_le_v4SPD16_eabi.lib : strstr.c.obj (.text:strstr)
                  0001e19c    00000034     release_pem4f.oem4f (.text:ti_sysbios_knl_Semaphore_create)
                  0001e1d0    00000032     nettool_ipv4.aem4f : config.oem4f (.text:CfgGetImmediate)
                  0001e202    00000032     stk.aem4f : pipe.oem4f (.text:PipeCheck)
                  0001e234    00000032               : route.oem4f (.text:RtDeRef)
                  0001e266    00000032               : route.oem4f (.text:RtSetFailure)
                  0001e298    00000032               : sb.oem4f (.text:SBFlush)
                  0001e2ca    00000032     nettool_ipv4.aem4f : config.oem4f (.text:_CfgAcquire)
                  0001e2fc    00000032                        : dhcpsm.oem4f (.text:dhcpIPRemove)
                  0001e32e    00000002     --HOLE-- [fill = 0]
                  0001e330    00000032     sysbios.aem4f : BIOS.obj (.text:ti_sysbios_hal_Hwi_initStack)
                  0001e362    00000006     drivers_msp432e4.aem4f : ADCMSP432E4.oem4f (.text:ADCMSP432E4_control)
                  0001e368    00000032     sysbios.aem4f : BIOS.obj (.text:xdc_runtime_System_putchar__I)
                  0001e39a    00000002     --HOLE-- [fill = 0]
                  0001e39c    00000030     ti_drivers_config.obj (.text:Board_init)
                  0001e3cc    00000030     drivers_msp432e4.aem4f : EMACMSP432E4.oem4f (.text:EMACMSP432E4_isLinkUp)
                  0001e3fc    00000030                            : GPIOMSP432E4.oem4f (.text:GPIOMSP432E4_undoPinConfig)
                  0001e42c    00000030                            : GPIOMSP432E4.oem4f (.text:GPIO_enableInt)
                  0001e45c    00000030                            : GPIOMSP432E4.oem4f (.text:GPIO_read)
                  0001e48c    00000030     netctrl_min_ipv4.aem4f : netsrv.oem4f (.text:NS_PreBoot)
                  0001e4bc    00000030     slnetsock_release.a : slnetif.oem4f (.text:SlNetIf_getIDByName)
                  0001e4ec    00000030                         : slnetutils.oem4f (.text:SlNetUtil_gaiStrErr)
                  0001e51c    00000030     stk.aem4f : sock.oem4f (.text:SockBind)
                  0001e54c    00000030               : sock.oem4f (.text:SockGetName)
                  0001e57c    00000030               : sockpcb.oem4f (.text:SockPcbAttach)
                  0001e5ac    00000030     msp432e4_driverlib.a : uart.o (.text:UARTDisable)
                  0001e5dc    00000030     rtsv7M4_T_le_v4SPD16_eabi.lib : snprintf.c.obj (.text:_outs)
                  0001e60c    00000030     nettool_ipv4.aem4f : dhcpsock.oem4f (.text:dhcpPacketSend)
                  0001e63c    00000030     stk.aem4f : file.oem4f (.text:fdint_setevent)
                  0001e66c    00000030     rtsv7M4_T_le_v4SPD16_eabi.lib : getdevice.c.obj (.text:finddevice)
                  0001e69c    00000030     stk.aem4f : listlib.oem4f (.text:list_remove_node)
                  0001e6cc    00000030     release_pem4f.oem4f (.text:ti_sysbios_BIOS_atExitFunc__I)
                  0001e6fc    00000030     release_pem4f.oem4f (.text:ti_sysbios_BIOS_startFunc__I)
                  0001e72c    00000004     stk.aem4f : listlib.oem4f (.text:list_get_next)
                  0001e730    00000030     sysbios.aem4f : BIOS.obj (.text:ti_sysbios_family_arm_lm4_Timer_stop__E)
                  0001e760    00000030                   : BIOS.obj (.text:ti_sysbios_family_arm_m3_TaskSupport_start__E)
                  0001e790    00000030     release_pem4f.oem4f (.text:ti_sysbios_gates_GateHwi_Object__create__S)
                  0001e7c0    00000030     release_pem4f.oem4f (.text:ti_sysbios_gates_GateMutex_Object__create__S)
                  0001e7f0    00000030     sysbios.aem4f : BIOS.obj (.text:ti_sysbios_gates_GateMutex_enter__E)
                  0001e820    00000030     release_pem4f.oem4f (.text:ti_sysbios_gates_GateSwi_Object__create__S)
                  0001e850    00000030     release_pem4f.oem4f (.text:ti_sysbios_heaps_HeapMem_Object__create__S)
                  0001e880    00000030     release_pem4f.oem4f (.text:ti_sysbios_knl_Clock_construct)
                  0001e8b0    00000030     release_pem4f.oem4f (.text:ti_sysbios_knl_Semaphore_construct)
                  0001e8e0    00000030     sysbios.aem4f : BIOS.obj (.text:ti_sysbios_knl_Semaphore_pendTimeout__I)
                  0001e910    00000030                   : BIOS.obj (.text:ti_sysbios_knl_Task_restore__E)
                  0001e940    00000030                   : BIOS.obj (.text:ti_sysbios_knl_Task_unblockI__E)
                  0001e970    0000002e     drivers_msp432e4.aem4f : EMACMSP432E4.oem4f (.text:EMACMSP432E4_emacioctl)
                  0001e99e    0000002e     stk.aem4f : sb.oem4f (.text:SBFree)
                  0001e9cc    0000002e     rtsv7M4_T_le_v4SPD16_eabi.lib : i_tofd_t2.asm.obj (.text)
                  0001e9fa    0000002e     release_pem4f.oem4f (.text:ti_sysbios_rts_MemAlloc_alloc)
                  0001ea28    0000002c     stk.aem4f : file.oem4f (.text:FdSignalEvent)
                  0001ea54    0000002c               : igmp.oem4f (.text:IGMPTestGroup)
                  0001ea80    0000002c     os.aem4f : NDK_SemaphoreP_tirtos.oem4f (.text:NDK_SemaphoreP_createBinary)
                  0001eaac    0000002c     stk.aem4f : nimu.oem4f (.text:NIMUPacketServiceCheck)
                  0001ead8    0000002c               : pipe.oem4f (.text:PipeClose)
                  0001eb04    0000002c     dpl_msp432e4.aem4f : SemaphoreP_tirtos.oem4f (.text:SemaphoreP_createBinary)
                  0001eb30    0000002c     msp432e4_driverlib.a : sysctl.o (.text:SysCtlPeripheralClockGating)
                  0001eb5c    0000002c     stk.aem4f : lli.oem4f (.text:_LLIExpListRemove)
                  0001eb88    0000002c               : lli.oem4f (.text:_LLITimeoutFlush)
                  0001ebb4    0000002c               : rtable.oem4f (.text:_RtExpListRemove)
                  0001ebe0    0000002c     sysbios.aem4f : BIOS.obj (.text:_pthread_cleanupFxn)
                  0001ec0c    00000004     release_pem4f.oem4f (.text:ti_sysbios_BIOS_RtsGateProxy_enter__E)
                  0001ec10    0000002c     sysbios.aem4f : BIOS.obj (.text:clockFxn$42)
                  0001ec3c    0000002c     slnetsock_release.a : slnetutils.oem4f (.text:mergeLists)
                  0001ec68    0000002c     udpEcho.obj (.text:select)
                  0001ec94    0000002c     rtsv7M4_T_le_v4SPD16_eabi.lib : strncmp.c.obj (.text:strncmp)
                  0001ecc0    0000002c     release_pem4f.oem4f (.text:ti_sysbios_gates_GateHwi_Handle__label__S)
                  0001ecec    0000002c     release_pem4f.oem4f (.text:ti_sysbios_gates_GateMutex_Handle__label__S)
                  0001ed18    0000002c     release_pem4f.oem4f (.text:ti_sysbios_gates_GateSwi_Handle__label__S)
                  0001ed44    0000002c     release_pem4f.oem4f (.text:ti_sysbios_heaps_HeapMem_Handle__label__S)
                  0001ed70    0000002c     release_pem4f.oem4f (.text:ti_sysbios_knl_Clock_doTick__I)
                  0001ed9c    00000004     release_pem4f.oem4f (.text:ti_sysbios_BIOS_RtsGateProxy_leave__E)
                  0001eda0    0000002c     sysbios.aem4f : BIOS.obj (.text:ti_sysbios_knl_Clock_getTimeout__E)
                  0001edcc    0000002c     release_pem4f.oem4f (.text:ti_sysbios_knl_Queue_construct)
                  0001edf8    0000002c     rtsv7M4_T_le_v4SPD16_eabi.lib : unlink.c.obj (.text:unlink)
                  0001ee24    0000002a     stk.aem4f : pbm.oem4f (.text:PBMQ_deq)
                  0001ee4e    0000002a     netctrl_min_ipv4.aem4f : netsrv.oem4f (.text:ServiceCallback)
                  0001ee78    0000002a     slnetsock_release.a : slnetutils.oem4f (.text:SlNetUtil_inetPton)
                  0001eea2    0000002a     stk.aem4f : tcpin.oem4f (.text:TcpEnterTimeWait)
                  0001eecc    0000002a     msp432e4_driverlib.a : timer.o (.text:TimerLoadSet)
                  0001eef6    0000002a                          : timer.o (.text:TimerPrescaleSet)
                  0001ef20    0000002a     nettool_ipv4.aem4f : config.oem4f (.text:_CfgRelease)
                  0001ef4a    0000002a     release_pem4f.oem4f (.text:calloc)
                  0001ef74    0000002a     ti_ndk_config.obj (.text:configUdp)
                  0001ef9e    0000002a     nettool_ipv4.aem4f : dhcpsock.oem4f (.text:dhcpPacketReceive)
                  0001efc8    0000002a     sysbios.aem4f : BIOS.obj (.text:sem_init)
                  0001eff2    00000002     --HOLE-- [fill = 0]
                  0001eff4    00000028     msp432e4_driverlib.a : adc.o (.text:ADCProcessorTrigger)
                  0001f01c    00000028     stk.aem4f : bind.oem4f (.text:BindFindByNet)
                  0001f044    00000028     msp432e4_driverlib.a : flash.o (.text:FlashUserGet)
                  0001f06c    00000028     stk.aem4f : lli.oem4f (.text:LLIFree)
                  0001f094    00000028     netctrl_min_ipv4.aem4f : netctrl.oem4f (.text:NC_SystemClose)
                  0001f0bc    00000028     stk.aem4f : socket.oem4f (.text:NDK_registerHook)
                  0001f0e4    00000028               : nimu.oem4f (.text:NIMUCreatePacket)
                  0001f10c    00000028               : nimu.oem4f (.text:NIMUPacketService)
                  0001f134    00000028     slnetsock_release.a : slnetif.oem4f (.text:SlNetIf_getIfByID)
                  0001f15c    00000028                         : slnetsock.oem4f (.text:SlNetSock_sdsClr)
                  0001f184    00000028                         : slnetsock.oem4f (.text:SlNetSock_sdsIsSet)
                  0001f1ac    00000028                         : slnetsock.oem4f (.text:SlNetSock_sdsSet)
                  0001f1d4    00000028     stk.aem4f : timer.oem4f (.text:TimerListRemove)
                  0001f1fc    00000028               : vlan.oem4f (.text:VLANInit)
                  0001f224    00000028     rtsv7M4_T_le_v4SPD16_eabi.lib : lseek.c.obj (.text:lseek)
                  0001f24c    00000028                                   : memmov.c.obj (.text:memmove)
                  0001f274    00000028     slnetifndk_msp432e4.aem4f : slnetifndk.oem4f (.text:removeSktFromTable)
[...]
0002264d  CONFIG_GPIO_3_CONST                                             
0002264e  CONFIG_GPIO_AMP_ON_CONST                                        
0002264f  CONFIG_GPIO_MIC_CONST                                           
00022650  LSW_CONST                                                       
00022651  RSW_CONST                                                       
00022652  CONFIG_SPI_0_CONST                                              
00022653  SPI_count                                                       
00022654  CONFIG_TIMER_0_CONST                                            
00022655  CONFIG_TIMER_1_CONST                                            
00022656  Timer_count                                                     
00022657  CONFIG_UART_1_CONST                                             
00022658  CONFIG_UART_0_CONST                                             
00022659  UART_count                                                      
0002265a  ti_sysbios_knl_Task_Module__id__C                               
0002265c  GPIOMSP432E4_config                                             
000226a8  xdc_runtime_Startup_firstFxns__A                                
000226b8  xdc_runtime_Startup_sfxnRts__A                                  
000226d6  xdc_runtime_Memory_Module__id__C                                
000226d8  ADCBuf_config                                                   
000226e4  SPI_config                                                      
000226fc  ti_sysbios_knl_Idle_funcList__A                                 
00022708  udmaMSP432E4HWAttrs                                             
00022714  ADC_defaultParams                                               
0002271c  PowerMSP432E4_config                                            
00022724  UDMAMSP432E4_config                                             
0002275c  ti_sysbios_knl_Idle_funcList__C                                 
00022764  ti_sysbios_knl_Task_hooks__C                                    
0002276c  xdc_runtime_Startup_firstFxns__C                                
00022774  xdc_runtime_Startup_lastFxns__C                                 
000227a0  ti_sysbios_family_arm_lm4_Timer_enableFunc__C                   
000227a4  ti_sysbios_family_arm_lm4_Timer_numTimerDevices__C              
000227a8  ti_sysbios_family_arm_lm4_Timer_startupNeeded__C                
000227ac  ti_sysbios_family_arm_m3_Hwi_E_alreadyDefined__C                
000227b0  ti_sysbios_family_arm_m3_Hwi_E_badIntNum__C                     
000227b4  ti_sysbios_family_arm_m3_Hwi_NUM_INTERRUPTS__C                  
000227b8  ti_sysbios_family_arm_m3_Hwi_Object__count__C                   
000227bc  ti_sysbios_family_arm_m3_Hwi_ccr__C                             
000227c0  ti_sysbios_family_arm_m3_Hwi_excHandlerFunc__C                  
000227c4  ti_sysbios_family_arm_m3_Hwi_nullIsrFunc__C                     
000227c8  ti_sysbios_family_arm_m3_Hwi_priGroup__C                        
000227cc  ti_sysbios_family_arm_m3_TaskSupport_stackAlignment__C          
000227d0  ti_sysbios_gates_GateMutex_Instance_State_sem__O                
000227d4  ti_sysbios_heaps_HeapMem_E_memory__C                            
000227d8  ti_sysbios_heaps_HeapMem_Module__gateObj__C                     
000227dc  ti_sysbios_heaps_HeapMem_Object__count__C                       
000227e0  ti_sysbios_heaps_HeapMem_primaryHeapBaseAddr__C                 
000227e4  ti_sysbios_heaps_HeapMem_primaryHeapEndAddr__C                  
000227e8  ti_sysbios_heaps_HeapMem_reqAlign__C                            
000227ec  ti_sysbios_knl_Clock_Module_State_clockQ__O                     
000227f0  ti_sysbios_knl_Clock_tickPeriod__C                              
000227f4  ti_sysbios_knl_Mailbox_Instance_State_freeQue__O                
000227f8  ti_sysbios_knl_Mailbox_Object__count__C                         
000227fc  ti_sysbios_knl_Mailbox_maxTypeAlign__C                          
00022800  ti_sysbios_knl_Semaphore_Instance_State_pendQ__O                
00022804  ti_sysbios_knl_Swi_Object__count__C                             
00022808  ti_sysbios_knl_Task_E_deleteNotAllowed__C                       
0002280c  ti_sysbios_knl_Task_Module_State_inactiveQ__O                   
00022810  ti_sysbios_knl_Task_Module_State_terminatedQ__O                 
00022814  ti_sysbios_knl_Task_Object__count__C                            
00022818  ti_sysbios_knl_Task_Object__heap__C                             
0002281c  ti_sysbios_knl_Task_allBlockedFunc__C                           
00022820  ti_sysbios_knl_Task_defaultStackHeap__C                         
00022824  ti_sysbios_knl_Task_defaultStackSize__C                         
00022828  ti_sysbios_knl_Task_numConstructedTasks__C                      
0002282c  xdc_runtime_Error_E_memory__C                                   
00022830  xdc_runtime_Error_policyFxn__C                                  
00022834  xdc_runtime_IGateProvider_Interface__BASE__C                    
00022838  xdc_runtime_IHeap_Interface__BASE__C                            
0002283c  xdc_runtime_IModule_Interface__BASE__C                          
00022840  xdc_runtime_Memory_defaultHeapInstance__C                       
00022844  xdc_runtime_Startup_execImpl__C                                 
00022848  xdc_runtime_Startup_maxPasses__C                                
0002284c  xdc_runtime_Startup_sfxnRts__C                                  
00022850  xdc_runtime_Startup_sfxnTab__C                                  
00022854  xdc_runtime_SysCallback_abortFxn__C                             
00022858  xdc_runtime_SysCallback_exitFxn__C                              
0002285c  xdc_runtime_SysCallback_putchFxn__C                             
00022860  xdc_runtime_SysCallback_readyFxn__C                             
00022864  xdc_runtime_System_Module__gateObj__C                           
00022868  xdc_runtime_System_abortFxn__C                                  
0002286c  xdc_runtime_System_exitFxn__C                                   
00022870  xdc_runtime_System_extendFxn__C                                 
00022874  xdc_runtime_System_maxAtexitHandlers__C                         
00022878  __TI_static_base__                                              
000236e8  __TI_Handler_Table_Base                                         
000236f4  __TI_Handler_Table_Limit                                        
00023700  __TI_CINIT_Base                                                 
00023710  __TI_CINIT_Limit                                                
20000000  __start___llvm_prf_cnts                                         
20000000  __stop___llvm_prf_cnts                                          
20000000  ti_sysbios_family_arm_m3_Hwi_ramVectors                         
20000360  __primary_heap_start__                                          
20020360  __primary_heap_end__                                            
20020360  glo                                                             
2002b4e0  aboutCMD                                                        
2002b75d  audioCMD                                                        
2002b9da  callbackCMD                                                     
2002bc57  clrCMD                                                          
2002bed4  dialCMD                                                         
2002c151  errorCMD                                                        
2002c3ce  gpioCMD                                                         
2002c64b  helpCMD                                                         
2002c8c8  ifCMD                                                           
2002cb45  memrCMD                                                         
2002cdc2  netCMD                                                          
2002d03f  printCMD                                                        
2002d2bc  regCMD                                                          
2002d539  remCMD                                                          
2002d7b6  scriptCMD                                                       
2002da33  sinCMD                                                          
2002dcb0  strmCMD                                                         
2002df2d  tickerCMD                                                       
2002e1aa  timerCMD                                                        
2002e427  uartCMD                                                         
2002e6a4  voiceCMD                                                        
2002e924  ADCERR                                                          
2002eaa4  BADCMD                                                          
2002ec24  BADGPIO                                                         
2002eda4  BADMEM                                                          
2002ef24  BADMTH                                                          
2002f0a4  BFROVF                                                          
2002f224  NETERR                                                          
2002f3a4  QUEOVF                                                          
2002f524  SCRPTER                                                         
2002f6a4  StreamERR                                                       
2002f824  VoiceERR                                                        
2002f9a4  ti_sysbios_knl_Task_Object__table__V                            
2002fb20  PowerMSP432E4_module                                            
2002fc8c  CB0                                                             
2002fdc0  CB1                                                             
2002fef4  CB2                                                             
20030028  PIN0                                                            
20030158  PIN1                                                            
20030288  PIN2                                                            
200303b8  PIN3                                                            
200304e8  PIN4                                                            
20030618  PIN5                                                            
20030748  PIN6                                                            
20030878  PIN7                                                            
200309a8  ti_sysbios_knl_Swi_Object__table__V                             
20030ac8  _ftable                                                         
20030bb8  _ipcfg                                                          
20030cf8  ti_sysbios_knl_Swi_Module_State_0_readyQ__A                     
20030d78  ti_sysbios_knl_Task_Module_State_0_readyQ__A                    
20030df8  _device                                                         
20030e70  SlNetIfConfigNDK                                                
20030ec8  ti_sysbios_gates_GateMutex_Object__table__V                     
20030f1c  _stream                                                         
20030fbc  ti_sysbios_knl_Task_Module__state__V                            
20031080  ti_sysbios_family_arm_lm4_Timer_Module_State_0_device__A        
200310c0  ti_sysbios_family_arm_lm4_Timer_Object__table__V                
20031100  ti_sysbios_knl_Semaphore_Object__table__V                       
20031170  ti_sysbios_family_arm_m3_Hwi_Module__state__V                   
20031200  ti_sysbios_knl_Clock_Module__state__V                           
2003122c  _oscfg                                                          
20031278  ti_sysbios_BIOS_Module__state__V                                
2003129c  gpioCallbackFunctions                                           
200312bc  gpioPinConfigs                                                  
200312dc  pstrMsgName                                                     
200312fc  ti_sysbios_family_arm_lm4_Timer_Module_State_0_handles__A       
2003131c  xdc_runtime_Error_IgnoreBlock                                   
20031358  ti_ndk_config_Global_Id2Size                                    
20031374  ti_sysbios_knl_Swi_Module__state__V                             
200313a8  ti_sysbios_family_arm_m3_Hwi_Object__table__V                   
200313c0  ti_sysbios_heaps_HeapMem_Object__table__V                       
20031428  ti_sysbios_family_arm_lm4_Seconds_Module__state__V              
2003143c  ti_sysbios_gates_GateSwi_Object__table__V                       
20031450  adcBuf0MSP432E4Channels                                         
20031490  __TI_ft_end                                                     
20031494  __aeabi_stdin                                                   
20031498  __aeabi_stdout                                                  
2003149c  __aeabi_stderr                                                  
200314a8  _IGMPForceVersion1                                              
200314b0  __TI_cleanup_ptr                                                
200314b4  __TI_dtors_ptr                                                  
200314b8  __TI_enable_exit_profile_output                                 
200314bc  NDK_createSockCtx                                               
200314c0  NDK_closeSockCtx                                                
200314c4  NDK_netStartError                                               
200314c8  ti_sysbios_family_arm_lm4_Timer_Module__state__V                
200314e0  _lock                                                           
200314e4  _unlock                                                         
200314e8  NIMUDeviceTable                                                 
20031518  NDK_ICMPInErrors                                                
2003151c  NDK_ICMPOutErrors                                               
20031520  _IPExecuting                                                    
20031540  tcp_iss                                                         
20031544  ptTimeFirst                                                     
20031550  ti_ndk_socket_max_fd                                            
20031558  ti_sysbios_family_arm_m3_Hwi_Module__root__V                    
20031560  ti_sysbios_gates_GateHwi_Module__root__V                        
20031568  ti_sysbios_gates_GateMutex_Module__root__V                      
20031570  ti_sysbios_gates_GateSwi_Module__root__V                        
20031578  ti_sysbios_heaps_HeapMem_Module__root__V                        
20031580  ti_sysbios_knl_Clock_Module__root__V                            
20031588  ti_sysbios_knl_Queue_Module__root__V                            
20031590  ti_sysbios_knl_Semaphore_Module__root__V                        
20031598  ti_sysbios_knl_Task_Module__root__V                             
200315a0  xdc_runtime_Startup_Module__state__V                            
200315a8  xdc_runtime_System_Module_State_0_atexitHandlers__A             
200315b0  xdc_runtime_System_Module__state__V                             
200315d2  ti_sysbios_family_arm_m3_Hwi_Module_State_0_excActive__A        
200315dc  main_func_sp                                                    
200315ec  _IPReasmPtr                                                     
20031600  ti_sysbios_family_arm_m3_Hwi_Module_State_0_excContext__A       
20031604  ti_sysbios_family_arm_m3_Hwi_Module_State_0_excStack__A         
20031608  ti_sysbios_gates_GateHwi_Object__table__V                       
2003160c  ti_sysbios_knl_Task_Module_State_0_idleTask__A                  
20031610  ti_sysbios_rts_ti_ReentSupport_Module__state__V                 
2003161c  xdc_runtime_Memory_Module__state__V                             
20031800  ti_ndk_config_Global_pit                                        
200318a8  ti_ndk_config_Global_pitBuffer                                  
200360a8  ti_ndk_config_Global_pBufMem                                    
20039ca8  ti_ndk_config_Global_pHdrMem                                    
2003a018  ti_sysbios_knl_Task_Instance_State_0_stack__A                   
2003a218  ti_sysbios_knl_Task_Instance_State_1_stack__A                   
2003a518  ti_sysbios_knl_Task_Instance_State_2_stack__A                   
2003b018  ti_sysbios_knl_Task_Instance_State_3_stack__A                   
2003ba18  ti_sysbios_knl_Task_Instance_State_4_stack__A                   
2003bc18  ti_sysbios_family_arm_m3_Hwi_dispatchTable                      
2003c400  __CIOBUF_                                                       
2003c620  uartMSP432E4Objects                                             
2003c6e8  NDK_tcps                                                        
2003c858  __TI_tmpnams                                                    
2003c8f8  adcbufMSP432E4Objects                                           
2003cc24  NDK_ips                                                         
2003cc8c  timerMSP432E4Objects                                            
2003ccf4  nimu_mcb                                                        
2003cd58  NDK_ICMPIn                                                      
2003cda4  NDK_ICMPOut                                                     
2003cdf0  spiMSP432E4DMAObjects                                           
2003ce74  biosblock                                                       
2003ced0  ti_ndk_socket_fdtable                                           
2003cef8  vlan_mcb                                                        
2003cf20  NDK_udps                                                        
2003d030  stkEvent                                                        
2003d07c  NDK_raweths                                                     
2003d08c  NDK_raws                                                        
2003d09c  PBMQ_free                                                       
2003d0a8  tpseudo                                                         
2003d0b4  upseudo                                                         
2003d0c8  parmbuf                                                         
2003d0d0  ti_sysbios_knl_Task_Instance_State_0_hookEnv__A                 
2003d0d8  ti_sysbios_knl_Task_Instance_State_1_hookEnv__A                 
2003d0e0  ti_sysbios_knl_Task_Instance_State_2_hookEnv__A                 
2003d0e8  ti_sysbios_knl_Task_Instance_State_3_hookEnv__A                 
2003d0f0  ti_sysbios_knl_Task_Instance_State_4_hookEnv__A                 
2003d0f8  udmaMSP432E4Object                                              
2003d110  ADCMSP432E4Objects                                              
2003d114  _IGMPInDiscard                                                  
2003d118  _IGMPInQuery                                                    
2003d11c  _IGMPInQueryGroup                                               
2003d120  _IGMPInResponse                                                 
2003d124  _IGMPOutResponse                                                
2003d128  raweth_pcb                                                      
2003fc00  __stack                                                         
20040000  __STACK_END                                                     
e000e000  ti_sysbios_family_arm_m3_Hwi_nvic                               
ffffffff  __TI_pprof_out_hndl                                             
ffffffff  __TI_prof_data_size                                             
ffffffff  __TI_prof_data_start                                            
ffffffff  __binit__                                                       
ffffffff  __c_args__                                                      
ffffffff  binit                                                           
UNDEFED   SHT$$INIT_ARRAY$$Base                                           
UNDEFED   SHT$$INIT_ARRAY$$Limit                                          

[1422 symbols]
