<?xml version="1.0" encoding="ISO-8859-1" ?>
<link_info>
   <banner>TI ARM Linker PC v20.2.7.LTS</banner>
   <copyright>Copyright (c) 1996-2018 Texas Instruments Incorporated</copyright>
   <link_time>0x64ff7239</link_time>
   <link_errors>0x0</link_errors>
   <output_file>uartecho_MSP_EXP432E401Y_nortos_ccs.out</output_file>
   <entry_point>
      <name>resetISR</name>
      <address>0x5215</address>
   </entry_point>
   <input_file_list>
      <input_file id="fl-2">
         <path>.\</path>
         <kind>object</kind>
         <file>HEAD.obj</file>
         <name>HEAD.obj</name>
      </input_file>
      <input_file id="fl-3">
         <path>.\</path>
         <kind>object</kind>
         <file>main_nortos.obj</file>
         <name>main_nortos.obj</name>
      </input_file>
      <input_file id="fl-4">
         <path>.\</path>
         <kind>object</kind>
         <file>uartecho.obj</file>
         <name>uartecho.obj</name>
      </input_file>
      <input_file id="fl-5">
         <path>.\syscfg\</path>
         <kind>object</kind>
         <file>ti_drivers_config.obj</file>
         <name>ti_drivers_config.obj</name>
      </input_file>
      <input_file id="fl-10">
         <kind>object</kind>
         <file>&lt;internal&gt;</file>
         <name>&lt;internal&gt;</name>
      </input_file>
      <input_file id="fl-11">
         <path>C:\ti\simplelink_msp432e4_sdk_4_20_00_12\source\ti\drivers\lib\</path>
         <kind>archive</kind>
         <file>drivers_msp432e4.aem4f</file>
         <name>GPIOMSP432E4.oem4f</name>
      </input_file>
      <input_file id="fl-12">
         <path>C:\ti\simplelink_msp432e4_sdk_4_20_00_12\source\ti\drivers\lib\</path>
         <kind>archive</kind>
         <file>drivers_msp432e4.aem4f</file>
         <name>PowerMSP432E4.oem4f</name>
      </input_file>
      <input_file id="fl-13">
         <path>C:\ti\simplelink_msp432e4_sdk_4_20_00_12\source\ti\drivers\lib\</path>
         <kind>archive</kind>
         <file>drivers_msp432e4.aem4f</file>
         <name>UART.oem4f</name>
      </input_file>
      <input_file id="fl-14">
         <path>C:\ti\simplelink_msp432e4_sdk_4_20_00_12\source\ti\drivers\lib\</path>
         <kind>archive</kind>
         <file>drivers_msp432e4.aem4f</file>
         <name>UARTMSP432E4.oem4f</name>
      </input_file>
      <input_file id="fl-15">
         <path>C:\ti\simplelink_msp432e4_sdk_4_20_00_12\source\ti\drivers\lib\</path>
         <kind>archive</kind>
         <file>drivers_msp432e4.aem4f</file>
         <name>RingBuf.oem4f</name>
      </input_file>
      <input_file id="fl-16">
         <path>C:\ti\simplelink_msp432e4_sdk_4_20_00_12\kernel\nortos\lib\</path>
         <kind>archive</kind>
         <file>nortos_msp432e4.aem4f</file>
         <name>NoRTOS.oem4f</name>
      </input_file>
      <input_file id="fl-17">
         <path>C:\ti\simplelink_msp432e4_sdk_4_20_00_12\kernel\nortos\lib\</path>
         <kind>archive</kind>
         <file>nortos_msp432e4.aem4f</file>
         <name>SemaphoreP_nortos.oem4f</name>
      </input_file>
      <input_file id="fl-18">
         <path>C:\ti\simplelink_msp432e4_sdk_4_20_00_12\kernel\nortos\lib\</path>
         <kind>archive</kind>
         <file>nortos_msp432e4.aem4f</file>
         <name>ClockPSysTick_nortos.oem4f</name>
      </input_file>
      <input_file id="fl-19">
         <path>C:\ti\simplelink_msp432e4_sdk_4_20_00_12\kernel\nortos\lib\</path>
         <kind>archive</kind>
         <file>nortos_msp432e4.aem4f</file>
         <name>HwiPMSP432E4_nortos.oem4f</name>
      </input_file>
      <input_file id="fl-1a">
         <path>C:\ti\simplelink_msp432e4_sdk_4_20_00_12\kernel\nortos\lib\</path>
         <kind>archive</kind>
         <file>nortos_msp432e4.aem4f</file>
         <name>PowerMSP432E4_nortos.oem4f</name>
      </input_file>
      <input_file id="fl-1b">
         <path>C:\ti\simplelink_msp432e4_sdk_4_20_00_12\kernel\nortos\lib\</path>
         <kind>archive</kind>
         <file>nortos_msp432e4.aem4f</file>
         <name>startup_msp432e4_ccs.oem4f</name>
      </input_file>
      <input_file id="fl-1c">
         <path>C:\ti\simplelink_msp432e4_sdk_4_20_00_12\source\ti\devices\msp432e4\driverlib\lib\ccs\m4f\</path>
         <kind>archive</kind>
         <file>msp432e4_driverlib.a</file>
         <name>fpu.o</name>
      </input_file>
      <input_file id="fl-1d">
         <path>C:\ti\simplelink_msp432e4_sdk_4_20_00_12\source\ti\devices\msp432e4\driverlib\lib\ccs\m4f\</path>
         <kind>archive</kind>
         <file>msp432e4_driverlib.a</file>
         <name>gpio.o</name>
      </input_file>
      <input_file id="fl-1e">
         <path>C:\ti\simplelink_msp432e4_sdk_4_20_00_12\source\ti\devices\msp432e4\driverlib\lib\ccs\m4f\</path>
         <kind>archive</kind>
         <file>msp432e4_driverlib.a</file>
         <name>interrupt.o</name>
      </input_file>
      <input_file id="fl-1f">
         <path>C:\ti\simplelink_msp432e4_sdk_4_20_00_12\source\ti\devices\msp432e4\driverlib\lib\ccs\m4f\</path>
         <kind>archive</kind>
         <file>msp432e4_driverlib.a</file>
         <name>sysctl.o</name>
      </input_file>
      <input_file id="fl-20">
         <path>C:\ti\simplelink_msp432e4_sdk_4_20_00_12\source\ti\devices\msp432e4\driverlib\lib\ccs\m4f\</path>
         <kind>archive</kind>
         <file>msp432e4_driverlib.a</file>
         <name>uart.o</name>
      </input_file>
      <input_file id="fl-21">
         <path>C:\ti\simplelink_msp432e4_sdk_4_20_00_12\source\ti\devices\msp432e4\driverlib\lib\ccs\m4f\</path>
         <kind>archive</kind>
         <file>msp432e4_driverlib.a</file>
         <name>cpu.o</name>
      </input_file>
      <input_file id="fl-d7">
         <path>C:\ti\ccs1240\ccs\tools\compiler\ti-cgt-arm_20.2.7.LTS\lib\</path>
         <kind>archive</kind>
         <file>rtsv7M4_T_le_v4SPD16_eabi.lib</file>
         <name>vla_alloc.c.obj</name>
      </input_file>
      <input_file id="fl-d8">
         <path>C:\ti\ccs1240\ccs\tools\compiler\ti-cgt-arm_20.2.7.LTS\lib\</path>
         <kind>archive</kind>
         <file>rtsv7M4_T_le_v4SPD16_eabi.lib</file>
         <name>snprintf.c.obj</name>
      </input_file>
      <input_file id="fl-d9">
         <path>C:\ti\ccs1240\ccs\tools\compiler\ti-cgt-arm_20.2.7.LTS\lib\</path>
         <kind>archive</kind>
         <file>rtsv7M4_T_le_v4SPD16_eabi.lib</file>
         <name>ll_mul_t2.asm.obj</name>
      </input_file>
      <input_file id="fl-da">
         <path>C:\ti\ccs1240\ccs\tools\compiler\ti-cgt-arm_20.2.7.LTS\lib\</path>
         <kind>archive</kind>
         <file>rtsv7M4_T_le_v4SPD16_eabi.lib</file>
         <name>memcpy_t2.asm.obj</name>
      </input_file>
      <input_file id="fl-db">
         <path>C:\ti\ccs1240\ccs\tools\compiler\ti-cgt-arm_20.2.7.LTS\lib\</path>
         <kind>archive</kind>
         <file>rtsv7M4_T_le_v4SPD16_eabi.lib</file>
         <name>memset_t2.asm.obj</name>
      </input_file>
      <input_file id="fl-dc">
         <path>C:\ti\ccs1240\ccs\tools\compiler\ti-cgt-arm_20.2.7.LTS\lib\</path>
         <kind>archive</kind>
         <file>rtsv7M4_T_le_v4SPD16_eabi.lib</file>
         <name>ull_div_t2.asm.obj</name>
      </input_file>
      <input_file id="fl-dd">
         <path>C:\ti\ccs1240\ccs\tools\compiler\ti-cgt-arm_20.2.7.LTS\lib\</path>
         <kind>archive</kind>
         <file>rtsv7M4_T_le_v4SPD16_eabi.lib</file>
         <name>copy_zero_init.c.obj</name>
      </input_file>
      <input_file id="fl-de">
         <path>C:\ti\ccs1240\ccs\tools\compiler\ti-cgt-arm_20.2.7.LTS\lib\</path>
         <kind>archive</kind>
         <file>rtsv7M4_T_le_v4SPD16_eabi.lib</file>
         <name>copy_decompress_none.c.obj</name>
      </input_file>
      <input_file id="fl-df">
         <path>C:\ti\ccs1240\ccs\tools\compiler\ti-cgt-arm_20.2.7.LTS\lib\</path>
         <kind>archive</kind>
         <file>rtsv7M4_T_le_v4SPD16_eabi.lib</file>
         <name>copy_decompress_lzss.c.obj</name>
      </input_file>
      <input_file id="fl-e0">
         <path>C:\ti\ccs1240\ccs\tools\compiler\ti-cgt-arm_20.2.7.LTS\lib\</path>
         <kind>archive</kind>
         <file>rtsv7M4_T_le_v4SPD16_eabi.lib</file>
         <name>memory.c.obj</name>
      </input_file>
      <input_file id="fl-e1">
         <path>C:\ti\ccs1240\ccs\tools\compiler\ti-cgt-arm_20.2.7.LTS\lib\</path>
         <kind>archive</kind>
         <file>rtsv7M4_T_le_v4SPD16_eabi.lib</file>
         <name>strcpy.c.obj</name>
      </input_file>
      <input_file id="fl-e2">
         <path>C:\ti\ccs1240\ccs\tools\compiler\ti-cgt-arm_20.2.7.LTS\lib\</path>
         <kind>archive</kind>
         <file>rtsv7M4_T_le_v4SPD16_eabi.lib</file>
         <name>strlen.c.obj</name>
      </input_file>
      <input_file id="fl-e3">
         <path>C:\ti\ccs1240\ccs\tools\compiler\ti-cgt-arm_20.2.7.LTS\lib\</path>
         <kind>archive</kind>
         <file>rtsv7M4_T_le_v4SPD16_eabi.lib</file>
         <name>strncat.c.obj</name>
      </input_file>
      <input_file id="fl-e4">
         <path>C:\ti\ccs1240\ccs\tools\compiler\ti-cgt-arm_20.2.7.LTS\lib\</path>
         <kind>archive</kind>
         <file>rtsv7M4_T_le_v4SPD16_eabi.lib</file>
         <name>strncmp.c.obj</name>
      </input_file>
      <input_file id="fl-e5">
         <path>C:\ti\ccs1240\ccs\tools\compiler\ti-cgt-arm_20.2.7.LTS\lib\</path>
         <kind>archive</kind>
         <file>rtsv7M4_T_le_v4SPD16_eabi.lib</file>
         <name>strncpy.c.obj</name>
      </input_file>
      <input_file id="fl-e6">
         <path>C:\ti\ccs1240\ccs\tools\compiler\ti-cgt-arm_20.2.7.LTS\lib\</path>
         <kind>archive</kind>
         <file>rtsv7M4_T_le_v4SPD16_eabi.lib</file>
         <name>strtok.c.obj</name>
      </input_file>
      <input_file id="fl-e7">
         <path>C:\ti\ccs1240\ccs\tools\compiler\ti-cgt-arm_20.2.7.LTS\lib\</path>
         <kind>archive</kind>
         <file>rtsv7M4_T_le_v4SPD16_eabi.lib</file>
         <name>strtol.c.obj</name>
      </input_file>
      <input_file id="fl-e8">
         <path>C:\ti\ccs1240\ccs\tools\compiler\ti-cgt-arm_20.2.7.LTS\lib\</path>
         <kind>archive</kind>
         <file>rtsv7M4_T_le_v4SPD16_eabi.lib</file>
         <name>boot_cortex_m.c.obj</name>
      </input_file>
      <input_file id="fl-e9">
         <path>C:\ti\ccs1240\ccs\tools\compiler\ti-cgt-arm_20.2.7.LTS\lib\</path>
         <kind>archive</kind>
         <file>rtsv7M4_T_le_v4SPD16_eabi.lib</file>
         <name>errno.c.obj</name>
      </input_file>
      <input_file id="fl-ea">
         <path>C:\ti\ccs1240\ccs\tools\compiler\ti-cgt-arm_20.2.7.LTS\lib\</path>
         <kind>archive</kind>
         <file>rtsv7M4_T_le_v4SPD16_eabi.lib</file>
         <name>error.c.obj</name>
      </input_file>
      <input_file id="fl-eb">
         <path>C:\ti\ccs1240\ccs\tools\compiler\ti-cgt-arm_20.2.7.LTS\lib\</path>
         <kind>archive</kind>
         <file>rtsv7M4_T_le_v4SPD16_eabi.lib</file>
         <name>_printfi.c.obj</name>
      </input_file>
      <input_file id="fl-ec">
         <path>C:\ti\ccs1240\ccs\tools\compiler\ti-cgt-arm_20.2.7.LTS\lib\</path>
         <kind>archive</kind>
         <file>rtsv7M4_T_le_v4SPD16_eabi.lib</file>
         <name>div0.asm.obj</name>
      </input_file>
      <input_file id="fl-ed">
         <path>C:\ti\ccs1240\ccs\tools\compiler\ti-cgt-arm_20.2.7.LTS\lib\</path>
         <kind>archive</kind>
         <file>rtsv7M4_T_le_v4SPD16_eabi.lib</file>
         <name>fd_add_t2.asm.obj</name>
      </input_file>
      <input_file id="fl-ee">
         <path>C:\ti\ccs1240\ccs\tools\compiler\ti-cgt-arm_20.2.7.LTS\lib\</path>
         <kind>archive</kind>
         <file>rtsv7M4_T_le_v4SPD16_eabi.lib</file>
         <name>fd_cmp_t2.asm.obj</name>
      </input_file>
      <input_file id="fl-ef">
         <path>C:\ti\ccs1240\ccs\tools\compiler\ti-cgt-arm_20.2.7.LTS\lib\</path>
         <kind>archive</kind>
         <file>rtsv7M4_T_le_v4SPD16_eabi.lib</file>
         <name>fd_div_t2.asm.obj</name>
      </input_file>
      <input_file id="fl-f0">
         <path>C:\ti\ccs1240\ccs\tools\compiler\ti-cgt-arm_20.2.7.LTS\lib\</path>
         <kind>archive</kind>
         <file>rtsv7M4_T_le_v4SPD16_eabi.lib</file>
         <name>fd_mul_t2.asm.obj</name>
      </input_file>
      <input_file id="fl-f1">
         <path>C:\ti\ccs1240\ccs\tools\compiler\ti-cgt-arm_20.2.7.LTS\lib\</path>
         <kind>archive</kind>
         <file>rtsv7M4_T_le_v4SPD16_eabi.lib</file>
         <name>fd_toi_t2.asm.obj</name>
      </input_file>
      <input_file id="fl-f2">
         <path>C:\ti\ccs1240\ccs\tools\compiler\ti-cgt-arm_20.2.7.LTS\lib\</path>
         <kind>archive</kind>
         <file>rtsv7M4_T_le_v4SPD16_eabi.lib</file>
         <name>i_tofd_t2.asm.obj</name>
      </input_file>
      <input_file id="fl-f3">
         <path>C:\ti\ccs1240\ccs\tools\compiler\ti-cgt-arm_20.2.7.LTS\lib\</path>
         <kind>archive</kind>
         <file>rtsv7M4_T_le_v4SPD16_eabi.lib</file>
         <name>autoinit.c.obj</name>
      </input_file>
      <input_file id="fl-f4">
         <path>C:\ti\ccs1240\ccs\tools\compiler\ti-cgt-arm_20.2.7.LTS\lib\</path>
         <kind>archive</kind>
         <file>rtsv7M4_T_le_v4SPD16_eabi.lib</file>
         <name>pre_init.c.obj</name>
      </input_file>
      <input_file id="fl-f5">
         <path>C:\ti\ccs1240\ccs\tools\compiler\ti-cgt-arm_20.2.7.LTS\lib\</path>
         <kind>archive</kind>
         <file>rtsv7M4_T_le_v4SPD16_eabi.lib</file>
         <name>cpy_tbl.c.obj</name>
      </input_file>
      <input_file id="fl-f6">
         <path>C:\ti\ccs1240\ccs\tools\compiler\ti-cgt-arm_20.2.7.LTS\lib\</path>
         <kind>archive</kind>
         <file>rtsv7M4_T_le_v4SPD16_eabi.lib</file>
         <name>exit.c.obj</name>
      </input_file>
      <input_file id="fl-f7">
         <path>C:\ti\ccs1240\ccs\tools\compiler\ti-cgt-arm_20.2.7.LTS\lib\</path>
         <kind>archive</kind>
         <file>rtsv7M4_T_le_v4SPD16_eabi.lib</file>
         <name>_lock.c.obj</name>
      </input_file>
      <input_file id="fl-f8">
         <path>C:\ti\ccs1240\ccs\tools\compiler\ti-cgt-arm_20.2.7.LTS\lib\</path>
         <kind>archive</kind>
         <file>rtsv7M4_T_le_v4SPD16_eabi.lib</file>
         <name>_ltoa.c.obj</name>
      </input_file>
      <input_file id="fl-f9">
         <path>C:\ti\ccs1240\ccs\tools\compiler\ti-cgt-arm_20.2.7.LTS\lib\</path>
         <kind>archive</kind>
         <file>rtsv7M4_T_le_v4SPD16_eabi.lib</file>
         <name>args_main.c.obj</name>
      </input_file>
      <input_file id="fl-fa">
         <path>C:\ti\ccs1240\ccs\tools\compiler\ti-cgt-arm_20.2.7.LTS\lib\</path>
         <kind>archive</kind>
         <file>rtsv7M4_T_le_v4SPD16_eabi.lib</file>
         <name>atoi.c.obj</name>
      </input_file>
      <input_file id="fl-fb">
         <path>C:\ti\ccs1240\ccs\tools\compiler\ti-cgt-arm_20.2.7.LTS\lib\</path>
         <kind>archive</kind>
         <file>rtsv7M4_T_le_v4SPD16_eabi.lib</file>
         <name>ctype.c.obj</name>
      </input_file>
      <input_file id="fl-fc">
         <path>C:\ti\ccs1240\ccs\tools\compiler\ti-cgt-arm_20.2.7.LTS\lib\</path>
         <kind>archive</kind>
         <file>rtsv7M4_T_le_v4SPD16_eabi.lib</file>
         <name>memccpy.c.obj</name>
      </input_file>
      <input_file id="fl-fd">
         <path>C:\ti\ccs1240\ccs\tools\compiler\ti-cgt-arm_20.2.7.LTS\lib\</path>
         <kind>archive</kind>
         <file>rtsv7M4_T_le_v4SPD16_eabi.lib</file>
         <name>strchr.c.obj</name>
      </input_file>
      <input_file id="fl-fe">
         <path>C:\ti\ccs1240\ccs\tools\compiler\ti-cgt-arm_20.2.7.LTS\lib\</path>
         <kind>archive</kind>
         <file>rtsv7M4_T_le_v4SPD16_eabi.lib</file>
         <name>strcspn.c.obj</name>
      </input_file>
      <input_file id="fl-ff">
         <path>C:\ti\ccs1240\ccs\tools\compiler\ti-cgt-arm_20.2.7.LTS\lib\</path>
         <kind>archive</kind>
         <file>rtsv7M4_T_le_v4SPD16_eabi.lib</file>
         <name>strspn.c.obj</name>
      </input_file>
      <input_file id="fl-100">
         <path>C:\ti\ccs1240\ccs\tools\compiler\ti-cgt-arm_20.2.7.LTS\lib\</path>
         <kind>archive</kind>
         <file>rtsv7M4_T_le_v4SPD16_eabi.lib</file>
         <name>wcslen.c.obj</name>
      </input_file>
      <input_file id="fl-101">
         <path>C:\ti\ccs1240\ccs\tools\compiler\ti-cgt-arm_20.2.7.LTS\lib\</path>
         <kind>archive</kind>
         <file>rtsv7M4_T_le_v4SPD16_eabi.lib</file>
         <name>s_frexp.c.obj</name>
      </input_file>
      <input_file id="fl-102">
         <path>C:\ti\ccs1240\ccs\tools\compiler\ti-cgt-arm_20.2.7.LTS\lib\</path>
         <kind>archive</kind>
         <file>rtsv7M4_T_le_v4SPD16_eabi.lib</file>
         <name>s_scalbn.c.obj</name>
      </input_file>
      <input_file id="fl-103">
         <path>C:\ti\ccs1240\ccs\tools\compiler\ti-cgt-arm_20.2.7.LTS\lib\</path>
         <kind>archive</kind>
         <file>rtsv7M4_T_le_v4SPD16_eabi.lib</file>
         <name>s_copysign.c.obj</name>
      </input_file>
   </input_file_list>
   <object_component_list>
      <object_component id="oc-42c">
         <name>.text:__TI_printfi</name>
         <load_address>0x200</load_address>
         <run_address>0x200</run_address>
         <size>0xa4e</size>
         <input_file_ref idref="fl-eb"/>
      </object_component>
      <object_component id="oc-218">
         <name>.text:Board_initHook</name>
         <load_address>0xc4e</load_address>
         <run_address>0xc4e</run_address>
         <size>0x2</size>
         <input_file_ref idref="fl-5"/>
      </object_component>
      <object_component id="oc-62a">
         <name>.text:UARTMSP432E4_open</name>
         <load_address>0xc50</load_address>
         <run_address>0xc50</run_address>
         <size>0x2f0</size>
         <input_file_ref idref="fl-14"/>
      </object_component>
      <object_component id="oc-5e">
         <name>.text:SysCtlClockFreqSet</name>
         <load_address>0xf40</load_address>
         <run_address>0xf40</run_address>
         <size>0x2e0</size>
         <input_file_ref idref="fl-1f"/>
      </object_component>
      <object_component id="oc-18b">
         <name>.text:mainThread</name>
         <load_address>0x1220</load_address>
         <run_address>0x1220</run_address>
         <size>0x280</size>
         <input_file_ref idref="fl-4"/>
      </object_component>
      <object_component id="oc-589">
         <name>.text:_pconv_a</name>
         <load_address>0x14a0</load_address>
         <run_address>0x14a0</run_address>
         <size>0x270</size>
         <input_file_ref idref="fl-eb"/>
      </object_component>
      <object_component id="oc-3d7">
         <name>.text:GPIOPadConfigSet</name>
         <load_address>0x1710</load_address>
         <run_address>0x1710</run_address>
         <size>0x23a</size>
         <input_file_ref idref="fl-1d"/>
      </object_component>
      <object_component id="oc-624">
         <name>.text:UARTMSP432E4_init</name>
         <load_address>0x194a</load_address>
         <run_address>0x194a</run_address>
         <size>0x2</size>
         <input_file_ref idref="fl-14"/>
      </object_component>
      <object_component id="oc-577">
         <name>.text:_pconv_g</name>
         <load_address>0x194c</load_address>
         <run_address>0x194c</run_address>
         <size>0x1d0</size>
         <input_file_ref idref="fl-eb"/>
      </object_component>
      <object_component id="oc-250">
         <name>.text:HelpCMD</name>
         <load_address>0x1b1c</load_address>
         <run_address>0x1b1c</run_address>
         <size>0x1c0</size>
         <input_file_ref idref="fl-2"/>
      </object_component>
      <object_component id="oc-6ab">
         <name>.text</name>
         <load_address>0x1cdc</load_address>
         <run_address>0x1cdc</run_address>
         <size>0x1b6</size>
         <input_file_ref idref="fl-ed"/>
      </object_component>
      <object_component id="oc-92a">
         <name>.text:_IntDefaultHandler</name>
         <load_address>0x1e92</load_address>
         <run_address>0x1e92</run_address>
         <size>0x2</size>
         <input_file_ref idref="fl-1e"/>
      </object_component>
      <object_component id="oc-25c">
         <name>.text:MemrCMD</name>
         <load_address>0x1e94</load_address>
         <run_address>0x1e94</run_address>
         <size>0x1ac</size>
         <input_file_ref idref="fl-2"/>
      </object_component>
      <object_component id="oc-2cd">
         <name>.text:GPIO_setConfig</name>
         <load_address>0x2040</load_address>
         <run_address>0x2040</run_address>
         <size>0x184</size>
         <input_file_ref idref="fl-11"/>
      </object_component>
      <object_component id="oc-310">
         <name>.text:__vla_alloc</name>
         <load_address>0x21c4</load_address>
         <run_address>0x21c4</run_address>
         <size>0x14c</size>
         <input_file_ref idref="fl-d7"/>
      </object_component>
      <object_component id="oc-583">
         <name>.text:_pconv_e</name>
         <load_address>0x2310</load_address>
         <run_address>0x2310</run_address>
         <size>0x13c</size>
         <input_file_ref idref="fl-eb"/>
      </object_component>
      <object_component id="oc-691">
         <name>.text</name>
         <load_address>0x244c</load_address>
         <run_address>0x244c</run_address>
         <size>0x136</size>
         <input_file_ref idref="fl-ef"/>
      </object_component>
      <object_component id="oc-35a">
         <name>.text:_nop</name>
         <load_address>0x2582</load_address>
         <run_address>0x2582</run_address>
         <size>0x2</size>
         <input_file_ref idref="fl-f7"/>
      </object_component>
      <object_component id="oc-32a">
         <name>.text:strtol</name>
         <load_address>0x2584</load_address>
         <run_address>0x2584</run_address>
         <size>0x130</size>
         <input_file_ref idref="fl-e7"/>
      </object_component>
      <object_component id="oc-6bd">
         <name>.text:fcvt</name>
         <load_address>0x26b4</load_address>
         <run_address>0x26b4</run_address>
         <size>0x124</size>
         <input_file_ref idref="fl-eb"/>
      </object_component>
      <object_component id="oc-6d1">
         <name>.text:scalbn</name>
         <load_address>0x27d8</load_address>
         <run_address>0x27d8</run_address>
         <size>0x110</size>
         <input_file_ref idref="fl-102"/>
      </object_component>
      <object_component id="oc-5ae">
         <name>.text:aligned_alloc</name>
         <load_address>0x28e8</load_address>
         <run_address>0x28e8</run_address>
         <size>0x100</size>
         <input_file_ref idref="fl-e0"/>
      </object_component>
      <object_component id="oc-68c">
         <name>.text</name>
         <load_address>0x29e8</load_address>
         <run_address>0x29e8</run_address>
         <size>0xfc</size>
         <input_file_ref idref="fl-f0"/>
      </object_component>
      <object_component id="oc-24a">
         <name>.text:PrintAbout</name>
         <load_address>0x2ae4</load_address>
         <run_address>0x2ae4</run_address>
         <size>0xf4</size>
         <input_file_ref idref="fl-2"/>
      </object_component>
      <object_component id="oc-478">
         <name>.text:free</name>
         <load_address>0x2bd8</load_address>
         <run_address>0x2bd8</run_address>
         <size>0xe4</size>
         <input_file_ref idref="fl-e0"/>
      </object_component>
      <object_component id="oc-463">
         <name>.text:realloc</name>
         <load_address>0x2cbc</load_address>
         <run_address>0x2cbc</run_address>
         <size>0xe4</size>
         <input_file_ref idref="fl-e0"/>
      </object_component>
      <object_component id="oc-23e">
         <name>.text:ProcInp</name>
         <load_address>0x2da0</load_address>
         <run_address>0x2da0</run_address>
         <size>0xd3</size>
         <input_file_ref idref="fl-2"/>
      </object_component>
      <object_component id="oc-618">
         <name>.text:UARTMSP432E4_close</name>
         <load_address>0x2e74</load_address>
         <run_address>0x2e74</run_address>
         <size>0xbe</size>
         <input_file_ref idref="fl-14"/>
      </object_component>
      <object_component id="oc-893">
         <name>.text:readTaskCallback</name>
         <load_address>0x2f32</load_address>
         <run_address>0x2f32</run_address>
         <size>0xb6</size>
         <input_file_ref idref="fl-14"/>
      </object_component>
      <object_component id="oc-56c">
         <name>.text:_ltostr</name>
         <load_address>0x2fe8</load_address>
         <run_address>0x2fe8</run_address>
         <size>0xb1</size>
         <input_file_ref idref="fl-eb"/>
      </object_component>
      <object_component id="oc-881">
         <name>.text:readTaskBlocking</name>
         <load_address>0x309a</load_address>
         <run_address>0x309a</run_address>
         <size>0xb0</size>
         <input_file_ref idref="fl-14"/>
      </object_component>
      <object_component id="oc-78">
         <name>.text:busFaultHandler</name>
         <load_address>0x314a</load_address>
         <run_address>0x314a</run_address>
         <size>0x2</size>
         <input_file_ref idref="fl-1b"/>
      </object_component>
      <object_component id="oc-2c1">
         <name>.text:GPIO_init</name>
         <load_address>0x314c</load_address>
         <run_address>0x314c</run_address>
         <size>0xac</size>
         <input_file_ref idref="fl-11"/>
      </object_component>
      <object_component id="oc-3ef">
         <name>.text:GPIOIntTypeSet</name>
         <load_address>0x31f8</load_address>
         <run_address>0x31f8</run_address>
         <size>0xa4</size>
         <input_file_ref idref="fl-1d"/>
      </object_component>
      <object_component id="oc-39e">
         <name>.text:SemaphoreP_pend</name>
         <load_address>0x329c</load_address>
         <run_address>0x329c</run_address>
         <size>0xa0</size>
         <input_file_ref idref="fl-17"/>
      </object_component>
      <object_component id="oc-636">
         <name>.text:UARTMSP432E4_readPolling</name>
         <load_address>0x333c</load_address>
         <run_address>0x333c</run_address>
         <size>0x9e</size>
         <input_file_ref idref="fl-14"/>
      </object_component>
      <object_component id="oc-3a">
         <name>.text</name>
         <load_address>0x33da</load_address>
         <run_address>0x33da</run_address>
         <size>0x9c</size>
         <input_file_ref idref="fl-da"/>
      </object_component>
      <object_component id="oc-642">
         <name>.text:UARTMSP432E4_write</name>
         <load_address>0x3476</load_address>
         <run_address>0x3476</run_address>
         <size>0x98</size>
         <input_file_ref idref="fl-14"/>
      </object_component>
      <object_component id="oc-685">
         <name>.text</name>
         <load_address>0x350e</load_address>
         <run_address>0x350e</run_address>
         <size>0x96</size>
         <input_file_ref idref="fl-dc"/>
      </object_component>
      <object_component id="oc-887">
         <name>.text:readIsrTextBlocking</name>
         <load_address>0x35a4</load_address>
         <run_address>0x35a4</run_address>
         <size>0x94</size>
         <input_file_ref idref="fl-14"/>
      </object_component>
      <object_component id="oc-61e">
         <name>.text:UARTMSP432E4_control</name>
         <load_address>0x3638</load_address>
         <run_address>0x3638</run_address>
         <size>0x90</size>
         <input_file_ref idref="fl-14"/>
      </object_component>
      <object_component id="oc-bb">
         <name>.text:_SysCtlFrequencyGet</name>
         <load_address>0x36c8</load_address>
         <run_address>0x36c8</run_address>
         <size>0x90</size>
         <input_file_ref idref="fl-1f"/>
      </object_component>
      <object_component id="oc-899">
         <name>.text:readIsrTextCallback</name>
         <load_address>0x3758</load_address>
         <run_address>0x3758</run_address>
         <size>0x88</size>
         <input_file_ref idref="fl-14"/>
      </object_component>
      <object_component id="oc-572">
         <name>.text:__aeabi_cdcmple</name>
         <load_address>0x37e0</load_address>
         <run_address>0x37e0</run_address>
         <size>0x86</size>
         <input_file_ref idref="fl-ee"/>
      </object_component>
      <object_component id="oc-696">
         <name>.text:__aeabi_cdrcmple</name>
         <load_address>0x3866</load_address>
         <run_address>0x3866</run_address>
         <size>0x86</size>
         <input_file_ref idref="fl-ee"/>
      </object_component>
      <object_component id="oc-8fa">
         <name>.text:IntDisable</name>
         <load_address>0x38ec</load_address>
         <run_address>0x38ec</run_address>
         <size>0x80</size>
         <input_file_ref idref="fl-1e"/>
      </object_component>
      <object_component id="oc-66f">
         <name>.text:IntEnable</name>
         <load_address>0x396c</load_address>
         <run_address>0x396c</run_address>
         <size>0x80</size>
         <input_file_ref idref="fl-1e"/>
      </object_component>
      <object_component id="oc-7e1">
         <name>.text:writeData</name>
         <load_address>0x39ec</load_address>
         <run_address>0x39ec</run_address>
         <size>0x7c</size>
         <input_file_ref idref="fl-14"/>
      </object_component>
      <object_component id="oc-a2">
         <name>.text</name>
         <load_address>0x3a68</load_address>
         <run_address>0x3a68</run_address>
         <size>0x7a</size>
         <input_file_ref idref="fl-db"/>
      </object_component>
      <object_component id="oc-4d4">
         <name>.text:clkFxn</name>
         <load_address>0x3ae2</load_address>
         <run_address>0x3ae2</run_address>
         <size>0x2</size>
         <input_file_ref idref="fl-17"/>
      </object_component>
      <object_component id="oc-45d">
         <name>.text:_ZN33_INTERNAL_11_vla_alloc_c_be8bd49b21free_dead_allocationsEPv</name>
         <load_address>0x3ae4</load_address>
         <run_address>0x3ae4</run_address>
         <size>0x78</size>
         <input_file_ref idref="fl-d7"/>
      </object_component>
      <object_component id="oc-256">
         <name>.text:PrintCMD</name>
         <load_address>0x3b5c</load_address>
         <run_address>0x3b5c</run_address>
         <size>0x77</size>
         <input_file_ref idref="fl-2"/>
      </object_component>
      <object_component id="oc-791">
         <name>.text:UARTConfigSetExpClk</name>
         <load_address>0x3bd4</load_address>
         <run_address>0x3bd4</run_address>
         <size>0x76</size>
         <input_file_ref idref="fl-20"/>
      </object_component>
      <object_component id="oc-72">
         <name>.text:defaultHandler</name>
         <load_address>0x3c4a</load_address>
         <run_address>0x3c4a</run_address>
         <size>0x2</size>
         <input_file_ref idref="fl-1b"/>
      </object_component>
      <object_component id="oc-52a">
         <name>.text:HwiP_construct</name>
         <load_address>0x3c4c</load_address>
         <run_address>0x3c4c</run_address>
         <size>0x70</size>
         <input_file_ref idref="fl-19"/>
      </object_component>
      <object_component id="oc-316">
         <name>.text:__vla_dealloc</name>
         <load_address>0x3cbc</load_address>
         <run_address>0x3cbc</run_address>
         <size>0x70</size>
         <input_file_ref idref="fl-d7"/>
      </object_component>
      <object_component id="oc-5bc">
         <name>.text:split</name>
         <load_address>0x3d2c</load_address>
         <run_address>0x3d2c</run_address>
         <size>0x70</size>
         <input_file_ref idref="fl-e0"/>
      </object_component>
      <object_component id="oc-6b6">
         <name>.text:_mcpy</name>
         <load_address>0x3d9c</load_address>
         <run_address>0x3d9c</run_address>
         <size>0x6e</size>
         <input_file_ref idref="fl-eb"/>
      </object_component>
      <object_component id="oc-6c">
         <name>.text:faultISR</name>
         <load_address>0x3e0a</load_address>
         <run_address>0x3e0a</run_address>
         <size>0x2</size>
         <input_file_ref idref="fl-1b"/>
      </object_component>
      <object_component id="oc-722">
         <name>.text:Power_releaseDependency</name>
         <load_address>0x3e0c</load_address>
         <run_address>0x3e0c</run_address>
         <size>0x6c</size>
         <input_file_ref idref="fl-12"/>
      </object_component>
      <object_component id="oc-40a">
         <name>.text:GPIO_hwiIntFxn</name>
         <load_address>0x3e78</load_address>
         <run_address>0x3e78</run_address>
         <size>0x68</size>
         <input_file_ref idref="fl-11"/>
      </object_component>
      <object_component id="oc-3c5">
         <name>.text:Power_setDependency</name>
         <load_address>0x3ee0</load_address>
         <run_address>0x3ee0</run_address>
         <size>0x68</size>
         <input_file_ref idref="fl-12"/>
      </object_component>
      <object_component id="oc-13">
         <name>.text:decompress:lzss:__TI_decompress_lzss</name>
         <load_address>0x3f48</load_address>
         <run_address>0x3f48</run_address>
         <size>0x68</size>
         <input_file_ref idref="fl-df"/>
      </object_component>
      <object_component id="oc-87b">
         <name>.text:readIsrBinaryBlocking</name>
         <load_address>0x3fb0</load_address>
         <run_address>0x3fb0</run_address>
         <size>0x68</size>
         <input_file_ref idref="fl-14"/>
      </object_component>
      <object_component id="oc-226">
         <name>.text:GlobalConfig</name>
         <load_address>0x4018</load_address>
         <run_address>0x4018</run_address>
         <size>0x66</size>
         <input_file_ref idref="fl-2"/>
      </object_component>
      <object_component id="oc-66">
         <name>.text:nmiISR</name>
         <load_address>0x407e</load_address>
         <run_address>0x407e</run_address>
         <size>0x2</size>
         <input_file_ref idref="fl-1b"/>
      </object_component>
      <object_component id="oc-212">
         <name>.text:Power_init</name>
         <load_address>0x4080</load_address>
         <run_address>0x4080</run_address>
         <size>0x64</size>
         <input_file_ref idref="fl-12"/>
      </object_component>
      <object_component id="oc-6cb">
         <name>.text:frexp</name>
         <load_address>0x40e4</load_address>
         <run_address>0x40e4</run_address>
         <size>0x64</size>
         <input_file_ref idref="fl-101"/>
      </object_component>
      <object_component id="oc-88d">
         <name>.text:readIsrBinaryCallback</name>
         <load_address>0x4148</load_address>
         <run_address>0x4148</run_address>
         <size>0x64</size>
         <input_file_ref idref="fl-14"/>
      </object_component>
      <object_component id="oc-3cb">
         <name>.text:GPIODirModeSet</name>
         <load_address>0x41ac</load_address>
         <run_address>0x41ac</run_address>
         <size>0x5c</size>
         <input_file_ref idref="fl-1d"/>
      </object_component>
      <object_component id="oc-663">
         <name>.text:IntRegister</name>
         <load_address>0x4208</load_address>
         <run_address>0x4208</run_address>
         <size>0x5c</size>
         <input_file_ref idref="fl-1e"/>
      </object_component>
      <object_component id="oc-71c">
         <name>.text:getPowerResourceId</name>
         <load_address>0x4264</load_address>
         <run_address>0x4264</run_address>
         <size>0x5c</size>
         <input_file_ref idref="fl-14"/>
      </object_component>
      <object_component id="oc-3a4">
         <name>.text:GPIO_setCallback</name>
         <load_address>0x42c0</load_address>
         <run_address>0x42c0</run_address>
         <size>0x58</size>
         <input_file_ref idref="fl-11"/>
      </object_component>
      <object_component id="oc-83c">
         <name>.text:sysTickInit</name>
         <load_address>0x4318</load_address>
         <run_address>0x4318</run_address>
         <size>0x58</size>
         <input_file_ref idref="fl-18"/>
      </object_component>
      <object_component id="oc-57d">
         <name>.text:_pconv_f</name>
         <load_address>0x4370</load_address>
         <run_address>0x4370</run_address>
         <size>0x56</size>
         <input_file_ref idref="fl-eb"/>
      </object_component>
      <object_component id="oc-808">
         <name>.text</name>
         <load_address>0x43c6</load_address>
         <run_address>0x43c6</run_address>
         <size>0x2</size>
         <input_file_ref idref="fl-ec"/>
      </object_component>
      <object_component id="oc-2d3">
         <name>.text:GPIO_write</name>
         <load_address>0x43c8</load_address>
         <run_address>0x43c8</run_address>
         <size>0x54</size>
         <input_file_ref idref="fl-11"/>
      </object_component>
      <object_component id="oc-669">
         <name>.text:IntPrioritySet</name>
         <load_address>0x441c</load_address>
         <run_address>0x441c</run_address>
         <size>0x54</size>
         <input_file_ref idref="fl-1e"/>
      </object_component>
      <object_component id="oc-6a0">
         <name>.text:__TI_ltoa</name>
         <load_address>0x4470</load_address>
         <run_address>0x4470</run_address>
         <size>0x54</size>
         <input_file_ref idref="fl-f8"/>
      </object_component>
      <object_component id="oc-6b0">
         <name>.text:_ecpy</name>
         <load_address>0x44c4</load_address>
         <run_address>0x44c4</run_address>
         <size>0x52</size>
         <input_file_ref idref="fl-eb"/>
      </object_component>
      <object_component id="oc-7e">
         <name>.text:ClockP_sysTickHandler</name>
         <load_address>0x4518</load_address>
         <run_address>0x4518</run_address>
         <size>0x50</size>
         <input_file_ref idref="fl-18"/>
      </object_component>
      <object_component id="oc-5ef">
         <name>.text:SemaphoreP_construct</name>
         <load_address>0x4568</load_address>
         <run_address>0x4568</run_address>
         <size>0x50</size>
         <input_file_ref idref="fl-17"/>
      </object_component>
      <object_component id="oc-79a">
         <name>.text:UARTMSP432E4_hwiIntFxn</name>
         <load_address>0x45b8</load_address>
         <run_address>0x45b8</run_address>
         <size>0x50</size>
         <input_file_ref idref="fl-14"/>
      </object_component>
      <object_component id="oc-648">
         <name>.text:UARTMSP432E4_writePolling</name>
         <load_address>0x4608</load_address>
         <run_address>0x4608</run_address>
         <size>0x4c</size>
         <input_file_ref idref="fl-14"/>
      </object_component>
      <object_component id="oc-566">
         <name>.text:atoi</name>
         <load_address>0x4654</load_address>
         <run_address>0x4654</run_address>
         <size>0x4c</size>
         <input_file_ref idref="fl-fa"/>
      </object_component>
      <object_component id="oc-7c1">
         <name>.text:ringBufGet</name>
         <load_address>0x46a0</load_address>
         <run_address>0x46a0</run_address>
         <size>0x4c</size>
         <input_file_ref idref="fl-14"/>
      </object_component>
      <object_component id="oc-303">
         <name>.text:snprintf</name>
         <load_address>0x46ec</load_address>
         <run_address>0x46ec</run_address>
         <size>0x4c</size>
         <input_file_ref idref="fl-d8"/>
      </object_component>
      <object_component id="oc-64e">
         <name>.text:UARTMSP432E4_writeCancel</name>
         <load_address>0x4738</load_address>
         <run_address>0x4738</run_address>
         <size>0x48</size>
         <input_file_ref idref="fl-14"/>
      </object_component>
      <object_component id="oc-69b">
         <name>.text</name>
         <load_address>0x4780</load_address>
         <run_address>0x4780</run_address>
         <size>0x48</size>
         <input_file_ref idref="fl-f1"/>
      </object_component>
      <object_component id="oc-8c9">
         <name>.text:RingBuf_put</name>
         <load_address>0x47c8</load_address>
         <run_address>0x47c8</run_address>
         <size>0x46</size>
         <input_file_ref idref="fl-15"/>
      </object_component>
      <object_component id="oc-605">
         <name>.text:ClockP_stop</name>
         <load_address>0x4810</load_address>
         <run_address>0x4810</run_address>
         <size>0x44</size>
         <input_file_ref idref="fl-18"/>
      </object_component>
      <object_component id="oc-755">
         <name>.text:GPIOPinConfigure</name>
         <load_address>0x4854</load_address>
         <run_address>0x4854</run_address>
         <size>0x44</size>
         <input_file_ref idref="fl-1d"/>
      </object_component>
      <object_component id="oc-262">
         <name>.text:ReturnCommandIndex</name>
         <load_address>0x4898</load_address>
         <run_address>0x4898</run_address>
         <size>0x44</size>
         <input_file_ref idref="fl-2"/>
      </object_component>
      <object_component id="oc-3aa">
         <name>.text:SemaphoreP_post</name>
         <load_address>0x48dc</load_address>
         <run_address>0x48dc</run_address>
         <size>0x44</size>
         <input_file_ref idref="fl-17"/>
      </object_component>
      <object_component id="oc-505">
         <name>.text:SysCtlPeripheralPresent</name>
         <load_address>0x4920</load_address>
         <run_address>0x4920</run_address>
         <size>0x44</size>
         <input_file_ref idref="fl-1f"/>
      </object_component>
      <object_component id="oc-51d">
         <name>.text:SysCtlPeripheralReady</name>
         <load_address>0x4964</load_address>
         <run_address>0x4964</run_address>
         <size>0x44</size>
         <input_file_ref idref="fl-1f"/>
      </object_component>
      <object_component id="oc-2c7">
         <name>.text:UART_init</name>
         <load_address>0x49a8</load_address>
         <run_address>0x49a8</run_address>
         <size>0x44</size>
         <input_file_ref idref="fl-13"/>
      </object_component>
      <object_component id="oc-b5">
         <name>.text:_SysCtlMemTimingGet</name>
         <load_address>0x49ec</load_address>
         <run_address>0x49ec</run_address>
         <size>0x44</size>
         <input_file_ref idref="fl-1f"/>
      </object_component>
      <object_component id="oc-19e">
         <name>.text:__TI_auto_init_nobinit_nopinit:__TI_auto_init_nobinit_nopinit</name>
         <load_address>0x4a30</load_address>
         <run_address>0x4a30</run_address>
         <size>0x44</size>
         <input_file_ref idref="fl-f3"/>
      </object_component>
      <object_component id="oc-86f">
         <name>.text:ClockP_construct</name>
         <load_address>0x4a74</load_address>
         <run_address>0x4a74</run_address>
         <size>0x40</size>
         <input_file_ref idref="fl-18"/>
      </object_component>
      <object_component id="oc-8bd">
         <name>.text:RingBuf_get</name>
         <load_address>0x4ab4</load_address>
         <run_address>0x4ab4</run_address>
         <size>0x40</size>
         <input_file_ref idref="fl-15"/>
      </object_component>
      <object_component id="oc-84c">
         <name>.text:SysCtlPeripheralDisable</name>
         <load_address>0x4af4</load_address>
         <run_address>0x4af4</run_address>
         <size>0x40</size>
         <input_file_ref idref="fl-1f"/>
      </object_component>
      <object_component id="oc-511">
         <name>.text:SysCtlPeripheralEnable</name>
         <load_address>0x4b34</load_address>
         <run_address>0x4b34</run_address>
         <size>0x40</size>
         <input_file_ref idref="fl-1f"/>
      </object_component>
      <object_component id="oc-2a6">
         <name>.text:SysCtlPeripheralPowerOff</name>
         <load_address>0x4b74</load_address>
         <run_address>0x4b74</run_address>
         <size>0x40</size>
         <input_file_ref idref="fl-1f"/>
      </object_component>
      <object_component id="oc-50b">
         <name>.text:SysCtlPeripheralPowerOn</name>
         <load_address>0x4bb4</load_address>
         <run_address>0x4bb4</run_address>
         <size>0x40</size>
         <input_file_ref idref="fl-1f"/>
      </object_component>
      <object_component id="oc-852">
         <name>.text:SysCtlPeripheralSleepDisable</name>
         <load_address>0x4bf4</load_address>
         <run_address>0x4bf4</run_address>
         <size>0x40</size>
         <input_file_ref idref="fl-1f"/>
      </object_component>
      <object_component id="oc-517">
         <name>.text:SysCtlPeripheralSleepEnable</name>
         <load_address>0x4c34</load_address>
         <run_address>0x4c34</run_address>
         <size>0x40</size>
         <input_file_ref idref="fl-1f"/>
      </object_component>
      <object_component id="oc-630">
         <name>.text:UARTMSP432E4_read</name>
         <load_address>0x4c74</load_address>
         <run_address>0x4c74</run_address>
         <size>0x40</size>
         <input_file_ref idref="fl-14"/>
      </object_component>
      <object_component id="oc-2df">
         <name>.text:UART_open</name>
         <load_address>0x4cb4</load_address>
         <run_address>0x4cb4</run_address>
         <size>0x40</size>
         <input_file_ref idref="fl-13"/>
      </object_component>
      <object_component id="oc-244">
         <name>.text:strtok</name>
         <load_address>0x4cf4</load_address>
         <run_address>0x4cf4</run_address>
         <size>0x40</size>
         <input_file_ref idref="fl-e6"/>
      </object_component>
      <object_component id="oc-6c3">
         <name>.text:_fcpy</name>
         <load_address>0x4d34</load_address>
         <run_address>0x4d34</run_address>
         <size>0x3e</size>
         <input_file_ref idref="fl-eb"/>
      </object_component>
      <object_component id="oc-4ce">
         <name>.text:ClockP_destruct</name>
         <load_address>0x4d74</load_address>
         <run_address>0x4d74</run_address>
         <size>0x3c</size>
         <input_file_ref idref="fl-18"/>
      </object_component>
      <object_component id="oc-ec">
         <name>.text:addToList</name>
         <load_address>0x4db0</load_address>
         <run_address>0x4db0</run_address>
         <size>0x38</size>
         <input_file_ref idref="fl-18"/>
      </object_component>
      <object_component id="oc-63c">
         <name>.text:UARTMSP432E4_readCancel</name>
         <load_address>0x4de8</load_address>
         <run_address>0x4de8</run_address>
         <size>0x36</size>
         <input_file_ref idref="fl-14"/>
      </object_component>
      <object_component id="oc-2eb">
         <name>.text:strncpy</name>
         <load_address>0x4e1e</load_address>
         <run_address>0x4e1e</run_address>
         <size>0x36</size>
         <input_file_ref idref="fl-e5"/>
      </object_component>
      <object_component id="oc-708">
         <name>.text:ClockP_startup</name>
         <load_address>0x4e54</load_address>
         <run_address>0x4e54</run_address>
         <size>0x34</size>
         <input_file_ref idref="fl-18"/>
      </object_component>
      <object_component id="oc-d6">
         <name>.text:_c_int00_noargs:_c_int00_noargs</name>
         <load_address>0x4e88</load_address>
         <run_address>0x4e88</run_address>
         <size>0x34</size>
         <input_file_ref idref="fl-e8"/>
      </object_component>
      <object_component id="oc-17f">
         <name>.text:Board_init</name>
         <load_address>0x4ebc</load_address>
         <run_address>0x4ebc</run_address>
         <size>0x30</size>
         <input_file_ref idref="fl-5"/>
      </object_component>
      <object_component id="oc-4bc">
         <name>.text:ClockP_start</name>
         <load_address>0x4eec</load_address>
         <run_address>0x4eec</run_address>
         <size>0x30</size>
         <input_file_ref idref="fl-18"/>
      </object_component>
      <object_component id="oc-728">
         <name>.text:GPIOMSP432E4_undoPinConfig</name>
         <load_address>0x4f1c</load_address>
         <run_address>0x4f1c</run_address>
         <size>0x30</size>
         <input_file_ref idref="fl-11"/>
      </object_component>
      <object_component id="oc-716">
         <name>.text:UARTDisable</name>
         <load_address>0x4f4c</load_address>
         <run_address>0x4f4c</run_address>
         <size>0x30</size>
         <input_file_ref idref="fl-20"/>
      </object_component>
      <object_component id="oc-432">
         <name>.text:_outs</name>
         <load_address>0x4f7c</load_address>
         <run_address>0x4f7c</run_address>
         <size>0x30</size>
         <input_file_ref idref="fl-d8"/>
      </object_component>
      <object_component id="oc-6a6">
         <name>.text</name>
         <load_address>0x4fac</load_address>
         <run_address>0x4fac</run_address>
         <size>0x2e</size>
         <input_file_ref idref="fl-f2"/>
      </object_component>
      <object_component id="oc-323">
         <name>.text:strncat</name>
         <load_address>0x4fda</load_address>
         <run_address>0x4fda</run_address>
         <size>0x2e</size>
         <input_file_ref idref="fl-e3"/>
      </object_component>
      <object_component id="oc-2ac">
         <name>.text:SysCtlPeripheralClockGating</name>
         <load_address>0x5008</load_address>
         <run_address>0x5008</run_address>
         <size>0x2c</size>
         <input_file_ref idref="fl-1f"/>
      </object_component>
      <object_component id="oc-334">
         <name>.text:strncmp</name>
         <load_address>0x5034</load_address>
         <run_address>0x5034</run_address>
         <size>0x2c</size>
         <input_file_ref idref="fl-e4"/>
      </object_component>
      <object_component id="oc-3e9">
         <name>.text:HwiP_create</name>
         <load_address>0x5060</load_address>
         <run_address>0x5060</run_address>
         <size>0x2a</size>
         <input_file_ref idref="fl-19"/>
      </object_component>
      <object_component id="oc-2f2">
         <name>.text:strspn</name>
         <load_address>0x508a</load_address>
         <run_address>0x508a</run_address>
         <size>0x2a</size>
         <input_file_ref idref="fl-ff"/>
      </object_component>
      <object_component id="oc-5d6">
         <name>.text:free_list_insert</name>
         <load_address>0x50b4</load_address>
         <run_address>0x50b4</run_address>
         <size>0x28</size>
         <input_file_ref idref="fl-e0"/>
      </object_component>
      <object_component id="oc-761">
         <name>.text:GPIOPinTypeUART</name>
         <load_address>0x50dc</load_address>
         <run_address>0x50dc</run_address>
         <size>0x24</size>
         <input_file_ref idref="fl-1d"/>
      </object_component>
      <object_component id="oc-675">
         <name>.text:HwiP_dispatch</name>
         <load_address>0x5100</load_address>
         <run_address>0x5100</run_address>
         <size>0x24</size>
         <input_file_ref idref="fl-19"/>
      </object_component>
      <object_component id="oc-8d4">
         <name>.text:UARTCharPutNonBlocking</name>
         <load_address>0x5124</load_address>
         <run_address>0x5124</run_address>
         <size>0x24</size>
         <input_file_ref idref="fl-20"/>
      </object_component>
      <object_component id="oc-77f">
         <name>.text:UARTEnable</name>
         <load_address>0x5148</load_address>
         <run_address>0x5148</run_address>
         <size>0x24</size>
         <input_file_ref idref="fl-20"/>
      </object_component>
      <object_component id="oc-2f8">
         <name>.text:strcspn</name>
         <load_address>0x516c</load_address>
         <run_address>0x516c</run_address>
         <size>0x24</size>
         <input_file_ref idref="fl-fe"/>
      </object_component>
      <object_component id="oc-53d">
         <name>.text:GPIOIntStatus</name>
         <load_address>0x5190</load_address>
         <run_address>0x5190</run_address>
         <size>0x22</size>
         <input_file_ref idref="fl-1d"/>
      </object_component>
      <object_component id="oc-3d1">
         <name>.text:GPIOPinWrite</name>
         <load_address>0x51b2</load_address>
         <run_address>0x51b2</run_address>
         <size>0x20</size>
         <input_file_ref idref="fl-1d"/>
      </object_component>
      <object_component id="oc-741">
         <name>.text:RingBuf_peek</name>
         <load_address>0x51d2</load_address>
         <run_address>0x51d2</run_address>
         <size>0x20</size>
         <input_file_ref idref="fl-15"/>
      </object_component>
      <object_component id="oc-3dd">
         <name>.text:getGpioIntIndex</name>
         <load_address>0x51f2</load_address>
         <run_address>0x51f2</run_address>
         <size>0x20</size>
         <input_file_ref idref="fl-11"/>
      </object_component>
      <object_component id="oc-20">
         <name>.text:resetISR</name>
         <load_address>0x5214</load_address>
         <run_address>0x5214</run_address>
         <size>0x20</size>
         <input_file_ref idref="fl-1b"/>
      </object_component>
      <object_component id="oc-7d5">
         <name>.text:UARTBusy</name>
         <load_address>0x5234</load_address>
         <run_address>0x5234</run_address>
         <size>0x1e</size>
         <input_file_ref idref="fl-20"/>
      </object_component>
      <object_component id="oc-7cd">
         <name>.text:UARTCharPut</name>
         <load_address>0x5252</load_address>
         <run_address>0x5252</run_address>
         <size>0x1e</size>
         <input_file_ref idref="fl-20"/>
      </object_component>
      <object_component id="oc-90d">
         <name>.text:UARTCharsAvail</name>
         <load_address>0x5270</load_address>
         <run_address>0x5270</run_address>
         <size>0x1e</size>
         <input_file_ref idref="fl-20"/>
      </object_component>
      <object_component id="oc-7db">
         <name>.text:UARTIntStatus</name>
         <load_address>0x528e</load_address>
         <run_address>0x528e</run_address>
         <size>0x1e</size>
         <input_file_ref idref="fl-20"/>
      </object_component>
      <object_component id="oc-900">
         <name>.text:IntUnregister</name>
         <load_address>0x52ac</load_address>
         <run_address>0x52ac</run_address>
         <size>0x1c</size>
         <input_file_ref idref="fl-1e"/>
      </object_component>
      <object_component id="oc-8c3">
         <name>.text:UARTCharGetNonBlocking</name>
         <load_address>0x52c8</load_address>
         <run_address>0x52c8</run_address>
         <size>0x1c</size>
         <input_file_ref idref="fl-20"/>
      </object_component>
      <object_component id="oc-767">
         <name>.text:UARTFlowControlSet</name>
         <load_address>0x52e4</load_address>
         <run_address>0x52e4</run_address>
         <size>0x1c</size>
         <input_file_ref idref="fl-20"/>
      </object_component>
      <object_component id="oc-7e7">
         <name>.text:UARTTxIntModeSet</name>
         <load_address>0x5300</load_address>
         <run_address>0x5300</run_address>
         <size>0x1c</size>
         <input_file_ref idref="fl-20"/>
      </object_component>
      <object_component id="oc-46">
         <name>.text:decompress:ZI:__TI_zero_init_nomemset:__TI_zero_init_nomemset</name>
         <load_address>0x531c</load_address>
         <run_address>0x531c</run_address>
         <size>0x1c</size>
         <input_file_ref idref="fl-dd"/>
      </object_component>
      <object_component id="oc-5b6">
         <name>.text:free_list_remove</name>
         <load_address>0x5338</load_address>
         <run_address>0x5338</run_address>
         <size>0x1c</size>
         <input_file_ref idref="fl-e0"/>
      </object_component>
      <object_component id="oc-58f">
         <name>.text:memccpy</name>
         <load_address>0x5354</load_address>
         <run_address>0x5354</run_address>
         <size>0x1c</size>
         <input_file_ref idref="fl-fc"/>
      </object_component>
      <object_component id="oc-773">
         <name>.text:ClockP_create</name>
         <load_address>0x5370</load_address>
         <run_address>0x5370</run_address>
         <size>0x1a</size>
         <input_file_ref idref="fl-18"/>
      </object_component>
      <object_component id="oc-386">
         <name>.text:SemaphoreP_createBinary</name>
         <load_address>0x538a</load_address>
         <run_address>0x538a</run_address>
         <size>0x1a</size>
         <input_file_ref idref="fl-17"/>
      </object_component>
      <object_component id="oc-821">
         <name>.text:copysign</name>
         <load_address>0x53a4</load_address>
         <run_address>0x53a4</run_address>
         <size>0x1a</size>
         <input_file_ref idref="fl-103"/>
      </object_component>
      <object_component id="oc-58">
         <name>.text:FPUEnable</name>
         <load_address>0x53c0</load_address>
         <run_address>0x53c0</run_address>
         <size>0x18</size>
         <input_file_ref idref="fl-1c"/>
      </object_component>
      <object_component id="oc-700">
         <name>.text:Power_idleFunc</name>
         <load_address>0x53d8</load_address>
         <run_address>0x53d8</run_address>
         <size>0x18</size>
         <input_file_ref idref="fl-12"/>
      </object_component>
      <object_component id="oc-785">
         <name>.text:UARTFIFOLevelSet</name>
         <load_address>0x53f0</load_address>
         <run_address>0x53f0</run_address>
         <size>0x18</size>
         <input_file_ref idref="fl-20"/>
      </object_component>
      <object_component id="oc-710">
         <name>.text:UARTIntDisable</name>
         <load_address>0x5408</load_address>
         <run_address>0x5408</run_address>
         <size>0x18</size>
         <input_file_ref idref="fl-20"/>
      </object_component>
      <object_component id="oc-747">
         <name>.text:UARTIntEnable</name>
         <load_address>0x5420</load_address>
         <run_address>0x5420</run_address>
         <size>0x18</size>
         <input_file_ref idref="fl-20"/>
      </object_component>
      <object_component id="oc-2d9">
         <name>.text:UART_Params_init</name>
         <load_address>0x5438</load_address>
         <run_address>0x5438</run_address>
         <size>0x18</size>
         <input_file_ref idref="fl-13"/>
      </object_component>
      <object_component id="oc-438">
         <name>.text:_outc</name>
         <load_address>0x5450</load_address>
         <run_address>0x5450</run_address>
         <size>0x18</size>
         <input_file_ref idref="fl-d8"/>
      </object_component>
      <object_component id="oc-4aa">
         <name>.text:SemaphoreP_create</name>
         <load_address>0x5468</load_address>
         <run_address>0x5468</run_address>
         <size>0x16</size>
         <input_file_ref idref="fl-17"/>
      </object_component>
      <object_component id="oc-7c7">
         <name>.text:UARTCharGet</name>
         <load_address>0x547e</load_address>
         <run_address>0x547e</run_address>
         <size>0x16</size>
         <input_file_ref idref="fl-20"/>
      </object_component>
      <object_component id="oc-6d7">
         <name>.text:strchr</name>
         <load_address>0x5494</load_address>
         <run_address>0x5494</run_address>
         <size>0x16</size>
         <input_file_ref idref="fl-fd"/>
      </object_component>
      <object_component id="oc-3f5">
         <name>.text:GPIOIntClear</name>
         <load_address>0x54aa</load_address>
         <run_address>0x54aa</run_address>
         <size>0x14</size>
         <input_file_ref idref="fl-1d"/>
      </object_component>
      <object_component id="oc-75b">
         <name>.text:GPIOMSP432E4_getGpioBaseAddr</name>
         <load_address>0x54c0</load_address>
         <run_address>0x54c0</run_address>
         <size>0x14</size>
         <input_file_ref idref="fl-11"/>
      </object_component>
      <object_component id="oc-72e">
         <name>.text:GPIOMSP432E4_getPowerResourceId</name>
         <load_address>0x54d4</load_address>
         <run_address>0x54d4</run_address>
         <size>0x14</size>
         <input_file_ref idref="fl-11"/>
      </object_component>
      <object_component id="oc-4df">
         <name>.text:HwiP_inISR</name>
         <load_address>0x54e8</load_address>
         <run_address>0x54e8</run_address>
         <size>0x14</size>
         <input_file_ref idref="fl-19"/>
      </object_component>
      <object_component id="oc-4e5">
         <name>.text:Power_disablePolicy</name>
         <load_address>0x54fc</load_address>
         <run_address>0x54fc</run_address>
         <size>0x14</size>
         <input_file_ref idref="fl-12"/>
      </object_component>
      <object_component id="oc-30a">
         <name>.text:strcpy</name>
         <load_address>0x5510</load_address>
         <run_address>0x5510</run_address>
         <size>0x14</size>
         <input_file_ref idref="fl-e1"/>
      </object_component>
      <object_component id="oc-22c">
         <name>.text:strlen</name>
         <load_address>0x5524</load_address>
         <run_address>0x5524</run_address>
         <size>0x14</size>
         <input_file_ref idref="fl-e2"/>
      </object_component>
      <object_component id="oc-3e3">
         <name>.text:HwiP_Params_init</name>
         <load_address>0x5538</load_address>
         <run_address>0x5538</run_address>
         <size>0x12</size>
         <input_file_ref idref="fl-19"/>
      </object_component>
      <object_component id="oc-85b">
         <name>.text:HwiP_destruct</name>
         <load_address>0x554a</load_address>
         <run_address>0x554a</run_address>
         <size>0x12</size>
         <input_file_ref idref="fl-19"/>
      </object_component>
      <object_component id="oc-74f">
         <name>.text:RingBuf_construct</name>
         <load_address>0x555c</load_address>
         <run_address>0x555c</run_address>
         <size>0x12</size>
         <input_file_ref idref="fl-15"/>
      </object_component>
      <object_component id="oc-779">
         <name>.text:UARTIntClear</name>
         <load_address>0x556e</load_address>
         <run_address>0x556e</run_address>
         <size>0x12</size>
         <input_file_ref idref="fl-20"/>
      </object_component>
      <object_component id="oc-8a1">
         <name>.text:UARTRxErrorGet</name>
         <load_address>0x5580</load_address>
         <run_address>0x5580</run_address>
         <size>0x12</size>
         <input_file_ref idref="fl-20"/>
      </object_component>
      <object_component id="oc-13f">
         <name>.text:main</name>
         <load_address>0x5592</load_address>
         <run_address>0x5592</run_address>
         <size>0x12</size>
         <input_file_ref idref="fl-3"/>
      </object_component>
      <object_component id="oc-595">
         <name>.text:wcslen</name>
         <load_address>0x55a4</load_address>
         <run_address>0x55a4</run_address>
         <size>0x12</size>
         <input_file_ref idref="fl-100"/>
      </object_component>
      <object_component id="oc-4b6">
         <name>.text:ClockP_add</name>
         <load_address>0x55b6</load_address>
         <run_address>0x55b6</run_address>
         <size>0x10</size>
         <input_file_ref idref="fl-18"/>
      </object_component>
      <object_component id="oc-73a">
         <name>.text:ClockP_delete</name>
         <load_address>0x55c6</load_address>
         <run_address>0x55c6</run_address>
         <size>0x10</size>
         <input_file_ref idref="fl-18"/>
      </object_component>
      <object_component id="oc-78b">
         <name>.text:ClockP_getCpuFreq</name>
         <load_address>0x55d8</load_address>
         <run_address>0x55d8</run_address>
         <size>0x10</size>
         <input_file_ref idref="fl-18"/>
      </object_component>
      <object_component id="oc-734">
         <name>.text:HwiP_delete</name>
         <load_address>0x55e8</load_address>
         <run_address>0x55e8</run_address>
         <size>0x10</size>
         <input_file_ref idref="fl-19"/>
      </object_component>
      <object_component id="oc-52">
         <name>.text:IntMasterDisable</name>
         <load_address>0x55f8</load_address>
         <run_address>0x55f8</run_address>
         <size>0x10</size>
         <input_file_ref idref="fl-1e"/>
      </object_component>
      <object_component id="oc-21f">
         <name>.text:IntMasterEnable</name>
         <load_address>0x5608</load_address>
         <run_address>0x5608</run_address>
         <size>0x10</size>
         <input_file_ref idref="fl-1e"/>
      </object_component>
      <object_component id="oc-37b">
         <name>.text:PowerMSP432E4_sleepPolicy</name>
         <load_address>0x5618</load_address>
         <run_address>0x5618</run_address>
         <size>0x10</size>
         <input_file_ref idref="fl-1a"/>
      </object_component>
      <object_component id="oc-4c2">
         <name>.text:Power_enablePolicy</name>
         <load_address>0x5628</load_address>
         <run_address>0x5628</run_address>
         <size>0x10</size>
         <input_file_ref idref="fl-12"/>
      </object_component>
      <object_component id="oc-4a4">
         <name>.text:SemaphoreP_Params_init</name>
         <load_address>0x5638</load_address>
         <run_address>0x5638</run_address>
         <size>0x10</size>
         <input_file_ref idref="fl-17"/>
      </object_component>
      <object_component id="oc-8a7">
         <name>.text:UARTRxErrorClear</name>
         <load_address>0x5648</load_address>
         <run_address>0x5648</run_address>
         <size>0x10</size>
         <input_file_ref idref="fl-20"/>
      </object_component>
      <object_component id="oc-7ac">
         <name>.text:readBlockingTimeout</name>
         <load_address>0x5658</load_address>
         <run_address>0x5658</run_address>
         <size>0x10</size>
         <input_file_ref idref="fl-14"/>
      </object_component>
      <object_component id="oc-8b7">
         <name>.text:RingBuf_isFull</name>
         <load_address>0x5668</load_address>
         <run_address>0x5668</run_address>
         <size>0xe</size>
         <input_file_ref idref="fl-15"/>
      </object_component>
      <object_component id="oc-19">
         <name>.text:decompress:none:__TI_decompress_none</name>
         <load_address>0x5676</load_address>
         <run_address>0x5676</run_address>
         <size>0xe</size>
         <input_file_ref idref="fl-de"/>
      </object_component>
      <object_component id="oc-a8">
         <name>.text:CPUcpsid</name>
         <load_address>0x5684</load_address>
         <run_address>0x5684</run_address>
         <size>0xc</size>
         <input_file_ref idref="fl-21"/>
      </object_component>
      <object_component id="oc-2ba">
         <name>.text:CPUcpsie</name>
         <load_address>0x5690</load_address>
         <run_address>0x5690</run_address>
         <size>0xc</size>
         <input_file_ref idref="fl-21"/>
      </object_component>
      <object_component id="oc-76d">
         <name>.text:ClockP_Params_init</name>
         <load_address>0x569c</load_address>
         <run_address>0x569c</run_address>
         <size>0xa</size>
         <input_file_ref idref="fl-18"/>
      </object_component>
      <object_component id="oc-4c8">
         <name>.text:ClockP_isActive</name>
         <load_address>0x56a6</load_address>
         <run_address>0x56a6</run_address>
         <size>0xa</size>
         <input_file_ref idref="fl-18"/>
      </object_component>
      <object_component id="oc-238">
         <name>.text:UART_read</name>
         <load_address>0x56b0</load_address>
         <run_address>0x56b0</run_address>
         <size>0xa</size>
         <input_file_ref idref="fl-13"/>
      </object_component>
      <object_component id="oc-232">
         <name>.text:UART_write</name>
         <load_address>0x56ba</load_address>
         <run_address>0x56ba</run_address>
         <size>0xa</size>
         <input_file_ref idref="fl-13"/>
      </object_component>
      <object_component id="oc-392">
         <name>.text:HwiP_restore</name>
         <load_address>0x56c4</load_address>
         <run_address>0x56c4</run_address>
         <size>0x8</size>
         <input_file_ref idref="fl-19"/>
      </object_component>
      <object_component id="oc-485">
         <name>.text:__aeabi_errno_addr</name>
         <load_address>0x56cc</load_address>
         <run_address>0x56cc</run_address>
         <size>0x8</size>
         <input_file_ref idref="fl-e9"/>
      </object_component>
      <object_component id="oc-457">
         <name>.text:malloc</name>
         <load_address>0x56d4</load_address>
         <run_address>0x56d4</run_address>
         <size>0x8</size>
         <input_file_ref idref="fl-e0"/>
      </object_component>
      <object_component id="oc-7a6">
         <name>.text:readSemCallback</name>
         <load_address>0x56dc</load_address>
         <run_address>0x56dc</run_address>
         <size>0x8</size>
         <input_file_ref idref="fl-14"/>
      </object_component>
      <object_component id="oc-7a0">
         <name>.text:writeSemCallback</name>
         <load_address>0x56e4</load_address>
         <run_address>0x56e4</run_address>
         <size>0x8</size>
         <input_file_ref idref="fl-14"/>
      </object_component>
      <object_component id="oc-914">
         <name>.text:ClockP_setTimeout</name>
         <load_address>0x56ec</load_address>
         <run_address>0x56ec</run_address>
         <size>0x4</size>
         <input_file_ref idref="fl-18"/>
      </object_component>
      <object_component id="oc-38c">
         <name>.text:HwiP_disable</name>
         <load_address>0x56f0</load_address>
         <run_address>0x56f0</run_address>
         <size>0x4</size>
         <input_file_ref idref="fl-19"/>
      </object_component>
      <object_component id="oc-185">
         <name>.text:HwiP_enable</name>
         <load_address>0x56f4</load_address>
         <run_address>0x56f4</run_address>
         <size>0x4</size>
         <input_file_ref idref="fl-19"/>
      </object_component>
      <object_component id="oc-398">
         <name>.text:SemaphoreP_delete</name>
         <load_address>0x56f8</load_address>
         <run_address>0x56f8</run_address>
         <size>0x4</size>
         <input_file_ref idref="fl-17"/>
      </object_component>
      <object_component id="oc-451">
         <name>.text:__abort_execution</name>
         <load_address>0x56fc</load_address>
         <run_address>0x56fc</run_address>
         <size>0x4</size>
         <input_file_ref idref="fl-ea"/>
      </object_component>
      <object_component id="oc-139">
         <name>.text:_system_pre_init</name>
         <load_address>0x5700</load_address>
         <run_address>0x5700</run_address>
         <size>0x4</size>
         <input_file_ref idref="fl-f4"/>
      </object_component>
      <object_component id="oc-192">
         <name>.text:abort:abort</name>
         <load_address>0x5704</load_address>
         <run_address>0x5704</run_address>
         <size>0x4</size>
         <input_file_ref idref="fl-f6"/>
      </object_component>
      <object_component id="oc-c7">
         <name>.const:g_pppui32XTALtoVCO</name>
         <load_address>0x5708</load_address>
         <run_address>0x5708</run_address>
         <size>0x1b0</size>
         <input_file_ref idref="fl-1f"/>
      </object_component>
      <object_component id="oc-48b">
         <name>.const:.string:_ctypes_</name>
         <load_address>0x58b8</load_address>
         <run_address>0x58b8</run_address>
         <size>0x101</size>
         <input_file_ref idref="fl-fb"/>
      </object_component>
      <object_component id="oc-404">
         <name>.const:.string:inPinTypes</name>
         <load_address>0x59b9</load_address>
         <run_address>0x59b9</run_address>
         <size>0x3</size>
         <input_file_ref idref="fl-11"/>
      </object_component>
      <object_component id="oc-7f9">
         <name>.const:g_pui32Regs</name>
         <load_address>0x59bc</load_address>
         <run_address>0x59bc</run_address>
         <size>0x9c</size>
         <input_file_ref idref="fl-1e"/>
      </object_component>
      <object_component id="oc-867">
         <name>.const:g_pui32GPIOBaseAddrs</name>
         <load_address>0x5a58</load_address>
         <run_address>0x5a58</run_address>
         <size>0x48</size>
         <input_file_ref idref="fl-1d"/>
      </object_component>
      <object_component id="oc-413">
         <name>.const:gpioBaseAddresses</name>
         <load_address>0x5aa0</load_address>
         <run_address>0x5aa0</run_address>
         <size>0x48</size>
         <input_file_ref idref="fl-11"/>
      </object_component>
      <object_component id="oc-3fb">
         <name>.const:powerMgrIds</name>
         <load_address>0x5ae8</load_address>
         <run_address>0x5ae8</run_address>
         <size>0x48</size>
         <input_file_ref idref="fl-11"/>
      </object_component>
      <object_component id="oc-123">
         <name>.const:g_sXTALtoMEMTIM</name>
         <load_address>0x5b30</load_address>
         <run_address>0x5b30</run_address>
         <size>0x30</size>
         <input_file_ref idref="fl-1f"/>
      </object_component>
      <object_component id="oc-500">
         <name>.const:uartMSP432E4HWAttrs</name>
         <load_address>0x5b60</load_address>
         <run_address>0x5b60</run_address>
         <size>0x2c</size>
         <input_file_ref idref="fl-5"/>
      </object_component>
      <object_component id="oc-4fc">
         <name>.const:UARTMSP432E4_fxnTable</name>
         <load_address>0x5b8c</load_address>
         <run_address>0x5b8c</run_address>
         <size>0x28</size>
         <input_file_ref idref="fl-14"/>
      </object_component>
      <object_component id="oc-c1">
         <name>.const:g_pui32Xtals</name>
         <load_address>0x5bb4</load_address>
         <run_address>0x5bb4</run_address>
         <size>0x28</size>
         <input_file_ref idref="fl-1f"/>
      </object_component>
      <object_component id="oc-419">
         <name>.const:UART_defaultParams</name>
         <load_address>0x5bdc</load_address>
         <run_address>0x5bdc</run_address>
         <size>0x24</size>
         <input_file_ref idref="fl-13"/>
      </object_component>
      <object_component id="oc-31c">
         <name>.const:.string:$P$T0$1</name>
         <load_address>0x5c00</load_address>
         <run_address>0x5c00</run_address>
         <size>0x22</size>
         <input_file_ref idref="fl-2"/>
      </object_component>
      <object_component id="oc-407">
         <name>.const:.string:gpioInterruptVectors</name>
         <load_address>0x5c22</load_address>
         <run_address>0x5c22</run_address>
         <size>0x20</size>
         <input_file_ref idref="fl-11"/>
      </object_component>
      <object_component id="oc-797">
         <name>.const:staticFxnTable</name>
         <load_address>0x5c44</load_address>
         <run_address>0x5c44</run_address>
         <size>0x20</size>
         <input_file_ref idref="fl-14"/>
      </object_component>
      <object_component id="oc-3b4">
         <name>.const:GPIOMSP432E4_config</name>
         <load_address>0x5c64</load_address>
         <run_address>0x5c64</run_address>
         <size>0x14</size>
         <input_file_ref idref="fl-5"/>
      </object_component>
      <object_component id="oc-926">
         <name>.const:g_pui32Dii16Regs</name>
         <load_address>0x5c78</load_address>
         <run_address>0x5c78</run_address>
         <size>0x14</size>
         <input_file_ref idref="fl-1e"/>
      </object_component>
      <object_component id="oc-7fd">
         <name>.const:g_pui32EnRegs</name>
         <load_address>0x5c8c</load_address>
         <run_address>0x5c8c</run_address>
         <size>0x14</size>
         <input_file_ref idref="fl-1e"/>
      </object_component>
      <object_component id="oc-7b2">
         <name>.const:parityType</name>
         <load_address>0x5ca0</load_address>
         <run_address>0x5ca0</run_address>
         <size>0x14</size>
         <input_file_ref idref="fl-14"/>
      </object_component>
      <object_component id="oc-31f">
         <name>.const:.string:$P$T2$2</name>
         <load_address>0x5cb4</load_address>
         <run_address>0x5cb4</run_address>
         <size>0x11</size>
         <input_file_ref idref="fl-2"/>
      </object_component>
      <object_component id="oc-277">
         <name>.const:.string:$P$T0$1</name>
         <load_address>0x5cc5</load_address>
         <run_address>0x5cc5</run_address>
         <size>0x10</size>
         <input_file_ref idref="fl-4"/>
      </object_component>
      <object_component id="oc-3be">
         <name>.const</name>
         <load_address>0x5cd5</load_address>
         <run_address>0x5cd5</run_address>
         <size>0x3</size>
         <input_file_ref idref="fl-5"/>
      </object_component>
      <object_component id="oc-7b8">
         <name>.const:dataLength</name>
         <load_address>0x5cd8</load_address>
         <run_address>0x5cd8</run_address>
         <size>0x10</size>
         <input_file_ref idref="fl-14"/>
      </object_component>
      <object_component id="oc-3c1">
         <name>.const:UART_config</name>
         <load_address>0x5ce8</load_address>
         <run_address>0x5ce8</run_address>
         <size>0xc</size>
         <input_file_ref idref="fl-5"/>
      </object_component>
      <object_component id="oc-330">
         <name>.const:.string:$P$T3$3</name>
         <load_address>0x5cf4</load_address>
         <run_address>0x5cf4</run_address>
         <size>0x8</size>
         <input_file_ref idref="fl-2"/>
      </object_component>
      <object_component id="oc-2b2">
         <name>.const:PowerMSP432E4_config</name>
         <load_address>0x5cfc</load_address>
         <run_address>0x5cfc</run_address>
         <size>0x8</size>
         <input_file_ref idref="fl-5"/>
      </object_component>
      <object_component id="oc-c4">
         <name>.const:g_pui32VCOFrequencies</name>
         <load_address>0x5d04</load_address>
         <run_address>0x5d04</run_address>
         <size>0x8</size>
         <input_file_ref idref="fl-1f"/>
      </object_component>
      <object_component id="oc-7b5">
         <name>.const:stopBits</name>
         <load_address>0x5d0c</load_address>
         <run_address>0x5d0c</run_address>
         <size>0x8</size>
         <input_file_ref idref="fl-14"/>
      </object_component>
      <object_component id="oc-3fe">
         <name>.const:.string:outPinStrengths</name>
         <load_address>0x5d14</load_address>
         <run_address>0x5d14</run_address>
         <size>0x7</size>
         <input_file_ref idref="fl-11"/>
      </object_component>
      <object_component id="oc-410">
         <name>.const:.string:interruptType</name>
         <load_address>0x5d1b</load_address>
         <run_address>0x5d1b</run_address>
         <size>0x6</size>
         <input_file_ref idref="fl-11"/>
      </object_component>
      <object_component id="oc-401">
         <name>.const:.string:outPinTypes</name>
         <load_address>0x5d21</load_address>
         <run_address>0x5d21</run_address>
         <size>0x4</size>
         <input_file_ref idref="fl-11"/>
      </object_component>
      <object_component id="oc-96e">
         <name>.cinit..data.load</name>
         <load_address>0x5d28</load_address>
         <run_address>0x5d28</run_address>
         <size>0x221</size>
      </object_component>
      <object_component id="oc-96b">
         <name>__TI_handler_table</name>
[...]
         <value>0x5061</value>
         <object_component_ref idref="oc-3e9"/>
      </symbol>
      <symbol id="sm-715">
         <name>HwiP_enable</name>
         <value>0x56f5</value>
         <object_component_ref idref="oc-185"/>
      </symbol>
      <symbol id="sm-716">
         <name>HwiP_restore</name>
         <value>0x56c5</value>
         <object_component_ref idref="oc-392"/>
      </symbol>
      <symbol id="sm-723">
         <name>PowerMSP432E4_sleepPolicy</name>
         <value>0x5619</value>
         <object_component_ref idref="oc-37b"/>
      </symbol>
      <symbol id="sm-761">
         <name>resetISR</name>
         <value>0x5215</value>
         <object_component_ref idref="oc-20"/>
      </symbol>
      <symbol id="sm-762">
         <name>resetVectors</name>
         <value>0x0</value>
         <object_component_ref idref="oc-26"/>
      </symbol>
      <symbol id="sm-785">
         <name>FPUEnable</name>
         <value>0x53c1</value>
         <object_component_ref idref="oc-58"/>
      </symbol>
      <symbol id="sm-801">
         <name>GPIOPinConfigure</name>
         <value>0x4855</value>
         <object_component_ref idref="oc-755"/>
      </symbol>
      <symbol id="sm-802">
         <name>GPIOIntTypeSet</name>
         <value>0x31f9</value>
         <object_component_ref idref="oc-3ef"/>
      </symbol>
      <symbol id="sm-803">
         <name>GPIOIntClear</name>
         <value>0x54ab</value>
         <object_component_ref idref="oc-3f5"/>
      </symbol>
      <symbol id="sm-804">
         <name>GPIOPinTypeUART</name>
         <value>0x50dd</value>
         <object_component_ref idref="oc-761"/>
      </symbol>
      <symbol id="sm-805">
         <name>GPIOIntStatus</name>
         <value>0x5191</value>
         <object_component_ref idref="oc-53d"/>
      </symbol>
      <symbol id="sm-806">
         <name>GPIODirModeSet</name>
         <value>0x41ad</value>
         <object_component_ref idref="oc-3cb"/>
      </symbol>
      <symbol id="sm-807">
         <name>GPIOPinWrite</name>
         <value>0x51b3</value>
         <object_component_ref idref="oc-3d1"/>
      </symbol>
      <symbol id="sm-808">
         <name>GPIOPadConfigSet</name>
         <value>0x1711</value>
         <object_component_ref idref="oc-3d7"/>
      </symbol>
      <symbol id="sm-888">
         <name>IntPrioritySet</name>
         <value>0x441d</value>
         <object_component_ref idref="oc-669"/>
      </symbol>
      <symbol id="sm-889">
         <name>IntEnable</name>
         <value>0x396d</value>
         <object_component_ref idref="oc-66f"/>
      </symbol>
      <symbol id="sm-88a">
         <name>IntDisable</name>
         <value>0x38ed</value>
         <object_component_ref idref="oc-8fa"/>
      </symbol>
      <symbol id="sm-88b">
         <name>IntRegister</name>
         <value>0x4209</value>
         <object_component_ref idref="oc-663"/>
      </symbol>
      <symbol id="sm-88c">
         <name>IntMasterDisable</name>
         <value>0x55f9</value>
         <object_component_ref idref="oc-52"/>
      </symbol>
      <symbol id="sm-88d">
         <name>IntUnregister</name>
         <value>0x52ad</value>
         <object_component_ref idref="oc-900"/>
      </symbol>
      <symbol id="sm-88e">
         <name>g_pfnRAMVectors</name>
         <value>0x20000000</value>
         <object_component_ref idref="oc-7f4"/>
      </symbol>
      <symbol id="sm-88f">
         <name>IntMasterEnable</name>
         <value>0x5609</value>
         <object_component_ref idref="oc-21f"/>
      </symbol>
      <symbol id="sm-95d">
         <name>SysCtlPeripheralPresent</name>
         <value>0x4921</value>
         <object_component_ref idref="oc-505"/>
      </symbol>
      <symbol id="sm-95e">
         <name>SysCtlPeripheralClockGating</name>
         <value>0x5009</value>
         <object_component_ref idref="oc-2ac"/>
      </symbol>
      <symbol id="sm-95f">
         <name>SysCtlPeripheralEnable</name>
         <value>0x4b35</value>
         <object_component_ref idref="oc-511"/>
      </symbol>
      <symbol id="sm-960">
         <name>SysCtlPeripheralPowerOff</name>
         <value>0x4b75</value>
         <object_component_ref idref="oc-2a6"/>
      </symbol>
      <symbol id="sm-961">
         <name>SysCtlPeripheralPowerOn</name>
         <value>0x4bb5</value>
         <object_component_ref idref="oc-50b"/>
      </symbol>
      <symbol id="sm-962">
         <name>SysCtlPeripheralSleepDisable</name>
         <value>0x4bf5</value>
         <object_component_ref idref="oc-852"/>
      </symbol>
      <symbol id="sm-963">
         <name>SysCtlPeripheralDisable</name>
         <value>0x4af5</value>
         <object_component_ref idref="oc-84c"/>
      </symbol>
      <symbol id="sm-964">
         <name>SysCtlPeripheralSleepEnable</name>
         <value>0x4c35</value>
         <object_component_ref idref="oc-517"/>
      </symbol>
      <symbol id="sm-965">
         <name>SysCtlPeripheralReady</name>
         <value>0x4965</value>
         <object_component_ref idref="oc-51d"/>
      </symbol>
      <symbol id="sm-966">
         <name>SysCtlClockFreqSet</name>
         <value>0xf41</value>
         <object_component_ref idref="oc-5e"/>
      </symbol>
      <symbol id="sm-a0b">
         <name>UARTCharPutNonBlocking</name>
         <value>0x5125</value>
         <object_component_ref idref="oc-8d4"/>
      </symbol>
      <symbol id="sm-a0c">
         <name>UARTTxIntModeSet</name>
         <value>0x5301</value>
         <object_component_ref idref="oc-7e7"/>
      </symbol>
      <symbol id="sm-a0d">
         <name>UARTRxErrorClear</name>
         <value>0x5649</value>
         <object_component_ref idref="oc-8a7"/>
      </symbol>
      <symbol id="sm-a0e">
         <name>UARTFlowControlSet</name>
         <value>0x52e5</value>
         <object_component_ref idref="oc-767"/>
      </symbol>
      <symbol id="sm-a0f">
         <name>UARTConfigSetExpClk</name>
         <value>0x3bd5</value>
         <object_component_ref idref="oc-791"/>
      </symbol>
      <symbol id="sm-a10">
         <name>UARTDisable</name>
         <value>0x4f4d</value>
         <object_component_ref idref="oc-716"/>
      </symbol>
      <symbol id="sm-a11">
         <name>UARTBusy</name>
         <value>0x5235</value>
         <object_component_ref idref="oc-7d5"/>
      </symbol>
      <symbol id="sm-a12">
         <name>UARTIntEnable</name>
         <value>0x5421</value>
         <object_component_ref idref="oc-747"/>
      </symbol>
      <symbol id="sm-a13">
         <name>UARTCharsAvail</name>
         <value>0x5271</value>
         <object_component_ref idref="oc-90d"/>
      </symbol>
      <symbol id="sm-a14">
         <name>UARTCharGetNonBlocking</name>
         <value>0x52c9</value>
         <object_component_ref idref="oc-8c3"/>
      </symbol>
      <symbol id="sm-a15">
         <name>UARTIntDisable</name>
         <value>0x5409</value>
         <object_component_ref idref="oc-710"/>
      </symbol>
      <symbol id="sm-a16">
         <name>UARTCharPut</name>
         <value>0x5253</value>
         <object_component_ref idref="oc-7cd"/>
      </symbol>
      <symbol id="sm-a17">
         <name>UARTRxErrorGet</name>
         <value>0x5581</value>
         <object_component_ref idref="oc-8a1"/>
      </symbol>
      <symbol id="sm-a18">
         <name>UARTEnable</name>
         <value>0x5149</value>
         <object_component_ref idref="oc-77f"/>
      </symbol>
      <symbol id="sm-a19">
         <name>UARTIntClear</name>
         <value>0x556f</value>
         <object_component_ref idref="oc-779"/>
      </symbol>
      <symbol id="sm-a1a">
         <name>UARTIntStatus</name>
         <value>0x528f</value>
         <object_component_ref idref="oc-7db"/>
      </symbol>
      <symbol id="sm-a1b">
         <name>UARTCharGet</name>
         <value>0x547f</value>
         <object_component_ref idref="oc-7c7"/>
      </symbol>
      <symbol id="sm-a1c">
         <name>UARTFIFOLevelSet</name>
         <value>0x53f1</value>
         <object_component_ref idref="oc-785"/>
      </symbol>
      <symbol id="sm-a2e">
         <name>CPUcpsie</name>
         <value>0x5691</value>
         <object_component_ref idref="oc-2ba"/>
      </symbol>
      <symbol id="sm-a2f">
         <name>CPUcpsid</name>
         <value>0x5685</value>
         <object_component_ref idref="oc-a8"/>
      </symbol>
      <symbol id="sm-a92">
         <name>__vla_dealloc</name>
         <value>0x3cbd</value>
         <object_component_ref idref="oc-316"/>
      </symbol>
      <symbol id="sm-a93">
         <name>__vla_alloc</name>
         <value>0x21c5</value>
         <object_component_ref idref="oc-310"/>
      </symbol>
      <symbol id="sm-ac2">
         <name>snprintf</name>
         <value>0x46ed</value>
         <object_component_ref idref="oc-303"/>
      </symbol>
      <symbol id="sm-ade">
         <name>memcpy</name>
         <value>0x33db</value>
         <object_component_ref idref="oc-3a"/>
      </symbol>
      <symbol id="sm-adf">
         <name>__aeabi_memcpy</name>
         <value>0x33db</value>
         <object_component_ref idref="oc-3a"/>
      </symbol>
      <symbol id="sm-ae0">
         <name>__aeabi_memcpy8</name>
         <value>0x33db</value>
         <object_component_ref idref="oc-3a"/>
      </symbol>
      <symbol id="sm-ae1">
         <name>__aeabi_memcpy4</name>
         <value>0x33db</value>
         <object_component_ref idref="oc-3a"/>
      </symbol>
      <symbol id="sm-af0">
         <name>__aeabi_memset</name>
         <value>0x3a6b</value>
         <object_component_ref idref="oc-a2"/>
      </symbol>
      <symbol id="sm-af1">
         <name>memset</name>
         <value>0x3a71</value>
         <object_component_ref idref="oc-a2"/>
      </symbol>
      <symbol id="sm-af2">
         <name>__aeabi_memset8</name>
         <value>0x3a6b</value>
         <object_component_ref idref="oc-a2"/>
      </symbol>
      <symbol id="sm-af3">
         <name>__aeabi_memset4</name>
         <value>0x3a6b</value>
         <object_component_ref idref="oc-a2"/>
      </symbol>
      <symbol id="sm-af4">
         <name>__aeabi_memclr8</name>
         <value>0x3a69</value>
         <object_component_ref idref="oc-a2"/>
      </symbol>
      <symbol id="sm-af5">
         <name>__aeabi_memclr4</name>
         <value>0x3a69</value>
         <object_component_ref idref="oc-a2"/>
      </symbol>
      <symbol id="sm-af6">
         <name>__aeabi_memclr</name>
         <value>0x3a69</value>
         <object_component_ref idref="oc-a2"/>
      </symbol>
      <symbol id="sm-b03">
         <name>__aeabi_uldivmod</name>
         <value>0x350f</value>
         <object_component_ref idref="oc-685"/>
      </symbol>
      <symbol id="sm-b17">
         <name>__TI_zero_init_nomemset</name>
         <value>0x531d</value>
         <object_component_ref idref="oc-46"/>
      </symbol>
      <symbol id="sm-b2e">
         <name>__TI_decompress_none</name>
         <value>0x5677</value>
         <object_component_ref idref="oc-19"/>
      </symbol>
      <symbol id="sm-b51">
         <name>__TI_decompress_lzss</name>
         <value>0x3f49</value>
         <object_component_ref idref="oc-13"/>
      </symbol>
      <symbol id="sm-bef">
         <name>_sys_memory</name>
         <value>0x20000270</value>
         <object_component_ref idref="oc-29"/>
      </symbol>
      <symbol id="sm-bf0">
         <name>free</name>
         <value>0x2bd9</value>
         <object_component_ref idref="oc-478"/>
      </symbol>
      <symbol id="sm-bf1">
         <name>realloc</name>
         <value>0x2cbd</value>
         <object_component_ref idref="oc-463"/>
      </symbol>
      <symbol id="sm-bf2">
         <name>memalign</name>
         <value>0x28e9</value>
         <object_component_ref idref="oc-5ae"/>
      </symbol>
      <symbol id="sm-bf3">
         <name>malloc</name>
         <value>0x56d5</value>
         <object_component_ref idref="oc-457"/>
      </symbol>
      <symbol id="sm-bf4">
         <name>aligned_alloc</name>
         <value>0x28e9</value>
         <object_component_ref idref="oc-5ae"/>
      </symbol>
      <symbol id="sm-c02">
         <name>strcpy</name>
         <value>0x5511</value>
         <object_component_ref idref="oc-30a"/>
      </symbol>
      <symbol id="sm-c10">
         <name>strlen</name>
         <value>0x5525</value>
         <object_component_ref idref="oc-22c"/>
      </symbol>
      <symbol id="sm-c21">
         <name>strncat</name>
         <value>0x4fdb</value>
         <object_component_ref idref="oc-323"/>
      </symbol>
      <symbol id="sm-c31">
         <name>strncmp</name>
         <value>0x5035</value>
         <object_component_ref idref="oc-334"/>
      </symbol>
      <symbol id="sm-c41">
         <name>strncpy</name>
         <value>0x4e1f</value>
         <object_component_ref idref="oc-2eb"/>
      </symbol>
      <symbol id="sm-c59">
         <name>strtok</name>
         <value>0x4cf5</value>
         <object_component_ref idref="oc-244"/>
      </symbol>
      <symbol id="sm-c7d">
         <name>strtol</name>
         <value>0x2585</value>
         <object_component_ref idref="oc-32a"/>
      </symbol>
      <symbol id="sm-c90">
         <name>__stack</name>
         <value>0x2003f000</value>
         <object_component_ref idref="oc-2c"/>
      </symbol>
      <symbol id="sm-c91">
         <name>_c_int00_noargs</name>
         <value>0x4e89</value>
         <object_component_ref idref="oc-d6"/>
      </symbol>
      <symbol id="sm-ca7">
         <name>__aeabi_errno_addr</name>
         <value>0x56cd</value>
         <object_component_ref idref="oc-485"/>
      </symbol>
      <symbol id="sm-ca8">
         <name>errno</name>
         <value>0x200090ac</value>
         <object_component_ref idref="oc-5df"/>
      </symbol>
      <symbol id="sm-cb2">
         <name>__abort_execution</name>
         <value>0x56fd</value>
         <object_component_ref idref="oc-451"/>
      </symbol>
      <symbol id="sm-e17">
         <name>__TI_printfi</name>
         <value>0x201</value>
         <object_component_ref idref="oc-42c"/>
      </symbol>
      <symbol id="sm-e21">
         <name>__aeabi_idiv0</name>
         <value>0x43c7</value>
         <object_component_ref idref="oc-808"/>
      </symbol>
      <symbol id="sm-e22">
         <name>__aeabi_ldiv0</name>
         <value>0x43c7</value>
         <object_component_ref idref="oc-808"/>
      </symbol>
      <symbol id="sm-e39">
         <name>__aeabi_dsub</name>
         <value>0x1cdd</value>
         <object_component_ref idref="oc-6ab"/>
      </symbol>
      <symbol id="sm-e3a">
         <name>__aeabi_dadd</name>
         <value>0x1ce7</value>
         <object_component_ref idref="oc-6ab"/>
      </symbol>
      <symbol id="sm-e5c">
         <name>__aeabi_cdcmpeq</name>
         <value>0x37e1</value>
         <object_component_ref idref="oc-572"/>
      </symbol>
      <symbol id="sm-e5d">
         <name>__aeabi_cdcmple</name>
         <value>0x37e1</value>
         <object_component_ref idref="oc-572"/>
      </symbol>
      <symbol id="sm-e5e">
         <name>__aeabi_cdrcmple</name>
         <value>0x3867</value>
         <object_component_ref idref="oc-696"/>
      </symbol>
      <symbol id="sm-e72">
         <name>__aeabi_ddiv</name>
         <value>0x244d</value>
         <object_component_ref idref="oc-691"/>
      </symbol>
      <symbol id="sm-e7d">
         <name>__aeabi_dmul</name>
         <value>0x29e9</value>
         <object_component_ref idref="oc-68c"/>
      </symbol>
      <symbol id="sm-e87">
         <name>__aeabi_d2iz</name>
         <value>0x4781</value>
         <object_component_ref idref="oc-69b"/>
      </symbol>
      <symbol id="sm-e91">
         <name>__aeabi_i2d</name>
         <value>0x4fad</value>
         <object_component_ref idref="oc-6a6"/>
      </symbol>
      <symbol id="sm-eb9">
         <name>__TI_auto_init_nobinit_nopinit</name>
         <value>0x4a31</value>
         <object_component_ref idref="oc-19e"/>
      </symbol>
      <symbol id="sm-ec3">
         <name>_system_pre_init</name>
         <value>0x5701</value>
         <object_component_ref idref="oc-139"/>
      </symbol>
      <symbol id="sm-ecf">
         <name>C$$EXIT</name>
         <value>0x5705</value>
         <object_component_ref idref="oc-192"/>
      </symbol>
      <symbol id="sm-ed0">
         <name>abort</name>
         <value>0x5705</value>
         <object_component_ref idref="oc-192"/>
      </symbol>
      <symbol id="sm-ee5">
         <name>_nop</name>
         <value>0x2583</value>
         <object_component_ref idref="oc-35a"/>
      </symbol>
      <symbol id="sm-ee6">
         <name>_lock</name>
         <value>0x20009078</value>
         <object_component_ref idref="oc-280"/>
      </symbol>
      <symbol id="sm-ee7">
         <name>_unlock</name>
         <value>0x2000907c</value>
         <object_component_ref idref="oc-280"/>
      </symbol>
      <symbol id="sm-ef6">
         <name>__TI_ltoa</name>
         <value>0x4471</value>
         <object_component_ref idref="oc-6a0"/>
      </symbol>
      <symbol id="sm-f0d">
         <name>atoi</name>
         <value>0x4655</value>
         <object_component_ref idref="oc-566"/>
      </symbol>
      <symbol id="sm-f18">
         <name>_ctypes_</name>
         <value>0x58b8</value>
         <object_component_ref idref="oc-48b"/>
      </symbol>
      <symbol id="sm-f28">
         <name>memccpy</name>
         <value>0x5355</value>
         <object_component_ref idref="oc-58f"/>
      </symbol>
      <symbol id="sm-f38">
         <name>strchr</name>
         <value>0x5495</value>
         <object_component_ref idref="oc-6d7"/>
      </symbol>
      <symbol id="sm-f49">
         <name>strcspn</name>
         <value>0x516d</value>
         <object_component_ref idref="oc-2f8"/>
      </symbol>
      <symbol id="sm-f5b">
         <name>strspn</name>
         <value>0x508b</value>
         <object_component_ref idref="oc-2f2"/>
      </symbol>
      <symbol id="sm-f74">
         <name>wcslen</name>
         <value>0x55a5</value>
         <object_component_ref idref="oc-595"/>
      </symbol>
      <symbol id="sm-f94">
         <name>frexpl</name>
         <value>0x40e5</value>
         <object_component_ref idref="oc-6cb"/>
      </symbol>
      <symbol id="sm-f95">
         <name>frexp</name>
         <value>0x40e5</value>
         <object_component_ref idref="oc-6cb"/>
      </symbol>
      <symbol id="sm-fb2">
         <name>scalbn</name>
         <value>0x27d9</value>
         <object_component_ref idref="oc-6d1"/>
      </symbol>
      <symbol id="sm-fb3">
         <name>scalbnl</name>
         <value>0x27d9</value>
         <object_component_ref idref="oc-6d1"/>
      </symbol>
      <symbol id="sm-fb4">
         <name>ldexpl</name>
         <value>0x27d9</value>
         <object_component_ref idref="oc-6d1"/>
      </symbol>
      <symbol id="sm-fb5">
         <name>ldexp</name>
         <value>0x27d9</value>
         <object_component_ref idref="oc-6d1"/>
      </symbol>
      <symbol id="sm-fbf">
         <name>copysign</name>
         <value>0x53a5</value>
         <object_component_ref idref="oc-821"/>
      </symbol>
      <symbol id="sm-fc0">
         <name>copysignl</name>
         <value>0x53a5</value>
         <object_component_ref idref="oc-821"/>
      </symbol>
      <symbol id="sm-fc1">
         <name>__TI_static_base__</name>
         <value>0x5d28</value>
      </symbol>
      <symbol id="sm-fc4">
         <name>__mpu_init</name>
         <value>0x0</value>
      </symbol>
      <symbol id="sm-fc5">
         <name>_system_post_cinit</name>
         <value>0x0</value>
      </symbol>
      <symbol id="sm-fc6">
         <name>NoRTOS_start</name>
         <value>0x56f5</value>
      </symbol>
   </symbol_table>
   <title>Link successful</title>
</link_info>
