******************************************************************************
                  TI ARM Linker PC v20.2.7                     
******************************************************************************
>> Linked Thu Nov 23 20:44:27 2023

OUTPUT FILE NAME:   <udpecho_MSP_EXP432E401Y_tirtos_ccs.out>
ENTRY POINT SYMBOL: "_c_int00"  address: 0001a7dd


MEMORY CONFIGURATION

         name            origin    length      used     unused   attr    fill
----------------------  --------  ---------  --------  --------  ----  --------
  FLASH                 00000000   00100000  000233f2  000dcc0e  R  X
  SRAM                  20000000   00040000  0003eec5  0000113b  RW X


SEGMENT ALLOCATION MAP

run origin  load origin   length   init length attrs members
----------  ----------- ---------- ----------- ----- -------
00000000    00000000    000233f8   000233f8    r-x
  00000000    00000000    0000003c   0000003c    r-- .resetVecs
  00000040    00000040    00020e2a   00020e2a    r-x .text
  00020e6c    00020e6c    00001744   00001744    r-- .const
  000225b0    000225b0    00000e48   00000e48    r-- .cinit
20000360    20000360    00020000   00000000    r--
  20000360    20000360    00020000   00000000    r-- .priheap
20020360    20020360    00013139   00000000    rw-
  20020360    20020360    00013139   00000000    rw- .data
20033800    20033800    0000b62c   00000000    rw-
  20033800    20033800    0000b62c   00000000    rw- .bss
2003fc00    2003fc00    00000400   00000000    rw-
  2003fc00    2003fc00    00000400   00000000    rw- .stack


SECTION ALLOCATION MAP

 output                                  attributes/
section   page    origin      length       input sections
--------  ----  ----------  ----------   ----------------
.text      0    00000040    00020e2a     
                  00000040    00000d0c     stk.aem4f : tcpin.oem4f (.text:TcpInput)
                  00000d4c    00000b02     globals.obj (.text:GlobalConfig)
                  0000184e    00000002     ti_drivers_config.obj (.text:Board_initHook)
                  00001850    00000a4e     rtsv7M4_T_le_v4SPD16_eabi.lib : _printfi.c.obj (.text:__TI_printfi)
                  0000229e    00000002     stk.aem4f : nat.oem4f (.text:NatMsg)
                  000022a0    0000090c               : tcpout.oem4f (.text:TcpOutput)
                  00002bac    000005c8     commands.obj (.text:RegCMD)
                  00003174    000004f0     slnetifndk_msp432e4.aem4f : slnetifndk.oem4f (.text:SlNetIfNDK_getSockOpt)
                  00003664    0000048c     stk.aem4f : ipout.oem4f (.text:IPTxPacket)
                  00003af0    00000468     sysbios.aem4f : BIOS.obj (.text:xdc_runtime_System_doPrint__I)
                  00003f58    000003d4     commands.obj (.text:TickerCMD)
                  0000432c    000003a0     stk.aem4f : ipin.oem4f (.text:IPRxPacket)
                  000046cc    00000396     nettool_ipv4.aem4f : dnscomn.oem4f (.text:DNSResolveByName)
                  00004a62    00000002     drivers_msp432e4.aem4f : TimerMSP432E4.oem4f (.text:TimerMSP432E4_init)
                  00004a64    00000350     slnetsock_release.a : slnetutils.oem4f (.text:SlNetUtil_getAddrInfo)
                  00004db4    0000030a     nettool_ipv4.aem4f : dnscomn.oem4f (.text:DNSResolveByAddr)
                  000050be    00000002     drivers_msp432e4.aem4f : UARTMSP432E4.oem4f (.text:UARTMSP432E4_init)
                  000050c0    00000304     GPIO.obj (.text:GPIOCMD)
                  000053c4    00000304     BuffersQueues.obj (.text:ParseBuf)
                  000056c8    000002f0     drivers_msp432e4.aem4f : UARTMSP432E4.oem4f (.text:UARTMSP432E4_open)
                  000059b8    000002ec     slnetifndk_msp432e4.aem4f : slnetifndk.oem4f (.text:SlNetIfNDK_setSockOpt)
                  00005ca4    000002ea     nettool_ipv4.aem4f : dnscomn.oem4f (.text:DNSResolveByNS)
                  00005f8e    00000002     hal_ser_stub.aem4f : llserstb.oem4f (.text:_llSerialServiceCheck)
                  00005f90    000002b8     udpEcho.obj (.text:UDPrxFxn)
                  00006248    000002ac     stk.aem4f : sock.oem4f (.text:SockSet)
                  000064f4    00000004     drivers_msp432e4.aem4f : ADCBufMSP432E4.oem4f (.text:ADCBufMSP432E4_getResolution)
                  000064f8    000002a0     sysbios.aem4f : BIOS.obj (.text:ti_sysbios_family_arm_msp432e4_init_Boot_sysCtlClockFreqSetI__I)
                  00006798    0000029c     commands.obj (.text:condCMD)
                  00006a34    00000280     commands.obj (.text:sineCMD)
                  00006cb4    00000278     udpEchoHooks.obj (.text:netIPAddrHook)
                  00006f2c    00000274     stk.aem4f : icmpin.oem4f (.text:ICMPInput)
                  000071a0    00000274     commands.obj (.text:ScriptCMD)
                  00007414    00000270     rtsv7M4_T_le_v4SPD16_eabi.lib : _printfi.c.obj (.text:_pconv_a)
                  00007684    00000268     commands.obj (.text:CallbackCMD)
                  000078ec    0000025e     stk.aem4f : fileuser.oem4f (.text:fdPoll)
                  00007b4a    00000002     hal_ser_stub.aem4f : llserstb.oem4f (.text:_llSerialShutdown)
                  00007b4c    0000025c     stk.aem4f : ipfrag.oem4f (.text:IPReasm)
                  00007da8    00000244     Infrastructure.obj (.text:InitializeDrivers)
                  00007fec    0000023a     msp432e4_driverlib.a : gpio.o (.text:GPIOPadConfigSet)
                  00008226    00000002     hal_userled_stub.aem4f : llled.oem4f (.text:_llUserLedInit)
                  00008228    00000230     stk.aem4f : udp.oem4f (.text:UdpInput)
                  00008458    00000228     commands.obj (.text:StreamCMD)
                  00008680    00000224     udpEcho.obj (.text:UDPtxFxn)
                  000088a4    00000218     netctrl_min_ipv4.aem4f : netctrl.oem4f (.text:NC_NetStart)
                  00008abc    00000218     slnetifndk_msp432e4.aem4f : slnetifndk.oem4f (.text:SlNetIfNDK_recvFrom)
                  00008cd4    00000214     drivers_msp432e4.aem4f : ADCBufMSP432E4.oem4f (.text:ADCBufMSP432E4_open)
                  00008ee8    00000200     slnetifndk_msp432e4.aem4f : slnetifndk.oem4f (.text:SlNetIfNDK_sendTo)
                  000090e8    000001fc     drivers_msp432e4.aem4f : SPIMSP432E4DMA.oem4f (.text:SPIMSP432E4DMA_transfer)
                  000092e4    000001f8     stk.aem4f : sock.oem4f (.text:SockGet)
                  000094dc    000001ec     slnetifndk_msp432e4.aem4f : slnetifndk.oem4f (.text:SlNetIfNDK_accept)
                  000096c8    000001ec     stk.aem4f : sock.oem4f (.text:SockRecv)
                  000098b4    000001ea     nettool_ipv4.aem4f : dnspkt.oem4f (.text:DNSGetReply)
                  00009a9e    00000002     hal_userled_stub.aem4f : llled.oem4f (.text:_llUserLedShutdown)
                  00009aa0    000001d0     stk.aem4f : lliin.oem4f (.text:LLIRxPacket)
                  00009c70    000001d0     rtsv7M4_T_le_v4SPD16_eabi.lib : _printfi.c.obj (.text:_pconv_g)
                  00009e40    000001c8     drivers_msp432e4.aem4f : EMACMSP432E4.oem4f (.text:EMACMSP432E4_emacStart)
                  0000a008    000001c0                            : ADCBufMSP432E4.oem4f (.text:primeConvert)
                  0000a1c8    000001b6     rtsv7M4_T_le_v4SPD16_eabi.lib : fd_add_t2.asm.obj (.text)
                  0000a37e    00000002                                   : _lock.c.obj (.text:_nop)
                  0000a380    000001b4     drivers_msp432e4.aem4f : SPIMSP432E4DMA.oem4f (.text:SPIMSP432E4DMA_open)
                  0000a534    000001b4     stk.aem4f : sock.oem4f (.text:SockNew)
                  0000a6e8    000001b0               : lliout.oem4f (.text:LLITxIpPacket)
                  0000a898    000001b0               : udp.oem4f (.text:UdpOutput)
                  0000aa48    000001ac     udpEcho.obj (.text:UDPParse)
                  0000abf4    0000019c     os.aem4f : mem.oem4f (.text:mmAlloc)
                  0000ad90    00000198     nettool_ipv4.aem4f : dnsclnt.oem4f (.text:DNSResolve)
                  0000af28    00000198     stk.aem4f : igmp.oem4f (.text:IGMPInput)
                  0000b0c0    00000198     slnetsock_release.a : slnetsock.oem4f (.text:SlNetSock_select)
                  0000b258    00000194     nettool_ipv4.aem4f : dhcpmain.oem4f (.text:DHCPOpen)
                  0000b3ec    00000188                        : ipaddr.oem4f (.text:NtGetPublicHost)
                  0000b574    00000188     stk.aem4f : fileuser.oem4f (.text:fdSelect)
                  0000b6fc    00000188     release_pem4f.oem4f (.text:xdc_runtime_System_printfExtend__I)
                  0000b884    00000184     drivers_msp432e4.aem4f : GPIOMSP432E4.oem4f (.text:GPIO_setConfig)
                  0000ba08    00000184     slnetifndk_msp432e4.aem4f : slnetifndk.oem4f (.text:SlNetIfNDK_getPeerName)
                  0000bb8c    00000184                               : slnetifndk.oem4f (.text:SlNetIfNDK_getSockName)
                  0000bd10    0000017c     drivers_msp432e4.aem4f : EMACMSP432E4.oem4f (.text:EMACMSP432E4_NIMUInit)
                  0000be8c    00000178     slnetifndk_msp432e4.aem4f : slnetifndk.oem4f (.text:SlNetIfNDK_recv)
                  0000c004    00000178     stk.aem4f : tcpout.oem4f (.text:TcpGenPacket)
                  0000c17c    00000170     nettool_ipv4.aem4f : dnscomn.oem4f (.text:DNSResolveExternal)
                  0000c2ec    00000170     stk.aem4f : rtc.oem4f (.text:RTCReport)
                  0000c45c    0000016d     nettool_ipv4.aem4f : dnspkt.oem4f (.text:DNSReadRecord)
                  0000c5c9    00000001     --HOLE-- [fill = 0]
                  0000c5ca    00000002     hal_ser_stub.aem4f : llserstb.oem4f (.text:llSerialService)
                  0000c5cc    0000016c     slnetifndk_msp432e4.aem4f : slnetifndk.oem4f (.text:SlNetIfNDK_send)
                  0000c738    0000016c     tasks.obj (.text:TSKADCStream)
                  0000c8a4    0000016a     stk.aem4f : sb.oem4f (.text:SBRead)
                  0000ca0e    00000002     rtsv7M4_T_le_v4SPD16_eabi.lib : div0.asm.obj (.text)
                  0000ca10    00000168     slnetifndk_msp432e4.aem4f : slnetifndk.oem4f (.text:SlNetIfNDK_connect)
                  0000cb78    00000160     stk.aem4f : icmp.oem4f (.text:ICMPGenPacket)
                  0000ccd8    00000160               : sock.oem4f (.text:SockConnect)
                  0000ce38    00000158               : nimu.oem4f (.text:NIMUInit)
                  0000cf90    00000154     sysbios.aem4f : BIOS.obj (.text:ti_sysbios_knl_Task_Instance_finalize__E)
                  0000d0e4    0000014c     commands.obj (.text:TimerCMD)
                  0000d230    00000148     commands.obj (.text:MemrCMD)
                  0000d378    00000148     ti_ndk_config.obj (.text:ndkStackThread)
                  0000d4c0    00000144     stk.aem4f : bind.oem4f (.text:BindNew)
                  0000d604    00000144     commands.obj (.text:HelpCMD)
                  0000d748    00000144     slnetifndk_msp432e4.aem4f : slnetifndk.oem4f (.text:SlNetIfNDK_select)
                  0000d88c    00000144     stk.aem4f : sockpcb.oem4f (.text:SockPcbResolve)
                  0000d9d0    00000140     drivers_msp432e4.aem4f : ADCBufMSP432E4.oem4f (.text:ADCBufMSP432E4_hwiIntFxn)
                  0000db10    00000140     stk.aem4f : tcp.oem4f (.text:TcpTimeoutCheck)
                  0000dc50    0000013c     nettool_ipv4.aem4f : config.oem4f (.text:CfgAddEntry)
                  0000dd8c    0000013c     netctrl_min_ipv4.aem4f : netctrl.oem4f (.text:NetScheduler)
                  0000dec8    0000013c     slnetifndk_msp432e4.aem4f : slnetifndk.oem4f (.text:SlNetIfNDK_ifCreateContext)
                  0000e004    0000013c     stk.aem4f : sockint.oem4f (.text:SockNotify)
                  0000e140    0000013c               : sock.oem4f (.text:SockSend)
                  0000e27c    0000013c     rtsv7M4_T_le_v4SPD16_eabi.lib : _printfi.c.obj (.text:_pconv_e)
                  0000e3b8    00000136                                   : fd_div_t2.asm.obj (.text)
                  0000e4ee    00000002     release_pem4f.oem4f (.text:ti_sysbios_BIOS_nullFunc__I)
                  0000e4f0    00000134     drivers_msp432e4.aem4f : EMACMSP432E4.oem4f (.text:EMACMSP432E4_handleRx)
                  0000e624    00000134     commands.obj (.text:PrintAbout)
                  0000e758    00000130     rtsv7M4_T_le_v4SPD16_eabi.lib : strtol.c.obj (.text:strtol)
                  0000e888    00000130     sysbios.aem4f : BIOS.obj (.text:ti_sysbios_knl_Semaphore_pend__E)
                  0000e9b8    0000012e     drivers_msp432e4.aem4f : SPIMSP432E4DMA.oem4f (.text:SPIMSP432E4DMA_transferCancel)
                  0000eae6    00000002     --HOLE-- [fill = 0]
                  0000eae8    00000124     rtsv7M4_T_le_v4SPD16_eabi.lib : _printfi.c.obj (.text:fcvt)
                  0000ec0c    00000120     slnetsock_release.a : errnoutil.oem4f (.text:ErrnoUtil_set)
                  0000ed2c    00000120     slnetifndk_msp432e4.aem4f : slnetifndk.oem4f (.text:SlNetIfNDK_close)
                  0000ee4c    00000004     stk.aem4f : bind.oem4f (.text:BindGetIF)
                  0000ee50    00000120     sysbios.aem4f : BIOS.obj (.text:xdc_runtime_Startup_startMods__I)
                  0000ef70    0000011c     drivers_msp432e4.aem4f : ADCBufMSP432E4.oem4f (.text:ADCBufMSP423E4_noDMAhwiIntFxn)
                  0000f08c    00000118     Errors.obj (.text:PrintErrs)
                  0000f1a4    00000118     drivers_msp432e4.aem4f : TimerMSP432E4.oem4f (.text:TimerMSP432E4_open)
                  0000f2bc    00000114     stk.aem4f : nimu.oem4f (.text:NIMUIoctl)
                  0000f3d0    00000114               : raw.oem4f (.text:RawInput)
                  0000f4e4    00000114     slnetifndk_msp432e4.aem4f : slnetifndk.oem4f (.text:SlNetIfNDK_getIPAddr)
                  0000f5f8    00000114     rtsv7M4_T_le_v4SPD16_eabi.lib : fputs.c.obj (.text:fputs)
                  0000f70c    00000114     udpEchoHooks.obj (.text:serviceReport)
                  0000f820    00000110     commands.obj (.text:ExtractLitSrc)
                  0000f930    00000110     stk.aem4f : node.oem4f (.text:NodeTreeFree)
                  0000fa40    00000110               : route.oem4f (.text:RtCreate)
                  0000fb50    00000110               : rtable.oem4f (.text:RtFind)
                  0000fc60    00000110     rtsv7M4_T_le_v4SPD16_eabi.lib : s_scalbn.c.obj (.text:scalbn)
                  0000fd70    00000110                                   : strtoul.c.obj (.text:strtoul)
                  0000fe80    00000110     sysbios.aem4f : BIOS.obj (.text:ti_sysbios_knl_Task_postInit__I)
                  0000ff90    0000010c     slnetifndk_msp432e4.aem4f : slnetifndk.oem4f (.text:getBSDSlNetErr)
                  0001009c    00000004     stk.aem4f : bind.oem4f (.text:BindGetNext)
                  000100a0    0000010c     sysbios.aem4f : BIOS.obj (.text:ti_sysbios_family_arm_lm4_Timer_start__E)
                  000101ac    0000010a     stk.aem4f : tcpprot.oem4f (.text:TcpPrSetOption)
                  000102b6    00000002     --HOLE-- [fill = 0]
                  000102b8    00000108     slnetsock_release.a : slnetutils.oem4f (.text:SlNetUtil_str2BinIpV6)
                  000103c0    00000104     drivers_msp432e4.aem4f : SPIMSP432E4DMA.oem4f (.text:configNextTransfer)
                  000104c4    00000104     nettool_ipv4.aem4f : dhcppkt.oem4f (.text:dhcpPacketProcess)
                  000105c8    00000102                        : inetaddr.oem4f (.text:inet_aton)
                  000106ca    00000002     --HOLE-- [fill = 0]
                  000106cc    00000100     stk.aem4f : icmp.oem4f (.text:ICMPSendRtAdv)
                  000107cc    00000100               : igmp.oem4f (.text:IGMPSendReply)
                  000108cc    000000fc     rtsv7M4_T_le_v4SPD16_eabi.lib : fd_mul_t2.asm.obj (.text)
                  000109c8    000000f8     drivers_msp432e4.aem4f : ADCBufMSP432E4.oem4f (.text:ADCBufMSP432E4_close)
                  00010ac0    000000f8     slnetsock_release.a : slnetutils.oem4f (.text:SlNetUtil_inetAton)
                  00010bb8    000000f8     rtsv7M4_T_le_v4SPD16_eabi.lib : s_floor.c.obj (.text:floor)
                  00010cb0    000000f8     os.aem4f : os_ll.oem4f (.text:llEnter)
                  00010da8    000000f8     sysbios.aem4f : BIOS.obj (.text:timer_create)
                  00010ea0    000000f4     stk.aem4f : sock.oem4f (.text:SockClose)
                  00010f94    000000f0               : lliout.oem4f (.text:LLIGenArpPacket)
                  00011084    000000f0               : rawethsock.oem4f (.text:RawEthSockNew)
                  00011174    00000004     dpl_msp432e4.aem4f : ClockP_tirtos.oem4f (.text:ClockP_getCpuFreq)
                  00011178    000000f0     sysbios.aem4f : BIOS.obj (.text:pthread_create)
                  00011268    000000f0                   : m3_Hwi_asm.obj (.text:ti_sysbios_family_arm_m3_Hwi_dispatch__I)
                  00011358    000000f0     msp432e4_driverlib.a : udma.o (.text:uDMAChannelTransferSet)
                  00011448    000000ee                          : adc.o (.text:ADCSequenceStepConfigure)
                  00011536    000000ee     nettool_ipv4.aem4f : dnspkt.oem4f (.text:DNSWriteRecord)
                  00011624    000000ee     slnetifndk_msp432e4.aem4f : slnetifndk.oem4f (.text:SlNetIfNDK_socket)
                  00011712    00000006     drivers_msp432e4.aem4f : ADCBufMSP432E4.oem4f (.text:ADCBufMSP432E4_adjustRawValues)
                  00011718    000000ec     sysbios.aem4f : BIOS.obj (.text:clock_gettime)
                  00011804    000000ea     stk.aem4f : pipe.oem4f (.text:PipeRecv)
                  000118ee    000000e8     nettool_ipv4.aem4f : dnspkt.oem4f (.text:DNSWriteName)
                  000119d6    000000e8     drivers_msp432e4.aem4f : SPIMSP432E4DMA.oem4f (.text:SPIMSP432E4DMA_hwiFxn)
                  00011abe    00000002     --HOLE-- [fill = 0]
                  00011ac0    000000e8     sysbios.aem4f : BIOS.obj (.text:ti_sysbios_knl_Task_Instance_init__E)
                  00011ba8    000000e8                   : BIOS.obj (.text:timer_settime)
                  00011c90    000000e4     drivers_msp432e4.aem4f : ADCMSP432E4.oem4f (.text:ADCMSP432E4_open)
                  00011d74    000000e4     slnetsock_release.a : slnetif.oem4f (.text:SlNetIf_add)
                  00011e58    000000e4     stk.aem4f : sockpcb.oem4f (.text:SockPcbBind)
                  00011f3c    000000e0     msp432e4_driverlib.a : emac.o (.text:EMACInit)
                  0001201c    000000e0     stk.aem4f : tcptime.oem4f (.text:TcpTimeoutRexmt)
                  000120fc    000000de     nettool_ipv4.aem4f : dhcpsock.oem4f (.text:dhcpSocketOpen)
                  000121da    00000002     --HOLE-- [fill = 0]
                  000121dc    000000dc     stk.aem4f : sb.oem4f (.text:SBWrite)
                  000122b8    000000dc     callbacks.obj (.text:SWITimer1)
                  00012394    000000dc     rtsv7M4_T_le_v4SPD16_eabi.lib : setvbuf.c.obj (.text:setvbuf)
                  00012470    000000da     nettool_ipv4.aem4f : dhcpsm.oem4f (.text:dhcpState)
                  0001254a    00000002     --HOLE-- [fill = 0]
                  0001254c    000000d8     stk.aem4f : node.oem4f (.text:NodeAdd)
                  00012624    000000d8     slnetifndk_msp432e4.aem4f : slnetifndk.oem4f (.text:SlNetIfNDK_bind)
                  000126fc    000000d4                               : slnetifndk.oem4f (.text:SlNetIfNDK_listen)
                  000127d0    000000d4     BuffersQueues.obj (.text:UartAddByte)
                  000128a4    000000d1     stk.aem4f : nimu.oem4f (.text:NIMUReceivePacket)
                  00012975    00000003     --HOLE-- [fill = 0]
                  00012978    000000d0     netctrl_min_ipv4.aem4f : netsrv.oem4f (.text:SPIpNet)
                  00012a48    000000d0     slnetifndk_msp432e4.aem4f : slnetifndk.oem4f (.text:SlNetIfNDK_shutdown)
                  00012b18    000000d0     nettool_ipv4.aem4f : dhcpsm.oem4f (.text:dhcpIPAdd)
                  00012be8    000000d0     sysbios.aem4f : BIOS.obj (.text:ti_sysbios_heaps_HeapMem_alloc__E)
                  00012cb8    000000cc     stk.aem4f : rawethsock.oem4f (.text:RawEthSockGet)
                  00012d84    000000cc               : rawethsock.oem4f (.text:RawEthSockSet)
                  00012e50    000000cc     nettool_ipv4.aem4f : dhcpbild.oem4f (.text:dhcpBuildHeader)
                  00012f1c    000000cc                        : dhcppkt.oem4f (.text:dhcpVerifyMessage)
                  00012fe8    000000c8     tasks.obj (.text:TSKUART0Read)
                  000130b0    000000c4     stk.aem4f : igmp.oem4f (.text:IGMPJoinHostGroup)
                  00013174    000000c4     BiosAndDevices.obj (.text:InitBios)
                  00013238    000000c4     nettool_ipv4.aem4f : dhcpsm.oem4f (.text:StateBound)
                  000132fc    000000c4     drivers_msp432e4.aem4f : ADCBufMSP432E4.oem4f (.text:configDMA)
                  000133c0    000000c4     rtsv7M4_T_le_v4SPD16_eabi.lib : s_round.c.obj (.text:round)
                  00013484    00000004     dpl_msp432e4.aem4f : ClockP_tirtos.oem4f (.text:ClockP_setTimeout)
                  00013488    000000c4     sysbios.aem4f : BIOS.obj (.text:ti_sysbios_knl_Task_sleep__E)
                  0001354c    000000c0     nettool_ipv4.aem4f : dnspkt.oem4f (.text:DNSReadName)
                  0001360c    000000be                        : dnsclnt.oem4f (.text:DNSGetHostByName)
                  000136ca    000000be     drivers_msp432e4.aem4f : UARTMSP432E4.oem4f (.text:UARTMSP432E4_close)
                  00013788    000000bc     stk.aem4f : sockpcb.oem4f (.text:SockPcbFind)
                  00013844    000000bc               : vlan.oem4f (.text:VLANDeinit)
                  00013900    000000bc     sysbios.aem4f : BIOS.obj (.text:ti_sysbios_knl_Task_exit__E)
                  000139bc    00000004     dpl_msp432e4.aem4f : ClockP_tirtos.oem4f (.text:ClockP_start)
                  000139c0    000000bc     sysbios.aem4f : BIOS.obj (.text:xdc_runtime_Core_createObject__I)
                  00013a7c    000000ba     stk.aem4f : icmpin.oem4f (.text:ICMPRevSrcRoute)
                  00013b36    00000002     --HOLE-- [fill = 0]
                  00013b38    000000b8     drivers_msp432e4.aem4f : ADCMSP432E4.oem4f (.text:ADCMSP432E4_convert)
                  00013bf0    000000b8     stk.aem4f : lli.oem4f (.text:_LLITimeoutCheck)
                  00013ca8    000000b8     sysbios.aem4f : BIOS.obj (.text:ti_sysbios_family_arm_m3_Hwi_Instance_init__E)
                  00013d60    000000b6     drivers_msp432e4.aem4f : UARTMSP432E4.oem4f (.text:readTaskCallback)
                  00013e16    00000002     --HOLE-- [fill = 0]
                  00013e18    000000b4     stk.aem4f : tcptime.oem4f (.text:TcpTimeoutKeep)
                  00013ecc    000000b2               : nimu.oem4f (.text:NIMUAddEthernetHeader)
                  00013f7e    00000002     --HOLE-- [fill = 0]
                  00013f80    000000b1     rtsv7M4_T_le_v4SPD16_eabi.lib : _printfi.c.obj (.text:_ltostr)
                  00014031    00000001     --HOLE-- [fill = 0]
                  00014032    000000b0     drivers_msp432e4.aem4f : UARTMSP432E4.oem4f (.text:readTaskBlocking)
                  000140e2    00000006                            : ADCBufMSP432E4.oem4f (.text:ADCBufMSP432E4_control)
                  000140e8    000000b0     sysbios.aem4f : BIOS.obj (.text:ti_sysbios_family_arm_lm4_Timer_enableTiva__I)
                  00014198    000000ac     BuffersQueues.obj (.text:AddPayload)
                  00014244    000000ac     drivers_msp432e4.aem4f : EMACMSP432E4.oem4f (.text:EMACMSP432E4_initDMADescriptors)
                  000142f0    000000ac                            : GPIOMSP432E4.oem4f (.text:GPIO_init)
                  0001439c    000000ac     stk.aem4f : rtable.oem4f (.text:RtTimeoutCheck)
                  00014448    000000ac     os.aem4f : task.oem4f (.text:TaskGetEnv)
                  000144f4    000000ac     callbacks.obj (.text:Timer0Callback)
                  000145a0    000000a8     commands.obj (.text:AudioCMD)
                  00014648    000000a8     stk.aem4f : sockint.oem4f (.text:SockCreatePacket)
                  000146f0    000000a4     msp432e4_driverlib.a : gpio.o (.text:GPIOIntTypeSet)
                  00014794    000000a4     os.aem4f : task.oem4f (.text:TaskSetEnv)
                  00014838    000000a4     sysbios.aem4f : BIOS.obj (.text:ti_sysbios_knl_Task_setPri__E)
                  000148dc    000000a0     drivers_msp432e4.aem4f : EMACMSP432E4.oem4f (.text:EMACMSP432E4_emacStop)
                  0001497c    000000a0     stk.aem4f : ip.oem4f (.text:IPGetRoute)
                  00014a1c    000000a0     commands.obj (.text:VoiceCMD)
                  00014abc    000000a0     auto_init.aem4f : auto_init.oem4f (.text)
                  00014b5c    0000009e     nettool_ipv4.aem4f : dnsclnt.oem4f (.text:DNSGetHostArrayByName)
                  00014bfa    0000009e     drivers_msp432e4.aem4f : UARTMSP432E4.oem4f (.text:UARTMSP432E4_readPolling)
                  00014c98    0000009c     stk.aem4f : exec.oem4f (.text:ExecOpen)
                  00014d34    0000009c     drivers_msp432e4.aem4f : SPIMSP432E4DMA.oem4f (.text:SPIMSP432E4DMA_close)
                  00014dd0    0000009c     sysbios.aem4f : BIOS.obj (.text:_pthread_removeThreadKeys)
                  00014e6c    0000009c     drivers_msp432e4.aem4f : ADCBufMSP432E4.oem4f (.text:initHw)
                  00014f08    0000009c     rtsv7M4_T_le_v4SPD16_eabi.lib : memcpy_t2.asm.obj (.text)
                  00014fa4    00000098     drivers_msp432e4.aem4f : ADCBufMSP432E4.oem4f (.text:ADCBufMSP432E4_convertCancel)
                  0001503c    00000098     netctrl_min_ipv4.aem4f : netctrl.oem4f (.text:NC_SystemOpen)
                  000150d4    00000098                            : netsrv.oem4f (.text:ServiceScan)
                  0001516c    00000098     drivers_msp432e4.aem4f : UARTMSP432E4.oem4f (.text:UARTMSP432E4_write)
                  00015204    00000096     rtsv7M4_T_le_v4SPD16_eabi.lib : ull_div_t2.asm.obj (.text)
                  0001529a    00000002     --HOLE-- [fill = 0]
                  0001529c    00000094     nettool_ipv4.aem4f : config.oem4f (.text:CfgExecute)
                  00015330    00000094                        : config.oem4f (.text:CfgRemoveEntry)
                  000153c4    00000094     commands.obj (.text:NetUDPCmd)
                  00015458    00000094     callbacks.obj (.text:SWITimer0)
                  000154ec    00000094     os.aem4f : mem.oem4f (.text:_mmInit)
                  00015580    00000094     drivers_msp432e4.aem4f : UARTMSP432E4.oem4f (.text:readIsrTextBlocking)
                  00015614    00000004     dpl_msp432e4.aem4f : ClockP_tirtos.oem4f (.text:ClockP_stop)
                  00015618    00000094     sysbios.aem4f : BIOS.obj (.text:ti_sysbios_family_arm_m3_Hwi_initNVIC__E)
                  000156ac    00000092     slnetsock_release.a : slnetsock.oem4f (.text:SlNetSock_create)
                  0001573e    00000002     --HOLE-- [fill = 0]
                  00015740    00000090     stk.aem4f : igmp.oem4f (.text:IGMPMsg)
                  000157d0    00000090     slnetsock_release.a : slnetsock.oem4f (.text:SlNetSock_getVirtualSdConf)
                  00015860    00000090     tasks.obj (.text:TSKUART7Read)
                  000158f0    00000090     drivers_msp432e4.aem4f : UARTMSP432E4.oem4f (.text:UARTMSP432E4_control)
                  00015980    00000090     slnetsock_release.a : slnetutils.oem4f (.text:createAddrInfo)
                  00015a10    00000090     nettool_ipv4.aem4f : dhcpbild.oem4f (.text:dhcpBuildRequest)
                  00015aa0    00000090     os.aem4f : mem.oem4f (.text:mmInitPage)
                  00015b30    00000090     sysbios.aem4f : BIOS.obj (.text:ti_sysbios_knl_Task_Module_startup__E)
                  00015bc0    0000008e     nettool_ipv4.aem4f : dnscomn.oem4f (.text:DNSResolveQuery)
                  00015c4e    00000002     --HOLE-- [fill = 0]
                  00015c50    0000008c     stk.aem4f : ip.oem4f (.text:IPMsg)
                  00015cdc    0000008c     msp432e4_driverlib.a : sysctl.o (.text:SysCtlPeripheralReset)
                  00015d68    0000008c     sysbios.aem4f : m3_TaskSupport_asm.obj (.text:ti_sysbios_family_arm_m3_TaskSupport_buildTaskStack)
                  00015df4    00000004     dpl_msp432e4.aem4f : HwiP_tirtos.oem4f (.text:HwiP_clearInterrupt)
                  00015df8    0000008c     sysbios.aem4f : BIOS.obj (.text:xdc_runtime_Memory_alloc__E)
                  00015e84    0000008a     netctrl_min_ipv4.aem4f : netsrv.oem4f (.text:SPRoute)
                  00015f0e    00000002     --HOLE-- [fill = 0]
                  00015f10    00000088                            : netsrv.oem4f (.text:ServiceSpawn)
                  00015f98    00000088     stk.aem4f : sockpcb.oem4f (.text:SockPcbCtlError)
                  00016020    00000088     drivers_msp432e4.aem4f : TimerMSP432E4.oem4f (.text:TimerMSP432E4_setPeriod)
                  000160a8    00000088                            : UARTMSP432E4.oem4f (.text:readIsrTextCallback)
                  00016130    00000086     stk.aem4f : sock.oem4f (.text:SockCheck)
                  000161b6    00000086     nettool_ipv4.aem4f : dhcpsm.oem4f (.text:StateRequesting)
                  0001623c    00000086     rtsv7M4_T_le_v4SPD16_eabi.lib : fd_cmp_t2.asm.obj (.text:__aeabi_cdcmple)
                  000162c2    00000086                                   : fd_cmp_t2.asm.obj (.text:__aeabi_cdrcmple)
                  00016348    00000086     sysbios.aem4f : BIOS.obj (.text:xdc_runtime_Core_constructObject__I)
                  000163ce    00000002     --HOLE-- [fill = 0]
                  000163d0    00000084     nettool_ipv4.aem4f : config.oem4f (.text:CfgGetEntry)
                  00016454    00000084     drivers_msp432e4.aem4f : EMACMSP432E4.oem4f (.text:EMACMSP432E4_hwiIntFxn)
                  000164d8    00000084                            : EMACMSP432E4.oem4f (.text:EMACMSP432E4_processPendingTx)
                  0001655c    00000084                            : EMACMSP432E4.oem4f (.text:EMACMSP432E4_processPhyInterrupt)
                  000165e0    00000084     stk.aem4f : raw.oem4f (.text:RawOutput)
                  00016664    00000084     slnetsock_release.a : slnetutils.oem4f (.text:SlNetUtil_getHostByName)
                  000166e8    00000084     stk.aem4f : sockpcb.oem4f (.text:SockCleanPcb)
                  0001676c    00000084               : tcpprot.oem4f (.text:TcpPrAttach)
                  000167f0    00000084               : fileuser.oem4f (.text:fdClose)
                  00016874    00000084     os.aem4f : mem.oem4f (.text:mmFree)
                  000168f8    00000084     sysbios.aem4f : BIOS.obj (.text:ti_sysbios_family_arm_m3_Hwi_postInit__I)
                  0001697c    00000004     dpl_msp432e4.aem4f : HwiP_tirtos.oem4f (.text:HwiP_disable)
                  00016980    00000084     sysbios.aem4f : BIOS.obj (.text:ti_sysbios_heaps_HeapMem_free__E)
                  00016a04    00000082     nettool_ipv4.aem4f : dhcpsm.oem4f (.text:StateRenewRebind)
                  00016a86    00000002     --HOLE-- [fill = 0]
                  00016a88    00000080     msp432e4_driverlib.a : interrupt.o (.text:IntEnable)
                  00016b08    00000080     stk.aem4f : lli.oem4f (.text:LLINew)
                  00016b88    00000080               : pbm.oem4f (.text:PBM_alloc)
                  00016c08    00000080     sysbios.aem4f : BIOS.obj (.text:ti_sysbios_knl_Clock_workFunc__E)
                  00016c88    0000007e     slnetifndk_msp432e4.aem4f : slnetifndk.oem4f (.text:SlNetIfNDK_getConnectionStatus)
                  00016d06    0000007e     slnetsock_release.a : slnetutils.oem4f (.text:setAddrInfo)
                  00016d84    0000007c     nettool_ipv4.aem4f : config.oem4f (.text:CfgGetNextEntry)
                  00016e00    0000007c     stk.aem4f : igmp.oem4f (.text:IGMPDoMCast)
                  00016e7c    0000007c               : igmp.oem4f (.text:IGMPJoin)
                  00016ef8    0000007c               : socket.oem4f (.text:NDK_getsockopt)
                  00016f74    0000007c               : socket.oem4f (.text:NDK_setsockopt)
                  00016ff0    0000007c     netctrl_min_ipv4.aem4f : netsrv.oem4f (.text:NS_BootTask)
                  0001706c    0000007c     stk.aem4f : pbm.oem4f (.text:PBM_free)
                  000170e8    0000007c     rtsv7M4_T_le_v4SPD16_eabi.lib : fflush.c.obj (.text:fflush)
                  00017164    0000007c     os.aem4f : mem.oem4f (.text:mmBulkFree)
                  000171e0    0000007c     drivers_msp432e4.aem4f : UARTMSP432E4.oem4f (.text:writeData)
                  0001725c    0000007a     msp432e4_driverlib.a : ssi.o (.text:SSIConfigSetExpClk)
                  000172d6    0000007a     stk.aem4f : sock.oem4f (.text:SockAccept)
                  00017350    0000007a     rtsv7M4_T_le_v4SPD16_eabi.lib : memset_t2.asm.obj (.text)
                  000173ca    00000078     stk.aem4f : socket.oem4f (.text:NDK_sendto)
                  00017442    00000002     --HOLE-- [fill = 0]
                  00017444    00000078               : nimu.oem4f (.text:NIMURegister)
                  000174bc    00000078               : tcptime.oem4f (.text:TcpXmitTimer)
                  00017534    00000078               : fileuser.oem4f (.text:fdOpenSession)
                  000175ac    00000078     os.aem4f : os_ll.oem4f (.text:llExit)
                  00017624    00000076     stk.aem4f : pipe.oem4f (.text:PipeSend)
                  0001769a    00000076     msp432e4_driverlib.a : uart.o (.text:UARTConfigSetExpClk)
                  00017710    00000075     stk.aem4f : tcptime.oem4f (.text:TcpTimeoutSackRexmt)
                  00017785    00000003     --HOLE-- [fill = 0]
                  00017788    00000075     sysbios.aem4f : BIOS.obj (.text:xdc_runtime_System_formatNum__I)
                  000177fd    00000003     --HOLE-- [fill = 0]
                  00017800    00000074     drivers_msp432e4.aem4f : EMACMSP432E4.oem4f (.text:EMACMSP432E4_processTransmitted)
                  00017874    00000074     stk.aem4f : igmp.oem4f (.text:IGMPLeaveHostGroup)
                  000178e8    00000074               : socket.oem4f (.text:NDK_recvfrom)
                  0001795c    00000074               : nimu.oem4f (.text:NIMUShutdown)
                  000179d0    00000074               : raweth.oem4f (.text:RawEthRxPacket)
                  00017a44    00000074     slnetsock_release.a : slnetsock.oem4f (.text:SlNetSock_AllocVirtualSocket)
                  00017ab8    00000074     stk.aem4f : sockpcb.oem4f (.text:SockPcbConnect)
                  00017b2c    00000074     rtsv7M4_T_le_v4SPD16_eabi.lib : fclose.c.obj (.text:__TI_closefile)
                  00017ba0    00000074     hal_timer.aem4f : lltimer.oem4f (.text:llTimerTick)
                  00017c14    00000004     dpl_msp432e4.aem4f : HwiP_tirtos.oem4f (.text:HwiP_disableInterrupt)
                  00017c18    00000074     sysbios.aem4f : BIOS.obj (.text:xdc_runtime_Core_deleteObject__I)
                  00017c8c    00000072     drivers_msp432e4.aem4f : TimerMSP432E4.oem4f (.text:TimerMSP432E4_start)
                  00017cfe    00000070     stk.aem4f : socket.oem4f (.text:NDK_send)
                  00017d6e    00000002     --HOLE-- [fill = 0]
                  00017d70    00000070               : rtable.oem4f (.text:RtFlush)
                  00017de0    00000070     netctrl_min_ipv4.aem4f : netsrv.oem4f (.text:SPConfig)
                  00017e50    00000070     stk.aem4f : sock.oem4f (.text:SockShutdown)
                  00017ec0    00000070     tasks.obj (.text:TSKPayload)
                  00017f30    00000070     nettool_ipv4.aem4f : dhcptags.oem4f (.text:dhcpDecodeType)
                  00017fa0    00000070     slnetsock_release.a : netdb.oem4f (.text:getaddrinfo)
                  00018010    00000070     os.aem4f : mem.oem4f (.text:mmBulkAlloc)
                  00018080    00000070     sysbios.aem4f : BIOS.obj (.text:ti_sysbios_family_arm_lm4_Seconds_getTime__E)
                  000180f0    00000070                   : BIOS.obj (.text:ti_sysbios_heaps_HeapMem_initPrimary__I)
                  00018160    0000006e     stk.aem4f : socket.oem4f (.text:NDK_recv)
                  000181ce    00000002     --HOLE-- [fill = 0]
                  000181d0    0000006e               : rtable.oem4f (.text:RtWalkNext)
                  0001823e    0000006e     rtsv7M4_T_le_v4SPD16_eabi.lib : _printfi.c.obj (.text:_mcpy)
                  000182ac    0000006d     stk.aem4f : node.oem4f (.text:NodeNew)
                  00018319    00000003     --HOLE-- [fill = 0]
                  0001831c    0000006c     os.aem4f : ossys.oem4f (.text:DbgPrintf)
                  00018388    0000006c     msp432e4_driverlib.a : emac.o (.text:EMACPHYConfigSet)
                  000183f4    0000006c     rtsv7M4_T_le_v4SPD16_eabi.lib : hostrename.c.obj (.text:HOSTrename)
                  00018460    0000006c     stk.aem4f : node.oem4f (.text:NodeTreeNew)
                  000184cc    0000006c               : pbm.oem4f (.text:PBM_open)
                  00018538    0000006c     drivers_msp432e4.aem4f : PowerMSP432E4.oem4f (.text:Power_releaseDependency)
                  000185a4    0000006c     stk.aem4f : raweth.oem4f (.text:RawEthTxPacket)
                  00018610    0000006c     slnetsock_release.a : slnetutils.oem4f (.text:SlNetUtil_str2BinIpV4)
                  0001867c    0000006c     hal_timer.aem4f : lltimer.oem4f (.text:llTimerGetTime)
                  000186e8    0000006c     sysbios.aem4f : BIOS.obj (.text:pthread_cancel)
                  00018754    00000004     dpl_msp432e4.aem4f : HwiP_tirtos.oem4f (.text:HwiP_enableInterrupt)
                  00018758    0000006c     sysbios.aem4f : BIOS.obj (.text:ti_sysbios_knl_Swi_restoreHwi__E)
                  000187c4    0000006a     stk.aem4f : socket.oem4f (.text:NDK_accept)
                  0001882e    0000006a               : tcpprot.oem4f (.text:TcpPrInherit)
                  00018898    00000068     drivers_msp432e4.aem4f : GPIOMSP432E4.oem4f (.text:GPIO_hwiIntFxn)
                  00018900    00000068     rtsv7M4_T_le_v4SPD16_eabi.lib : hostlseek.c.obj (.text:HOSTlseek)
                  00018968    00000068     stk.aem4f : socket.oem4f (.text:NDK_socket)
                  000189d0    00000068     drivers_msp432e4.aem4f : PowerMSP432E4.oem4f (.text:Power_setDependency)
                  00018a38    00000068     callbacks.obj (.text:SWILSW)
                  00018aa0    00000068     callbacks.obj (.text:SWIRSW)
                  00018b08    00000068     stk.aem4f : sock.oem4f (.text:SockListen)
                  00018b70    00000068               : sockpcb.oem4f (.text:SockPcbFindRaw)
                  00018bd8    00000068     drivers_msp432e4.aem4f : TimerMSP432E4.oem4f (.text:TimerMSP432E4_allocateTimerResource)
                  00018c40    00000068     stk.aem4f : rtable.oem4f (.text:_RtNodeInsert)
                  00018ca8    00000068     rtsv7M4_T_le_v4SPD16_eabi.lib : copy_decompress_lzss.c.obj (.text:decompress:lzss:__TI_decompress_lzss)
                  00018d10    00000068     sysbios.aem4f : BIOS.obj (.text:pthread_exit)
                  00018d78    00000068     drivers_msp432e4.aem4f : UARTMSP432E4.oem4f (.text:readIsrBinaryBlocking)
                  00018de0    00000066     ti_ndk_config.obj (.text:configTcp)
                  00018e46    00000002     --HOLE-- [fill = 0]
                  00018e48    00000064     nettool_ipv4.aem4f : config.oem4f (.text:CfgFree)
                  00018eac    00000064     Errors.obj (.text:ErrorOut)
                  00018f10    00000064     stk.aem4f : file.oem4f (.text:FdWaitEvent)
                  00018f74    00000064               : pbm.oem4f (.text:PBMQ_enq)
                  00018fd8    00000064     drivers_msp432e4.aem4f : PowerMSP432E4.oem4f (.text:Power_init)
                  0001903c    00000064     slnetifndk_msp432e4.aem4f : slnetifndk.oem4f (.text:SlNetIfNDK_getHostByName)
                  000190a0    00000064     stk.aem4f : sockint.oem4f (.text:SockSpawnAbort)
                  00019104    00000064               : tcpprot.oem4f (.text:TcpPrGetOption)
                  00019168    00000064               : udp.oem4f (.text:UdpChecksum)
                  000191cc    00000064     rtsv7M4_T_le_v4SPD16_eabi.lib : s_frexp.c.obj (.text:frexp)
                  00019230    00000064                                   : fseek.c.obj (.text:fseek)
                  00019294    00000064     drivers_msp432e4.aem4f : UARTMSP432E4.oem4f (.text:readIsrBinaryCallback)
                  000192f8    00000064     sysbios.aem4f : BIOS.obj (.text:ti_sysbios_family_arm_lm4_Timer_Module_startup__E)
                  0001935c    00000004     os.aem4f : oem.oem4f (.text:NDK_HwiP_disable)
                  00019360    00000064     sysbios.aem4f : BIOS.obj (.text:ti_sysbios_family_arm_m3_Hwi_dispatchC__I)
                  000193c4    00000064     msp432e4_driverlib.a : udma.o (.text:uDMAChannelAttributeDisable)
                  00019428    00000064     stk.aem4f : lliin.oem4f (.text:updateRtTable)
                  0001948c    00000062               : ipin.oem4f (.text:IPRouteIP)
                  000194ee    00000002     --HOLE-- [fill = 0]
                  000194f0    00000062               : sb.oem4f (.text:SBNew)
                  00019552    00000062     rtsv7M4_T_le_v4SPD16_eabi.lib : _io_perm.c.obj (.text:__TI_wrt_ok)
                  000195b4    00000060     drivers_msp432e4.aem4f : ADCMSP432E4.oem4f (.text:ADCMSP432E4_close)
                  00019614    00000060     nettool_ipv4.aem4f : config.oem4f (.text:CfgGetEntryCnt)
                  00019674    00000060     msp432e4_driverlib.a : emac.o (.text:EMACConfigGet)
                  000196d4    00000060                          : emac.o (.text:EMACIntDisable)
                  00019734    00000060     rtsv7M4_T_le_v4SPD16_eabi.lib : hostopen.c.obj (.text:HOSTopen)
                  00019794    00000060     stk.aem4f : socket.oem4f (.text:NDK_getpeername)
                  000197f4    00000060               : socket.oem4f (.text:NDK_getsockname)
                  00019854    00000060               : socket.oem4f (.text:NDK_shutdown)
                  000198b4    00000060               : nimu.oem4f (.text:NIMUUnregister)
                  00019914    00000060               : node.oem4f (.text:NodeFind)
                  00019974    00000060               : rtc.oem4f (.text:RTCMsg)
                  000199d4    00000060     slnetsock_release.a : slnetsock.oem4f (.text:SlNetSock_recvFrom)
                  00019a34    00000060                         : slnetsock.oem4f (.text:SlNetSock_sendTo)
                  00019a94    00000060     os.aem4f : task.oem4f (.text:TaskCreate)
                  00019af4    00000060     msp432e4_driverlib.a : timer.o (.text:TimerControlTrigger)
                  00019b54    00000060     nettool_ipv4.aem4f : dhcptags.oem4f (.text:dhcpBuildOptions)
                  00019bb4    00000004     os.aem4f : NDK_SemaphoreP_tirtos.oem4f (.text:NDK_SemaphoreP_post)
                  00019bb8    00000060     sysbios.aem4f : BIOS.obj (.text:ti_sysbios_knl_Semaphore_post__E)
                  00019c18    00000060                   : BIOS.obj (.text:ti_sysbios_knl_Swi_run__I)
                  00019c78    0000005e     msp432e4_driverlib.a : emac.o (.text:EMACIntEnable)
                  00019cd6    0000005e     stk.aem4f : route.oem4f (.text:RtRemove)
                  00019d34    0000005e     nettool_ipv4.aem4f : dhcpsm.oem4f (.text:StateSelecting)
                  00019d92    0000005e     stk.aem4f : vlan.oem4f (.text:VLANReceivePacket)
                  00019df0    0000005c     drivers_msp432e4.aem4f : ADCBufMSP432E4.oem4f (.text:ADCBufMSP432E4_init)
                  00019e4c    0000005c     callbacks.obj (.text:ADC_BUFFER_CALLBACK_FXN)
                  00019ea8    0000005c     nettool_ipv4.aem4f : config.oem4f (.text:CfgSetExecuteOrder)
                  00019f04    0000005c     msp432e4_driverlib.a : emac.o (.text:EMACAddrSet)
                  00019f60    0000005c                          : emac.o (.text:EMACIntStatus)
                  00019fbc    0000005c                          : gpio.o (.text:GPIODirModeSet)
                  0001a018    0000005c     stk.aem4f : nimu.oem4f (.text:NIMUIoctlSpecialCmd)
                  0001a074    0000005c     netctrl_min_ipv4.aem4f : netsrv.oem4f (.text:SPService)
                  0001a0d0    0000005c     rtsv7M4_T_le_v4SPD16_eabi.lib : close.c.obj (.text:close)
                  0001a12c    0000005c     drivers_msp432e4.aem4f : ADCBufMSP432E4.oem4f (.text:completeConversion)
                  0001a188    0000005c                            : TimerMSP432E4.oem4f (.text:getPowerMgrId)
                  0001a1e4    0000005c                            : UARTMSP432E4.oem4f (.text:getPowerResourceId)
                  0001a240    0000005c     sysbios.aem4f : BIOS.obj (.text:ti_sysbios_knl_Swi_schedule__I)
                  0001a29c    00000004     os.aem4f : ossys.oem4f (.text:NDK_vsprintf)
                  0001a2a0    0000005c     sysbios.aem4f : BIOS.obj (.text:ti_sysbios_knl_Task_startCore__E)
                  0001a2fc    00000004     stk.aem4f : node.oem4f (.text:NodeSetRt)
                  0001a300    0000005c     sysbios.aem4f : BIOS.obj (.text:xdc_runtime_Startup_exec__E)
                  0001a35c    0000005a     stk.aem4f : rawethsock.oem4f (.text:RawEthSockCheck)
                  0001a3b6    0000005a               : route.oem4f (.text:RtRedirect)
                  0001a410    0000005a               : tcpprot.oem4f (.text:TcpValidateMetrics)
                  0001a46a    0000005a     nettool_ipv4.aem4f : dhcpbild.oem4f (.text:dhcpBuildDecline)
                  0001a4c4    00000058     msp432e4_driverlib.a : adc.o (.text:ADCIntStatus)
                  0001a51c    00000058     stk.aem4f : bind.oem4f (.text:BindFree)
                  0001a574    00000058     msp432e4_driverlib.a : emac.o (.text:EMACIntClear)
                  0001a5cc    00000058     drivers_msp432e4.aem4f : GPIOMSP432E4.oem4f (.text:GPIO_setCallback)
                  0001a624    00000058     rtsv7M4_T_le_v4SPD16_eabi.lib : hostread.c.obj (.text:HOSTread)
                  0001a67c    00000058                                   : hostwrite.c.obj (.text:HOSTwrite)
                  0001a6d4    00000058     stk.aem4f : igmp.oem4f (.text:IGMPTimer)
                  0001a72c    00000058               : tcp.oem4f (.text:TcpChecksum)
                  0001a784    00000058     drivers_msp432e4.aem4f : UDMAMSP432E4.oem4f (.text:UDMAMSP432E4_open)
                  0001a7dc    00000058     boot.aem4f : boot.oem4f (.text)
                  0001a834    00000058     sysbios.aem4f : m3_Hwi_asm_switch.obj (.text:ti_sysbios_family_arm_m3_Hwi_initStacks__E)
                  0001a88c    00000056     rtsv7M4_T_le_v4SPD16_eabi.lib : _printfi.c.obj (.text:_pconv_f)
                  0001a8e2    00000056     drivers_msp432e4.aem4f : SPIMSP432E4DMA.oem4f (.text:initHw)
                  0001a938    00000054                            : ADCMSP432E4.oem4f (.text:ADCMSP432E4_init)
                  0001a98c    00000054     nettool_ipv4.aem4f : config.oem4f (.text:CfgEntryDeRef)
                  0001a9e0    00000054     drivers_msp432e4.aem4f : GPIOMSP432E4.oem4f (.text:GPIO_write)
                  0001aa34    00000054     stk.aem4f : rawethsock_pcb.oem4f (.text:RawEthSockPcbAttach)
                  0001aa88    00000054               : tcptime.oem4f (.text:TcpTimeoutPersist)
                  0001aadc    00000054     rtsv7M4_T_le_v4SPD16_eabi.lib : _ltoa.c.obj (.text:__TI_ltoa)
                  0001ab30    00000054     sysbios.aem4f : BIOS.obj (.text:ti_sysbios_family_arm_lm4_Timer_initDevice__I)
                  0001ab84    00000054     release_pem4f.oem4f (.text:ti_sysbios_family_arm_m3_Hwi_create)
                  0001abd8    00000054     sysbios.aem4f : BIOS.obj (.text:timer_gettime)
                  0001ac2c    00000052     nettool_ipv4.aem4f : dnscomn.oem4f (.text:DNSReplyFree)
                  0001ac7e    00000052     BuffersQueues.obj (.text:GetNxtStr)
                  0001acd0    00000052     stk.aem4f : igmp.oem4f (.text:IGMPLeave)
                  0001ad22    00000052               : socket.oem4f (.text:NDK_bind)
                  0001ad74    00000052               : tcpprot.oem4f (.text:TcpPrDetach)
                  0001adc6    00000052     rtsv7M4_T_le_v4SPD16_eabi.lib : _printfi.c.obj (.text:_ecpy)
                  0001ae18    00000050     drivers_msp432e4.aem4f : ADCMSP432E4.oem4f (.text:ADCMSP432E4_getPowerResourceId)
                  0001ae68    00000050     msp432e4_driverlib.a : adc.o (.text:ADCSequenceConfigure)
                  0001aeb8    00000050                          : emac.o (.text:EMACConfigSet)
                  0001af08    00000050     stk.aem4f : socket.oem4f (.text:NDK_connect)
                  0001af58    00000050               : route.oem4f (.text:RtNew)
                  0001afa8    00000050     slnetsock_release.a : slnetif.oem4f (.text:SlNetIf_queryIf)
                  0001aff8    00000050     drivers_msp432e4.aem4f : UARTMSP432E4.oem4f (.text:UARTMSP432E4_hwiIntFxn)
                  0001b048    00000050                            : ADCBufMSP432E4.oem4f (.text:getPowerResourceId)
                  0001b098    00000050     sysbios.aem4f : BIOS.obj (.text:ti_sysbios_family_arm_m3_Hwi_Module_startup__E)
                  0001b0e8    00000050                   : BIOS.obj (.text:ti_sysbios_knl_Clock_Instance_init__E)
                  0001b138    00000050     release_pem4f.oem4f (.text:ti_sysbios_knl_Task_create)
                  0001b188    0000004e     msp432e4_driverlib.a : emac.o (.text:EMACPHYWrite)
                  0001b1d6    0000004e     stk.aem4f : node.oem4f (.text:NodeDeRef)
                  0001b224    0000004e     drivers_msp432e4.aem4f : TimerMSP432E4.oem4f (.text:TimerMSP432E4_stop)
                  0001b272    0000004e     stk.aem4f : file.oem4f (.text:fdint_lockfd)
                  0001b2c0    0000004e     drivers_msp432e4.aem4f : TimerMSP432E4.oem4f (.text:initHw)
                  0001b30e    0000004e     os.aem4f : mem.oem4f (.text:mmCopy)
                  0001b35c    0000004c     msp432e4_driverlib.a : emac.o (.text:EMACPHYRead)
                  0001b3a8    0000004c     nettool_ipv4.aem4f : ipaddr.oem4f (.text:NtAddNetwork)
                  0001b3f4    0000004c     slnetsock_release.a : slnetsock.oem4f (.text:SlNetSock_freeVirtualSocket)
                  0001b440    0000004c     stk.aem4f : sockint.oem4f (.text:SockValidateRoute)
                  0001b48c    0000004c               : timer.oem4f (.text:TimerListInsert)
                  0001b4d8    0000004c     drivers_msp432e4.aem4f : TimerMSP432E4.oem4f (.text:TimerMSP432E4_freeTimerResource)
                  0001b524    0000004c                            : UARTMSP432E4.oem4f (.text:UARTMSP432E4_writePolling)
                  0001b570    0000004c     rtsv7M4_T_le_v4SPD16_eabi.lib : fflush.c.obj (.text:__TI_doflush)
                  0001b5bc    0000004c                                   : atoi.c.obj (.text:atoi)
                  0001b608    0000004c                                   : cpy_tbl.c.obj (.text:copy_in)
                  0001b654    0000004c     os.aem4f : mem.oem4f (.text:mmZeroInit)
                  0001b6a0    0000004c     drivers_msp432e4.aem4f : UARTMSP432E4.oem4f (.text:ringBufGet)
                  0001b6ec    0000004c     rtsv7M4_T_le_v4SPD16_eabi.lib : snprintf.c.obj (.text:snprintf)
                  0001b738    0000004c     ti_ndk_config.obj (.text:ti_ndk_config_ip_init)
                  0001b784    00000004     stk.aem4f : rawethsock.oem4f (.text:RawEthSockGetCtx)
                  0001b788    0000004c     sysbios.aem4f : BIOS.obj (.text:ti_sysbios_heaps_HeapMem_getStats__E)
                  0001b7d4    00000004     stk.aem4f : rawethsock_prot.oem4f (.text:RawEthSockPrAttach)
                  0001b7d8    0000004c     sysbios.aem4f : BIOS.obj (.text:ti_sysbios_knl_Swi_runLoop__I)
                  0001b824    00000004     stk.aem4f : rawethsock_prot.oem4f (.text:RawEthSockPrDetach)
                  0001b828    0000004c     sysbios.aem4f : BIOS.obj (.text:ti_sysbios_knl_Task_allBlockedFunction__I)
                  0001b874    00000004     drivers_msp432e4.aem4f : SPIMSP432E4DMA.oem4f (.text:SPIMSP432E4DMA_init)
                  0001b878    0000004c     sysbios.aem4f : BIOS.obj (.text:ti_sysbios_knl_Task_schedule__I)
                  0001b8c4    0000004c     msp432e4_driverlib.a : udma.o (.text:uDMAChannelAssign)
                  0001b910    0000004c                          : udma.o (.text:uDMAChannelModeGet)
                  0001b95c    0000004a     drivers_msp432e4.aem4f : ADCBufMSP432E4.oem4f (.text:ADCBufMSP432E4_convert)
                  0001b9a6    0000004a     netctrl_min_ipv4.aem4f : netsrv.oem4f (.text:ServiceKill)
                  0001b9f0    0000004a     stk.aem4f : sock.oem4f (.text:SockDisconnect)
                  0001ba3a    00000002     --HOLE-- [fill = 0]
                  0001ba3c    0000004a               : timer.oem4f (.text:TimerNew)
                  0001ba86    0000004a     nettool_ipv4.aem4f : config.oem4f (.text:_CfgEntryScan)
                  0001bad0    00000048                        : config.oem4f (.text:CfgNew)
                  0001bb18    00000048     stk.aem4f : lli.oem4f (.text:LLIMsg)
                  0001bb60    00000048               : node.oem4f (.text:NodeWalk)
                  0001bba8    00000048               : rawethsock_pcb.oem4f (.text:RawEthSockPcbDetach)
                  0001bbf0    00000048     slnetsock_release.a : slnetsock.oem4f (.text:SlNetSock_init)
                  0001bc38    00000048     stk.aem4f : sockpcb.oem4f (.text:SockPcbResolveChain)
                  0001bc80    00000048               : tcpprot.oem4f (.text:TcpDrop)
                  0001bcc8    00000048     drivers_msp432e4.aem4f : UARTMSP432E4.oem4f (.text:UARTMSP432E4_writeCancel)
                  0001bd10    00000048     stk.aem4f : lli.oem4f (.text:_LLIExpListInsert)
                  0001bd58    00000048               : rtable.oem4f (.text:_RtExpListInsert)
                  0001bda0    00000048     rtsv7M4_T_le_v4SPD16_eabi.lib : fd_toi_t2.asm.obj (.text)
                  0001bde8    00000048     ti_ndk_config.obj (.text:ti_ndk_config_Global_startupFxn)
                  0001be30    00000048     sysbios.aem4f : BIOS.obj (.text:ti_sysbios_family_arm_lm4_Timer_enableTimers__I)
                  0001be78    00000048                   : BIOS.obj (.text:ti_sysbios_family_arm_m3_Hwi_disableInterrupt__E)
                  0001bec0    00000048                   : BIOS.obj (.text:ti_sysbios_family_arm_m3_Hwi_enableInterrupt__E)
                  0001bf08    00000048                   : BIOS.obj (.text:ti_sysbios_knl_Mailbox_Module_startup__E)
                  0001bf50    00000048                   : BIOS.obj (.text:ti_sysbios_knl_Task_deleteTerminatedTasksFunc__I)
                  0001bf98    00000048                   : BIOS.obj (.text:xdc_runtime_Core_assignParams__I)
                  0001bfe0    00000046     nettool_ipv4.aem4f : ipaddr.oem4f (.text:NtIfIdx2Ip)
                  0001c026    00000046     stk.aem4f : rawethsock.oem4f (.text:RawEthSockSend)
                  0001c06c    00000046     drivers_msp432e4.aem4f : RingBuf.oem4f (.text:RingBuf_put)
                  0001c0b2    00000002     --HOLE-- [fill = 0]
                  0001c0b4    00000046     os.aem4f : semaphore.oem4f (.text:SemCreateBinary)
                  0001c0fa    00000046     stk.aem4f : tcpprot.oem4f (.text:TcpPrCtlError)
                  0001c140    00000046     drivers_msp432e4.aem4f : TimerMSP432E4.oem4f (.text:getPrescaler)
                  0001c186    00000002     --HOLE-- [fill = 0]
                  0001c188    00000044                            : ADCBuf.oem4f (.text:ADCBuf_init)
                  0001c1cc    00000044                            : ADC.oem4f (.text:ADC_init)
                  0001c210    00000044     nettool_ipv4.aem4f : dnspkt.oem4f (.text:DNSBuildRequest)
                  0001c254    00000044     msp432e4_driverlib.a : gpio.o (.text:GPIOPinConfigure)
                  0001c298    00000044     rtsv7M4_T_le_v4SPD16_eabi.lib : hostclose.c.obj (.text:HOSTclose)
                  0001c2dc    00000044                                   : hostunlink.c.obj (.text:HOSTunlink)
                  0001c320    00000044     stk.aem4f : icmp.oem4f (.text:ICMPChecksum)
                  0001c364    00000044               : ipfrag.oem4f (.text:IPReasmFree)
                  0001c3a8    00000044               : lli.oem4f (.text:LLIGetValidTime)
                  0001c3ec    00000044               : rtable.oem4f (.text:RouteMsg)
                  0001c430    00000044               : rtable.oem4f (.text:RtWalkEnd)
                  0001c474    00000044     drivers_msp432e4.aem4f : SPI.oem4f (.text:SPI_init)
                  0001c4b8    00000044     slnetsock_release.a : slnetutils.oem4f (.text:SlNetUtil_strTok)
                  0001c4fc    00000044     stk.aem4f : sock.oem4f (.text:SockIntAbort)
                  0001c540    00000044               : sockpcb.oem4f (.text:SockPcbDetach)
                  0001c584    00000044     msp432e4_driverlib.a : sysctl.o (.text:SysCtlPeripheralPresent)
                  0001c5c8    00000044                          : sysctl.o (.text:SysCtlPeripheralReady)
                  0001c60c    00000044     drivers_msp432e4.aem4f : Timer.oem4f (.text:Timer_init)
                  0001c650    00000044                            : UART.oem4f (.text:UART_init)
                  0001c694    00000044     rtsv7M4_T_le_v4SPD16_eabi.lib : getdevice.c.obj (.text:getdevice)
                  0001c6d8    00000044                                   : fd_tou_t2.asm.obj (.text)
                  0001c71c    00000044     ti_net_config.obj (.text:ti_net_SlNet_initConfig)
                  0001c760    00000044     sysbios.aem4f : BIOS.obj (.text:ti_sysbios_family_arm_lm4_Timer_isrStub__E)
                  0001c7a4    00000004     os.aem4f : semaphore.oem4f (.text:SemReset)
                  0001c7a8    00000044     sysbios.aem4f : BIOS.obj (.text:ti_sysbios_family_arm_m3_Hwi_getStackInfo__E)
                  0001c7ec    00000004     dpl_msp432e4.aem4f : SemaphoreP_tirtos.oem4f (.text:SemaphoreP_post)
                  0001c7f0    00000044     sysbios.aem4f : BIOS.obj (.text:ti_sysbios_knl_Mailbox_postInit__I)
                  0001c834    00000004     slnetsock_release.a : slnetif.oem4f (.text:SlNetIf_init)
                  0001c838    00000044     sysbios.aem4f : BIOS.obj (.text:ti_sysbios_knl_Swi_post__E)
                  0001c87c    00000004     slnetsock_release.a : slnetutils.oem4f (.text:SlNetUtil_init)
                  0001c880    00000044     sysbios.aem4f : BIOS.obj (.text:xdc_runtime_System_atexit__E)
                  0001c8c4    00000042     msp432e4_driverlib.a : adc.o (.text:ADCSequenceDataGet)
                  0001c906    00000042     stk.aem4f : socket.oem4f (.text:NDK_listen)
                  0001c948    00000042               : rawethsock.oem4f (.text:RawEthSockShutdown)
                  0001c98a    00000042               : tcpprot.oem4f (.text:TcpPrSendOOB)
                  0001c9cc    00000042               : fileuser.oem4f (.text:fdCloseSession)
                  0001ca0e    00000002     --HOLE-- [fill = 0]
                  0001ca10    00000040     drivers_msp432e4.aem4f : ADCBuf.oem4f (.text:ADCBuf_open)
                  0001ca50    00000040                            : ADC.oem4f (.text:ADC_open)
                  0001ca90    00000040     dpl_msp432e4.aem4f : ClockP_tirtos.oem4f (.text:ClockP_create)
                  0001cad0    00000040                        : HwiP_tirtos.oem4f (.text:HwiP_create)
                  0001cb10    00000040     stk.aem4f : lliin.oem4f (.text:LLIValidateRoute)
                  0001cb50    00000040               : pbm.oem4f (.text:PBM_copy)
                  0001cb90    00000040     drivers_msp432e4.aem4f : RingBuf.oem4f (.text:RingBuf_get)
                  0001cbd0    00000040                            : SPI.oem4f (.text:SPI_open)
                  0001cc10    00000040     os.aem4f : semaphore.oem4f (.text:SemCreate)
                  0001cc50    00000040     slnetsock_release.a : slnetsock.oem4f (.text:SlNetSock_bind)
                  0001cc90    00000040     stk.aem4f : sockpcb.oem4f (.text:SockPcbRtChange)
                  0001ccd0    00000040     msp432e4_driverlib.a : sysctl.o (.text:SysCtlPeripheralDisable)
                  0001cd10    00000040                          : sysctl.o (.text:SysCtlPeripheralEnable)
                  0001cd50    00000040                          : sysctl.o (.text:SysCtlPeripheralPowerOff)
                  0001cd90    00000040                          : sysctl.o (.text:SysCtlPeripheralPowerOn)
                  0001cdd0    00000040                          : sysctl.o (.text:SysCtlPeripheralSleepDisable)
                  0001ce10    00000040                          : sysctl.o (.text:SysCtlPeripheralSleepEnable)
                  0001ce50    00000040     stk.aem4f : tcpprot.oem4f (.text:TcpPrSend)
                  0001ce90    00000040     drivers_msp432e4.aem4f : Timer.oem4f (.text:Timer_open)
                  0001ced0    00000040                            : UARTMSP432E4.oem4f (.text:UARTMSP432E4_read)
                  0001cf10    00000040                            : UART.oem4f (.text:UART_open)
                  0001cf50    00000040                            : UDMAMSP432E4.oem4f (.text:UDMAMSP432E4_init)
                  0001cf90    00000040     commands.obj (.text:clearCMD)
                  0001cfd0    00000040     drivers_msp432e4.aem4f : SPIMSP432E4DMA.oem4f (.text:getPeripheralResetId)
                  0001d010    00000040     rtsv7M4_T_le_v4SPD16_eabi.lib : u_divt2.asm.obj (.text)
                  0001d050    00000040                                   : sprintf.c.obj (.text:sprintf)
                  0001d090    00000040     sysbios.aem4f : BIOS.obj (.text:ti_sysbios_family_arm_lm4_Timer_startup__E)
                  0001d0d0    00000040                   : BIOS.obj (.text:ti_sysbios_heaps_HeapMem_Instance_init__E)
                  0001d110    00000040     msp432e4_driverlib.a : udma.o (.text:uDMAInit)
                  0001d150    0000003e     nettool_ipv4.aem4f : dhcpmain.oem4f (.text:DHCPClose)
                  0001d18e    00000002     --HOLE-- [fill = 0]
                  0001d190    0000003e     stk.aem4f : nimu.oem4f (.text:NIMUAllocateName)
                  0001d1ce    0000003e     slnetsock_release.a : slnetsock.oem4f (.text:SlNetSock_close)
                  0001d20c    0000003e     stk.aem4f : tcpprot.oem4f (.text:TcpPrDisconnect)
                  0001d24a    0000003e     rtsv7M4_T_le_v4SPD16_eabi.lib : _printfi.c.obj (.text:_fcpy)
                  0001d288    0000003e     stk.aem4f : file.oem4f (.text:fdint_unlockfd)
                  0001d2c6    0000003c     nettool_ipv4.aem4f : config.oem4f (.text:CfgEntryGetData)
                  0001d302    00000002     --HOLE-- [fill = 0]
                  0001d304    0000003c     stk.aem4f : exec.oem4f (.text:ExecClose)
                  0001d340    0000003c               : node.oem4f (.text:NodeUpdatePL)
                  0001d37c    0000003c               : rtable.oem4f (.text:RtWalkBegin)
                  0001d3b8    0000003c     callbacks.obj (.text:SWIADC)
                  0001d3f4    0000003c     dpl_msp432e4.aem4f : SemaphoreP_tirtos.oem4f (.text:SemaphoreP_create)
                  0001d430    0000003c     stk.aem4f : tcpprot.oem4f (.text:TcpPrConnect)
                  0001d46c    0000003c               : tcptime.oem4f (.text:TcpSetPersist)
                  0001d4a8    0000003c               : rtc.oem4f (.text:_RTCSendRtAdv)
                  0001d4e4    0000003c               : rtable.oem4f (.text:_RtNodeRemove)
                  0001d520    0000003c     hal_timer.aem4f : lltimer.oem4f (.text:_llTimerInit)
                  0001d55c    00000004     stk.aem4f : sock.oem4f (.text:SockGetCtx)
                  0001d560    0000003c     sysbios.aem4f : BIOS.obj (.text:ti_sysbios_family_arm_m3_Hwi_Instance_finalize__E)
                  0001d59c    0000003c     release_pem4f.oem4f (.text:ti_sysbios_knl_Clock_create)
                  0001d5d8    0000003c     sysbios.aem4f : BIOS.obj (.text:ti_sysbios_knl_Swi_restore__E)
                  0001d614    00000004     os.aem4f : task.oem4f (.text:TaskSelf)
                  0001d618    0000003c     sysbios.aem4f : BIOS.obj (.text:timer_delete)
                  0001d654    0000003c     msp432e4_driverlib.a : udma.o (.text:uDMAChannelControlSet)
                  0001d690    0000003c     sysbios.aem4f : BIOS.obj (.text:xdc_runtime_System_processAtExit__E)
                  0001d6cc    0000003a     stk.aem4f : ip.oem4f (.text:IPChecksum)
                  0001d706    00000002     --HOLE-- [fill = 0]
                  0001d708    00000038               : ipfrag.oem4f (.text:IPReasmTimeout)
                  0001d740    00000038               : node.oem4f (.text:NodeGetRt)
                  0001d778    00000038     commands.obj (.text:PrintCMD)
                  0001d7b0    00000038     stk.aem4f : sb.oem4f (.text:SBSetMax)
                  0001d7e8    00000038     slnetsock_release.a : slnetif.oem4f (.text:SlNetIf_configCheck)
                  0001d820    00000038                         : slnetutils.oem4f (.text:SlNetUtil_htonl)
                  0001d858    00000038     stk.aem4f : tcpprot.oem4f (.text:TcpClose)
                  0001d890    00000038               : timer.oem4f (.text:TimerHSTick)
                  0001d8c8    00000038     drivers_msp432e4.aem4f : TimerMSP432E4.oem4f (.text:TimerMSP432E4_hwiIntFunction)
                  0001d900    00000038     commands.obj (.text:UartCMD)
                  0001d938    00000038     rtsv7M4_T_le_v4SPD16_eabi.lib : trgmsg.c.obj (.text:__TI_writemsg)
                  0001d970    00000038     nettool_ipv4.aem4f : dhcptags.oem4f (.text:dhcpOptionsClear)
                  0001d9a8    00000038     stk.aem4f : file.oem4f (.text:fdint_waitevent)
                  0001d9e0    00000038     rtsv7M4_T_le_v4SPD16_eabi.lib : fs_tod_t2.asm.obj (.text)
                  0001da18    00000038     sysbios.aem4f : BIOS.obj (.text:ti_sysbios_knl_Task_processVitalTaskFlag__I)
                  0001da50    00000036     drivers_msp432e4.aem4f : ADCBufMSP432E4.oem4f (.text:ADCBufMSP432E4_convertAdjustedToMicroVolts)
                  0001da86    00000036     msp432e4_driverlib.a : timer.o (.text:TimerControlStall)
                  0001dabc    00000036     drivers_msp432e4.aem4f : UARTMSP432E4.oem4f (.text:UARTMSP432E4_readCancel)
                  0001daf2    00000036     rtsv7M4_T_le_v4SPD16_eabi.lib : strncpy.c.obj (.text:strncpy)
                  0001db28    00000034     nettool_ipv4.aem4f : config.oem4f (.text:CfgSetService)
                  0001db5c    00000034     drivers_msp432e4.aem4f : EMACMSP432E4.oem4f (.text:EMACMSP432E4_emacPoll)
                  0001db90    00000034     stk.aem4f : nimu.oem4f (.text:NIMUFindByName)
                  0001dbc4    00000034               : rawethsock.oem4f (.text:RawEthSockClose)
                  0001dbf8    00000034               : rawethsock.oem4f (.text:RawEthSockNotify)
                  0001dc2c    00000034     slnetsock_release.a : slnetutils.oem4f (.text:SlNetUtil_htons)
                  0001dc60    00000034     stk.aem4f : sockprot.oem4f (.text:SockPrCtlError)
                  0001dc94    00000034     drivers_msp432e4.aem4f : TimerMSP432E4.oem4f (.text:TimerMSP432E4_close)
                  0001dcc8    00000034     rtsv7M4_T_le_v4SPD16_eabi.lib : fopen.c.obj (.text:__TI_cleanup)
                  0001dcfc    00000034                                   : trgmsg.c.obj (.text:__TI_readmsg)
                  0001dd30    00000034     sysbios.aem4f : BIOS.obj (.text:_pthread_delete$44)
                  0001dd64    00000034     slnetifndk_msp432e4.aem4f : slnetifndk.oem4f (.text:addSktToTable)
                  0001dd98    00000034     nettool_ipv4.aem4f : dhcpbild.oem4f (.text:dhcpBuildDiscover)
                  0001ddcc    00000034     drivers_msp432e4.aem4f : SPIMSP432E4DMA.oem4f (.text:getPowerMgrId)
                  0001de00    00000034     os.aem4f : mem.oem4f (.text:mmUnInitPage)
                  0001de34    00000034              : ossys.oem4f (.text:stricmp)
                  0001de68    00000034     rtsv7M4_T_le_v4SPD16_eabi.lib : strstr.c.obj (.text:strstr)
                  0001de9c    00000034     release_pem4f.oem4f (.text:ti_sysbios_knl_Semaphore_create)
                  0001ded0    00000032     nettool_ipv4.aem4f : config.oem4f (.text:CfgGetImmediate)
                  0001df02    00000032     stk.aem4f : pipe.oem4f (.text:PipeCheck)
                  0001df34    00000032               : route.oem4f (.text:RtDeRef)
                  0001df66    00000032               : route.oem4f (.text:RtSetFailure)
                  0001df98    00000032               : sb.oem4f (.text:SBFlush)
                  0001dfca    00000032     nettool_ipv4.aem4f : config.oem4f (.text:_CfgAcquire)
                  0001dffc    00000032                        : dhcpsm.oem4f (.text:dhcpIPRemove)
                  0001e02e    00000002     --HOLE-- [fill = 0]
                  0001e030    00000032     sysbios.aem4f : BIOS.obj (.text:ti_sysbios_hal_Hwi_initStack)
                  0001e062    00000006     drivers_msp432e4.aem4f : ADCMSP432E4.oem4f (.text:ADCMSP432E4_control)
                  0001e068    00000032     sysbios.aem4f : BIOS.obj (.text:xdc_runtime_System_putchar__I)
                  0001e09a    00000002     --HOLE-- [fill = 0]
                  0001e09c    00000030     ti_drivers_config.obj (.text:Board_init)
                  0001e0cc    00000030     drivers_msp432e4.aem4f : EMACMSP432E4.oem4f (.text:EMACMSP432E4_isLinkUp)
                  0001e0fc    00000030                            : GPIOMSP432E4.oem4f (.text:GPIOMSP432E4_undoPinConfig)
                  0001e12c    00000030                            : GPIOMSP432E4.oem4f (.text:GPIO_enableInt)
                  0001e15c    00000030                            : GPIOMSP432E4.oem4f (.text:GPIO_read)
                  0001e18c    00000030     netctrl_min_ipv4.aem4f : netsrv.oem4f (.text:NS_PreBoot)
                  0001e1bc    00000030     slnetsock_release.a : slnetif.oem4f (.text:SlNetIf_getIDByName)
                  0001e1ec    00000030                         : slnetutils.oem4f (.text:SlNetUtil_gaiStrErr)
                  0001e21c    00000030     stk.aem4f : sock.oem4f (.text:SockBind)
                  0001e24c    00000030               : sock.oem4f (.text:SockGetName)
                  0001e27c    00000030               : sockpcb.oem4f (.text:SockPcbAttach)
                  0001e2ac    00000030     msp432e4_driverlib.a : uart.o (.text:UARTDisable)
                  0001e2dc    00000030     rtsv7M4_T_le_v4SPD16_eabi.lib : snprintf.c.obj (.text:_outs)
                  0001e30c    00000030     nettool_ipv4.aem4f : dhcpsock.oem4f (.text:dhcpPacketSend)
                  0001e33c    00000030     stk.aem4f : file.oem4f (.text:fdint_setevent)
                  0001e36c    00000030     rtsv7M4_T_le_v4SPD16_eabi.lib : getdevice.c.obj (.text:finddevice)
                  0001e39c    00000030     stk.aem4f : listlib.oem4f (.text:list_remove_node)
                  0001e3cc    00000030     release_pem4f.oem4f (.text:ti_sysbios_BIOS_atExitFunc__I)
                  0001e3fc    00000030     release_pem4f.oem4f (.text:ti_sysbios_BIOS_startFunc__I)
                  0001e42c    00000004     os.aem4f : task.oem4f (.text:TaskSetPri)
                  0001e430    00000030     sysbios.aem4f : BIOS.obj (.text:ti_sysbios_family_arm_lm4_Timer_stop__E)
                  0001e460    00000030                   : BIOS.obj (.text:ti_sysbios_family_arm_m3_TaskSupport_start__E)
                  0001e490    00000030     release_pem4f.oem4f (.text:ti_sysbios_gates_GateHwi_Object__create__S)
                  0001e4c0    00000030     release_pem4f.oem4f (.text:ti_sysbios_gates_GateMutex_Object__create__S)
                  0001e4f0    00000030     sysbios.aem4f : BIOS.obj (.text:ti_sysbios_gates_GateMutex_enter__E)
                  0001e520    00000030     release_pem4f.oem4f (.text:ti_sysbios_gates_GateSwi_Object__create__S)
                  0001e550    00000030     release_pem4f.oem4f (.text:ti_sysbios_heaps_HeapMem_Object__create__S)
                  0001e580    00000030     release_pem4f.oem4f (.text:ti_sysbios_knl_Clock_construct)
                  0001e5b0    00000030     release_pem4f.oem4f (.text:ti_sysbios_knl_Semaphore_construct)
                  0001e5e0    00000030     sysbios.aem4f : BIOS.obj (.text:ti_sysbios_knl_Semaphore_pendTimeout__I)
                  0001e610    00000030                   : BIOS.obj (.text:ti_sysbios_knl_Task_restore__E)
                  0001e640    00000030                   : BIOS.obj (.text:ti_sysbios_knl_Task_unblockI__E)
                  0001e670    0000002e     drivers_msp432e4.aem4f : EMACMSP432E4.oem4f (.text:EMACMSP432E4_emacioctl)
                  0001e69e    0000002e     stk.aem4f : sb.oem4f (.text:SBFree)
                  0001e6cc    0000002e     rtsv7M4_T_le_v4SPD16_eabi.lib : i_tofd_t2.asm.obj (.text)
                  0001e6fa    0000002e     release_pem4f.oem4f (.text:ti_sysbios_rts_MemAlloc_alloc)
                  0001e728    0000002c     stk.aem4f : file.oem4f (.text:FdSignalEvent)
                  0001e754    0000002c               : igmp.oem4f (.text:IGMPTestGroup)
                  0001e780    0000002c     os.aem4f : NDK_SemaphoreP_tirtos.oem4f (.text:NDK_SemaphoreP_createBinary)
                  0001e7ac    0000002c     stk.aem4f : nimu.oem4f (.text:NIMUPacketServiceCheck)
                  0001e7d8    0000002c               : pipe.oem4f (.text:PipeClose)
                  0001e804    0000002c     dpl_msp432e4.aem4f : SemaphoreP_tirtos.oem4f (.text:SemaphoreP_createBinary)
                  0001e830    0000002c     msp432e4_driverlib.a : sysctl.o (.text:SysCtlPeripheralClockGating)
                  0001e85c    0000002c     stk.aem4f : lli.oem4f (.text:_LLIExpListRemove)
                  0001e888    0000002c               : lli.oem4f (.text:_LLITimeoutFlush)
                  0001e8b4    0000002c               : rtable.oem4f (.text:_RtExpListRemove)
                  0001e8e0    0000002c     sysbios.aem4f : BIOS.obj (.text:_pthread_cleanupFxn)
                  0001e90c    00000004     hal_ser_stub.aem4f : llserstb.oem4f (.text:_llSerialInit)
                  0001e910    0000002c     sysbios.aem4f : BIOS.obj (.text:clockFxn$42)
                  0001e93c    0000002c     slnetsock_release.a : slnetutils.oem4f (.text:mergeLists)
                  0001e968    0000002c     udpEcho.obj (.text:select)
                  0001e994    0000002c     rtsv7M4_T_le_v4SPD16_eabi.lib : strncmp.c.obj (.text:strncmp)
                  0001e9c0    0000002c     release_pem4f.oem4f (.text:ti_sysbios_gates_GateHwi_Handle__label__S)
                  0001e9ec    0000002c     release_pem4f.oem4f (.text:ti_sysbios_gates_GateMutex_Handle__label__S)
                  0001ea18    0000002c     release_pem4f.oem4f (.text:ti_sysbios_gates_GateSwi_Handle__label__S)
                  0001ea44    0000002c     release_pem4f.oem4f (.text:ti_sysbios_heaps_HeapMem_Handle__label__S)
                  0001ea70    0000002c     release_pem4f.oem4f (.text:ti_sysbios_knl_Clock_doTick__I)
                  0001ea9c    00000004     rtsv7M4_T_le_v4SPD16_eabi.lib : exit.c.obj (.text:abort:abort)
                  0001eaa0    0000002c     sysbios.aem4f : BIOS.obj (.text:ti_sysbios_knl_Clock_getTimeout__E)
                  0001eacc    0000002c     release_pem4f.oem4f (.text:ti_sysbios_knl_Queue_construct)
                  0001eaf8    0000002c     rtsv7M4_T_le_v4SPD16_eabi.lib : unlink.c.obj (.text:unlink)
                  0001eb24    0000002a     stk.aem4f : pbm.oem4f (.text:PBMQ_deq)
                  0001eb4e    0000002a     netctrl_min_ipv4.aem4f : netsrv.oem4f (.text:ServiceCallback)
                  0001eb78    0000002a     slnetsock_release.a : slnetutils.oem4f (.text:SlNetUtil_inetPton)
                  0001eba2    0000002a     stk.aem4f : tcpin.oem4f (.text:TcpEnterTimeWait)
                  0001ebcc    0000002a     msp432e4_driverlib.a : timer.o (.text:TimerLoadSet)
                  0001ebf6    0000002a                          : timer.o (.text:TimerPrescaleSet)
                  0001ec20    0000002a     nettool_ipv4.aem4f : config.oem4f (.text:_CfgRelease)
                  0001ec4a    0000002a     release_pem4f.oem4f (.text:calloc)
                  0001ec74    0000002a     ti_ndk_config.obj (.text:configUdp)
                  0001ec9e    0000002a     nettool_ipv4.aem4f : dhcpsock.oem4f (.text:dhcpPacketReceive)
                  0001ecc8    0000002a     sysbios.aem4f : BIOS.obj (.text:sem_init)
                  0001ecf2    00000002     --HOLE-- [fill = 0]
                  0001ecf4    00000028     msp432e4_driverlib.a : adc.o (.text:ADCProcessorTrigger)
                  0001ed1c    00000028     stk.aem4f : bind.oem4f (.text:BindFindByNet)
                  0001ed44    00000028     msp432e4_driverlib.a : flash.o (.text:FlashUserGet)
                  0001ed6c    00000028     stk.aem4f : lli.oem4f (.text:LLIFree)
                  0001ed94    00000028     netctrl_min_ipv4.aem4f : netctrl.oem4f (.text:NC_SystemClose)
                  0001edbc    00000028     stk.aem4f : socket.oem4f (.text:NDK_registerHook)
                  0001ede4    00000028               : nimu.oem4f (.text:NIMUCreatePacket)
                  0001ee0c    00000028               : nimu.oem4f (.text:NIMUPacketService)
                  0001ee34    00000028     slnetsock_release.a : slnetif.oem4f (.text:SlNetIf_getIfByID)
                  0001ee5c    00000028                         : slnetsock.oem4f (.text:SlNetSock_sdsClr)
                  0001ee84    00000028                         : slnetsock.oem4f (.text:SlNetSock_sdsIsSet)
                  0001eeac    00000028                         : slnetsock.oem4f (.text:SlNetSock_sdsSet)
                  0001eed4    00000028     stk.aem4f : timer.oem4f (.text:TimerListRemove)
                  0001eefc    00000028               : vlan.oem4f (.text:VLANInit)
                  0001ef24    00000028     rtsv7M4_T_le_v4SPD16_eabi.lib : lseek.c.obj (.text:lseek)
                  0001ef4c    00000028                                   : memmov.c.obj (.text:memmove)
                  0001ef74    00000028     slnetifndk_msp432e4.aem4f : slnetifndk.oem4f (.text:removeSktFromTable)
                  0001ef9c    00000028     drivers_msp432e4.aem4f : EMACMSP432E4.oem4f (.text:signalLinkChange)
                  0001efc4    00000028     sysbios.aem4f : m3_Hwi_asm.obj (.text:ti_sysbios_family_arm_m3_Hwi_excHandlerAsm__I)
                  0001efec    00000004     stk.aem4f : listlib.oem4f (.text:list_get_head)
                  0001eff0    00000028     sysbios.aem4f : BIOS.obj (.text:ti_sysbios_knl_Clock_addI__E)
[...]
00022360  CONFIG_GPIO_2_CONST                                             
00022361  CONFIG_GPIO_3_CONST                                             
00022362  CONFIG_GPIO_AMP_ON_CONST                                        
00022363  CONFIG_GPIO_MIC_CONST                                           
00022364  LSW_CONST                                                       
00022365  RSW_CONST                                                       
00022366  CONFIG_SPI_0_CONST                                              
00022367  SPI_count                                                       
00022368  CONFIG_TIMER_0_CONST                                            
00022369  CONFIG_TIMER_1_CONST                                            
0002236a  Timer_count                                                     
0002236b  CONFIG_UART_1_CONST                                             
0002236c  CONFIG_UART_0_CONST                                             
0002236d  UART_count                                                      
0002236e  ti_sysbios_knl_Task_Module__id__C                               
00022370  GPIOMSP432E4_config                                             
000223bc  xdc_runtime_Startup_firstFxns__A                                
000223cc  xdc_runtime_Startup_sfxnRts__A                                  
000223fc  ADCBuf_config                                                   
00022408  SPI_config                                                      
00022420  ti_sysbios_knl_Idle_funcList__A                                 
0002242c  udmaMSP432E4HWAttrs                                             
0002244c  ADC_defaultParams                                               
00022454  PowerMSP432E4_config                                            
0002245c  UDMAMSP432E4_config                                             
00022494  ti_sysbios_knl_Idle_funcList__C                                 
0002249c  ti_sysbios_knl_Task_hooks__C                                    
000224a4  xdc_runtime_Startup_firstFxns__C                                
000224ac  xdc_runtime_Startup_lastFxns__C                                 
000224c2  xdc_runtime_Memory_Module__id__C                                
000224d8  ti_sysbios_family_arm_lm4_Timer_enableFunc__C                   
000224dc  ti_sysbios_family_arm_lm4_Timer_numTimerDevices__C              
000224e0  ti_sysbios_family_arm_lm4_Timer_startupNeeded__C                
000224e4  ti_sysbios_family_arm_m3_Hwi_E_alreadyDefined__C                
000224e8  ti_sysbios_family_arm_m3_Hwi_E_badIntNum__C                     
000224ec  ti_sysbios_family_arm_m3_Hwi_NUM_INTERRUPTS__C                  
000224f0  ti_sysbios_family_arm_m3_Hwi_Object__count__C                   
000224f4  ti_sysbios_family_arm_m3_Hwi_ccr__C                             
000224f8  ti_sysbios_family_arm_m3_Hwi_excHandlerFunc__C                  
000224fc  ti_sysbios_family_arm_m3_Hwi_nullIsrFunc__C                     
00022500  ti_sysbios_family_arm_m3_Hwi_priGroup__C                        
00022504  ti_sysbios_family_arm_m3_TaskSupport_stackAlignment__C          
00022508  ti_sysbios_gates_GateMutex_Instance_State_sem__O                
0002250c  ti_sysbios_heaps_HeapMem_E_memory__C                            
00022510  ti_sysbios_heaps_HeapMem_Module__gateObj__C                     
00022514  ti_sysbios_heaps_HeapMem_Object__count__C                       
00022518  ti_sysbios_heaps_HeapMem_primaryHeapBaseAddr__C                 
0002251c  ti_sysbios_heaps_HeapMem_primaryHeapEndAddr__C                  
00022520  ti_sysbios_heaps_HeapMem_reqAlign__C                            
00022524  ti_sysbios_knl_Clock_Module_State_clockQ__O                     
00022528  ti_sysbios_knl_Clock_tickPeriod__C                              
0002252c  ti_sysbios_knl_Mailbox_Instance_State_freeQue__O                
00022530  ti_sysbios_knl_Mailbox_Object__count__C                         
00022534  ti_sysbios_knl_Mailbox_maxTypeAlign__C                          
00022538  ti_sysbios_knl_Semaphore_Instance_State_pendQ__O                
0002253c  ti_sysbios_knl_Swi_Object__count__C                             
00022540  ti_sysbios_knl_Task_E_deleteNotAllowed__C                       
00022544  ti_sysbios_knl_Task_Module_State_inactiveQ__O                   
00022548  ti_sysbios_knl_Task_Module_State_terminatedQ__O                 
0002254c  ti_sysbios_knl_Task_Object__count__C                            
00022550  ti_sysbios_knl_Task_Object__heap__C                             
00022554  ti_sysbios_knl_Task_allBlockedFunc__C                           
00022558  ti_sysbios_knl_Task_defaultStackHeap__C                         
0002255c  ti_sysbios_knl_Task_defaultStackSize__C                         
00022560  ti_sysbios_knl_Task_numConstructedTasks__C                      
00022564  xdc_runtime_Error_E_memory__C                                   
00022568  xdc_runtime_Error_policyFxn__C                                  
0002256c  xdc_runtime_IGateProvider_Interface__BASE__C                    
00022570  xdc_runtime_IHeap_Interface__BASE__C                            
00022574  xdc_runtime_IModule_Interface__BASE__C                          
00022578  xdc_runtime_Memory_defaultHeapInstance__C                       
0002257c  xdc_runtime_Startup_execImpl__C                                 
00022580  xdc_runtime_Startup_maxPasses__C                                
00022584  xdc_runtime_Startup_sfxnRts__C                                  
00022588  xdc_runtime_Startup_sfxnTab__C                                  
0002258c  xdc_runtime_SysCallback_abortFxn__C                             
00022590  xdc_runtime_SysCallback_exitFxn__C                              
00022594  xdc_runtime_SysCallback_putchFxn__C                             
00022598  xdc_runtime_SysCallback_readyFxn__C                             
0002259c  xdc_runtime_System_Module__gateObj__C                           
000225a0  xdc_runtime_System_abortFxn__C                                  
000225a4  xdc_runtime_System_exitFxn__C                                   
000225a8  xdc_runtime_System_extendFxn__C                                 
000225ac  xdc_runtime_System_maxAtexitHandlers__C                         
000225b0  __TI_static_base__                                              
000233d4  __TI_Handler_Table_Base                                         
000233e0  __TI_Handler_Table_Limit                                        
000233e8  __TI_CINIT_Base                                                 
000233f8  __TI_CINIT_Limit                                                
20000000  __start___llvm_prf_cnts                                         
20000000  __stop___llvm_prf_cnts                                          
20000000  ti_sysbios_family_arm_m3_Hwi_ramVectors                         
20000360  __primary_heap_start__                                          
20020360  __primary_heap_end__                                            
20020360  glo                                                             
2002e168  aboutCMD                                                        
2002e388  audioCMD                                                        
2002e5a8  callbackCMD                                                     
2002e7c8  clrCMD                                                          
2002e9e8  errorCMD                                                        
2002ec08  gpioCMD                                                         
2002ee28  helpCMD                                                         
2002f048  ifCMD                                                           
2002f268  memrCMD                                                         
2002f488  netCMD                                                          
2002f6a8  printCMD                                                        
2002f8c8  regCMD                                                          
2002fae8  remCMD                                                          
2002fd08  scriptCMD                                                       
2002ff28  sinCMD                                                          
20030148  strmCMD                                                         
20030368  tickerCMD                                                       
20030588  timerCMD                                                        
200307a8  uartCMD                                                         
200309c8  voiceCMD                                                        
20030be8  ti_sysbios_knl_Task_Object__table__V                            
20030d64  PowerMSP432E4_module                                            
20030ed0  ADCERR                                                          
20031018  BADCMD                                                          
20031160  BADGPIO                                                         
200312a8  BADMEM                                                          
200313f0  BADMTH                                                          
20031538  BFROVF                                                          
20031680  NETERR                                                          
200317c8  QUEOVF                                                          
20031910  SCRPTER                                                         
20031a58  StreamERR                                                       
20031ba0  VoiceERR                                                        
20031ce8  ti_sysbios_knl_Swi_Object__table__V                             
20031e08  CB0                                                             
20031f10  CB1                                                             
20032018  CB2                                                             
20032120  PIN0                                                            
20032224  PIN1                                                            
20032328  PIN2                                                            
2003242c  PIN3                                                            
20032530  PIN4                                                            
20032634  PIN5                                                            
20032738  PIN6                                                            
2003283c  PIN7                                                            
20032940  _ftable                                                         
20032a30  _ipcfg                                                          
20032b70  ti_sysbios_knl_Swi_Module_State_0_readyQ__A                     
20032bf0  ti_sysbios_knl_Task_Module_State_0_readyQ__A                    
20032c70  _device                                                         
20032ce8  SlNetIfConfigNDK                                                
20032d40  ti_sysbios_gates_GateMutex_Object__table__V                     
20032d94  _stream                                                         
20032e34  ti_sysbios_knl_Task_Module__state__V                            
20032ef8  ti_sysbios_family_arm_lm4_Timer_Module_State_0_device__A        
20032f38  ti_sysbios_family_arm_lm4_Timer_Object__table__V                
20032f78  ti_sysbios_knl_Semaphore_Object__table__V                       
20032fe8  ti_sysbios_family_arm_m3_Hwi_Module__state__V                   
20033078  ti_sysbios_knl_Clock_Module__state__V                           
200330a4  _oscfg                                                          
200330f0  ti_sysbios_BIOS_Module__state__V                                
20033114  gpioCallbackFunctions                                           
20033134  gpioPinConfigs                                                  
20033154  pstrMsgName                                                     
20033174  ti_sysbios_family_arm_lm4_Timer_Module_State_0_handles__A       
20033194  xdc_runtime_Error_IgnoreBlock                                   
200331d0  ti_ndk_config_Global_Id2Size                                    
200331ec  ti_sysbios_knl_Swi_Module__state__V                             
20033220  ti_sysbios_family_arm_m3_Hwi_Object__table__V                   
20033238  ti_sysbios_heaps_HeapMem_Object__table__V                       
200332a0  ti_sysbios_family_arm_lm4_Seconds_Module__state__V              
200332b4  adcBuf0MSP432E4Channels                                         
200332f4  __TI_ft_end                                                     
200332f8  __aeabi_stdin                                                   
200332fc  __aeabi_stdout                                                  
20033300  __aeabi_stderr                                                  
2003330c  _IGMPForceVersion1                                              
20033314  ti_sysbios_gates_GateSwi_Object__table__V                       
20033324  __TI_cleanup_ptr                                                
20033328  __TI_dtors_ptr                                                  
2003332c  __TI_enable_exit_profile_output                                 
20033330  NDK_createSockCtx                                               
20033334  NDK_closeSockCtx                                                
20033338  NDK_netStartError                                               
2003333c  ti_sysbios_family_arm_lm4_Timer_Module__state__V                
20033354  _lock                                                           
20033358  _unlock                                                         
2003335c  NIMUDeviceTable                                                 
2003338c  NDK_ICMPInErrors                                                
20033390  NDK_ICMPOutErrors                                               
20033394  _IPExecuting                                                    
200333b4  tcp_iss                                                         
200333b8  ptTimeFirst                                                     
200333c4  ti_ndk_socket_max_fd                                            
200333cc  ti_sysbios_family_arm_m3_Hwi_Module__root__V                    
200333d4  ti_sysbios_gates_GateHwi_Module__root__V                        
200333dc  ti_sysbios_gates_GateMutex_Module__root__V                      
200333e4  ti_sysbios_gates_GateSwi_Module__root__V                        
200333ec  ti_sysbios_heaps_HeapMem_Module__root__V                        
200333f4  ti_sysbios_knl_Clock_Module__root__V                            
200333fc  ti_sysbios_knl_Queue_Module__root__V                            
20033404  ti_sysbios_knl_Semaphore_Module__root__V                        
2003340c  ti_sysbios_knl_Task_Module__root__V                             
20033414  xdc_runtime_Startup_Module__state__V                            
2003341c  xdc_runtime_System_Module_State_0_atexitHandlers__A             
20033424  xdc_runtime_System_Module__state__V                             
20033450  main_func_sp                                                    
20033460  _IPReasmPtr                                                     
20033474  ti_sysbios_family_arm_m3_Hwi_Module_State_0_excContext__A       
20033478  ti_sysbios_family_arm_m3_Hwi_Module_State_0_excStack__A         
2003347c  ti_sysbios_gates_GateHwi_Object__table__V                       
20033480  ti_sysbios_knl_Task_Module_State_0_idleTask__A                  
20033484  ti_sysbios_rts_ti_ReentSupport_Module__state__V                 
20033490  xdc_runtime_Memory_Module__state__V                             
20033494  ti_sysbios_family_arm_m3_Hwi_Module_State_0_excActive__A        
20033800  ti_ndk_config_Global_pit                                        
200338a8  ti_ndk_config_Global_pitBuffer                                  
200380a8  ti_ndk_config_Global_pBufMem                                    
2003bca8  ti_ndk_config_Global_pHdrMem                                    
2003c018  ti_sysbios_knl_Task_Instance_State_0_stack__A                   
2003c218  ti_sysbios_knl_Task_Instance_State_1_stack__A                   
2003c518  ti_sysbios_knl_Task_Instance_State_2_stack__A                   
2003cd18  ti_sysbios_knl_Task_Instance_State_3_stack__A                   
2003d718  ti_sysbios_knl_Task_Instance_State_4_stack__A                   
2003d918  __CIOBUF_                                                       
2003db38  uartMSP432E4Objects                                             
2003e000  ti_sysbios_family_arm_m3_Hwi_dispatchTable                      
2003e360  NDK_tcps                                                        
2003e4d0  __TI_tmpnams                                                    
2003e570  adcbufMSP432E4Objects                                           
2003e91c  NDK_ips                                                         
2003e984  timerMSP432E4Objects                                            
2003e9ec  nimu_mcb                                                        
2003ea50  NDK_ICMPIn                                                      
2003ea9c  NDK_ICMPOut                                                     
2003eae8  spiMSP432E4DMAObjects                                           
2003eb6c  biosblock                                                       
2003ebc8  ti_ndk_socket_fdtable                                           
2003ebf0  vlan_mcb                                                        
2003ec18  NDK_udps                                                        
2003ed28  stkEvent                                                        
2003ed74  NDK_raweths                                                     
2003ed84  NDK_raws                                                        
2003ed94  PBMQ_free                                                       
2003eda0  tpseudo                                                         
2003edac  upseudo                                                         
2003edc8  parmbuf                                                         
2003edd0  ti_sysbios_knl_Task_Instance_State_0_hookEnv__A                 
2003edd8  ti_sysbios_knl_Task_Instance_State_1_hookEnv__A                 
2003ede0  ti_sysbios_knl_Task_Instance_State_2_hookEnv__A                 
2003ede8  ti_sysbios_knl_Task_Instance_State_3_hookEnv__A                 
2003edf0  ti_sysbios_knl_Task_Instance_State_4_hookEnv__A                 
2003edf8  udmaMSP432E4Object                                              
2003ee10  ADCMSP432E4Objects                                              
2003ee14  _IGMPInDiscard                                                  
2003ee18  _IGMPInQuery                                                    
2003ee1c  _IGMPInQueryGroup                                               
2003ee20  _IGMPInResponse                                                 
2003ee24  _IGMPOutResponse                                                
2003ee28  raweth_pcb                                                      
2003fc00  __stack                                                         
20040000  __STACK_END                                                     
e000e000  ti_sysbios_family_arm_m3_Hwi_nvic                               
ffffffff  __TI_pprof_out_hndl                                             
ffffffff  __TI_prof_data_size                                             
ffffffff  __TI_prof_data_start                                            
ffffffff  __binit__                                                       
ffffffff  __c_args__                                                      
ffffffff  binit                                                           
UNDEFED   SHT$$INIT_ARRAY$$Base                                           
UNDEFED   SHT$$INIT_ARRAY$$Limit                                          

[1419 symbols]
